Replace Part C1 0805B105K500NT in D:\Abdullah\projects\LED Dice\circuits\LED Dice v1\LED Dice.SchDoc with 0805B105K500NT from Cap 0805 MLCC.IntLib
Replace Part C2 0805B105K500NT in D:\Abdullah\projects\LED Dice\circuits\LED Dice v1\LED Dice.SchDoc with 0805B105K500NT from Cap 0805 MLCC.IntLib
Replace Part C3 CL31A106KPHNNNE in D:\Abdullah\projects\LED Dice\circuits\LED Dice v1\LED Dice.SchDoc with CL31A106KPHNNNE from CL31A106KPHNNNE.IntLib
Replace Part C4 CL10B104KB8NNNC in D:\Abdullah\projects\LED Dice\circuits\LED Dice v1\LED Dice.SchDoc with CL10B104KB8NNNC from Cap 0603 MLCC.IntLib
Replace Part C5 CL31A106KPHNNNE in D:\Abdullah\projects\LED Dice\circuits\LED Dice v1\LED Dice.SchDoc with CL31A106KPHNNNE from CL31A106KPHNNNE.IntLib
Replace Part C6 CL10B104KB8NNNC in D:\Abdullah\projects\LED Dice\circuits\LED Dice v1\LED Dice.SchDoc with CL10B104KB8NNNC from Cap 0603 MLCC.IntLib
Replace Part C7 CL10B104KB8NNNC in D:\Abdullah\projects\LED Dice\circuits\LED Dice v1\LED Dice.SchDoc with CL10B104KB8NNNC from Cap 0603 MLCC.IntLib
Replace Part C8 GRM0335C1E8R0CA01D in D:\Abdullah\projects\LED Dice\circuits\LED Dice v1\LED Dice.SchDoc with GRM0335C1E8R0CA01D from Cap 0603 MLCC.IntLib
Replace Part C9 CL10B104KB8NNNC in D:\Abdullah\projects\LED Dice\circuits\LED Dice v1\LED Dice.SchDoc with CL10B104KB8NNNC from Cap 0603 MLCC.IntLib
Replace Part D1 LTST-C171KRKT in D:\Abdullah\projects\LED Dice\circuits\LED Dice v1\LED Dice.SchDoc with LTST-C171KRKT from LTST-C171KRKT.IntLib
Replace Part D2 LTST-C171KRKT in D:\Abdullah\projects\LED Dice\circuits\LED Dice v1\LED Dice.SchDoc with LTST-C171KRKT from LTST-C171KRKT.IntLib
Replace Part J1 10118194-0001LF in D:\Abdullah\projects\LED Dice\circuits\LED Dice v1\LED Dice.SchDoc with 10118194-0001LF from 10118194-0001LF.IntLib
Replace Part J2 826646-2 in D:\Abdullah\projects\LED Dice\circuits\LED Dice v1\LED Dice.SchDoc with 826646-2 from 826646-2.IntLib
Replace Part R1 0805W8F1001T5E in D:\Abdullah\projects\LED Dice\circuits\LED Dice v1\LED Dice.SchDoc with 0805W8F1001T5E from CRT0805-BW-1002ELF.IntLib
Replace Part R2 0805W8F1001T5E in D:\Abdullah\projects\LED Dice\circuits\LED Dice v1\LED Dice.SchDoc with 0805W8F1001T5E from CRT0805-BW-1002ELF.IntLib
Replace Part R3 0805W8F1002T5E in D:\Abdullah\projects\LED Dice\circuits\LED Dice v1\LED Dice.SchDoc with 0805W8F1002T5E from CRT0805-BW-1002ELF.IntLib
Replace Part R11 0805W8F1002T5E in D:\Abdullah\projects\LED Dice\circuits\LED Dice v1\LED Dice.SchDoc with 0805W8F1002T5E from CRT0805-BW-1002ELF.IntLib
Replace Part R12 0805W8F1002T5E in D:\Abdullah\projects\LED Dice\circuits\LED Dice v1\LED Dice.SchDoc with 0805W8F1002T5E from CRT0805-BW-1002ELF.IntLib
Replace Part S1 EG1215AA in D:\Abdullah\projects\LED Dice\circuits\LED Dice v1\LED Dice.SchDoc with EG1215AA from EG1215AA.IntLib
Replace Part U1 STM32F070F6P6 in D:\Abdullah\projects\LED Dice\circuits\LED Dice v1\LED Dice.SchDoc with STM32F070F6P6 from STM32F070F6P6.IntLib
Replace Part U2 PCA9535PW,112 in D:\Abdullah\projects\LED Dice\circuits\LED Dice v1\LED Dice.SchDoc with PCA9535PW,112 from PCA9535PW_112.IntLib
Replace Part U3 TLV74330PDBVR in D:\Abdullah\projects\LED Dice\circuits\LED Dice v1\LED Dice.SchDoc with TLV74330PDBVR from TLV74330PDBVR.IntLib
Replace Part U4 TTP223-BA6 in D:\Abdullah\projects\LED Dice\circuits\LED Dice v1\LED Dice.SchDoc with TTP223-BA6 from TTP223-BA6.IntLib
Replace Part U5 TP4057 in D:\Abdullah\projects\LED Dice\circuits\LED Dice v1\LED Dice.SchDoc with TP4057 from TP4057.IntLib
