Added Component: Designator=C1(CAPC2012X135N)
Added Component: Designator=C2(CAPC2012X135N)
Added Component: Designator=C3(CAPC3216X180N)
Add component (AddParameter): Name = "Availability"; Value = "Unavailable"; VariantName = "[No Variations]"
Add component (AddParameter): Name = "MF"; Value = ""; VariantName = "[No Variations]"
Add component (AddParameter): Name = "MP"; Value = "CL31A106KPHNNNE"; VariantName = "[No Variations]"
Add component (AddParameter): Name = "Package"; Value = "None"; VariantName = "[No Variations]"
Add component (AddParameter): Name = "Price"; Value = "None"; VariantName = "[No Variations]"
Add component (AddParameter): Name = "Value"; Value = ""; VariantName = "[No Variations]"
Added Component: Designator=C4(CAPC1608X90N)
Add component (AddParameter): Name = "Availability"; Value = "Unavailable"; VariantName = "[No Variations]"
Add component (AddParameter): Name = "MF"; Value = "Samsung Electro-Mechanics"; VariantName = "[No Variations]"
Add component (AddParameter): Name = "MP"; Value = "CL10B104KB8NNNC"; VariantName = "[No Variations]"
Add component (AddParameter): Name = "Package"; Value = "0603 Samsung"; VariantName = "[No Variations]"
Add component (AddParameter): Name = "Price"; Value = "None"; VariantName = "[No Variations]"
Add component (AddParameter): Name = "SnapEDA_Link"; Value = "https://www.snapeda.com/parts/CL10B104KB8NNNC/Samsung%20Electro-Mechanics/view-part/3598309/?ref=snap"; VariantName = "[No Variations]"
Add component (AddParameter): Name = "Value"; Value = ""; VariantName = "[No Variations]"
Added Component: Designator=C5(CAPC3216X180N)
Add component (AddParameter): Name = "Availability"; Value = "Unavailable"; VariantName = "[No Variations]"
Add component (AddParameter): Name = "MF"; Value = ""; VariantName = "[No Variations]"
Add component (AddParameter): Name = "MP"; Value = "CL31A106KPHNNNE"; VariantName = "[No Variations]"
Add component (AddParameter): Name = "Package"; Value = "None"; VariantName = "[No Variations]"
Add component (AddParameter): Name = "Price"; Value = "None"; VariantName = "[No Variations]"
Add component (AddParameter): Name = "Value"; Value = ""; VariantName = "[No Variations]"
Added Component: Designator=C6(CAPC1608X90N)
Add component (AddParameter): Name = "Availability"; Value = "Unavailable"; VariantName = "[No Variations]"
Add component (AddParameter): Name = "MF"; Value = "Samsung Electro-Mechanics"; VariantName = "[No Variations]"
Add component (AddParameter): Name = "MP"; Value = "CL10B104KB8NNNC"; VariantName = "[No Variations]"
Add component (AddParameter): Name = "Package"; Value = "0603 Samsung"; VariantName = "[No Variations]"
Add component (AddParameter): Name = "Price"; Value = "None"; VariantName = "[No Variations]"
Add component (AddParameter): Name = "SnapEDA_Link"; Value = "https://www.snapeda.com/parts/CL10B104KB8NNNC/Samsung%20Electro-Mechanics/view-part/3598309/?ref=snap"; VariantName = "[No Variations]"
Add component (AddParameter): Name = "Value"; Value = ""; VariantName = "[No Variations]"
Added Component: Designator=C7(CAPC1608X90N)
Add component (AddParameter): Name = "Availability"; Value = "Unavailable"; VariantName = "[No Variations]"
Add component (AddParameter): Name = "MF"; Value = "Samsung Electro-Mechanics"; VariantName = "[No Variations]"
Add component (AddParameter): Name = "MP"; Value = "CL10B104KB8NNNC"; VariantName = "[No Variations]"
Add component (AddParameter): Name = "Package"; Value = "0603 Samsung"; VariantName = "[No Variations]"
Add component (AddParameter): Name = "Price"; Value = "None"; VariantName = "[No Variations]"
Add component (AddParameter): Name = "SnapEDA_Link"; Value = "https://www.snapeda.com/parts/CL10B104KB8NNNC/Samsung%20Electro-Mechanics/view-part/3598309/?ref=snap"; VariantName = "[No Variations]"
Add component (AddParameter): Name = "Value"; Value = ""; VariantName = "[No Variations]"
Added Component: Designator=C8(CAPC1608X90N)
Add component (AddParameter): Name = "Availability"; Value = "Unavailable"; VariantName = "[No Variations]"
Add component (AddParameter): Name = "MF"; Value = ""; VariantName = "[No Variations]"
Add component (AddParameter): Name = "MP"; Value = "GRM0335C1E8R0CA01D"; VariantName = "[No Variations]"
Add component (AddParameter): Name = "Package"; Value = "None"; VariantName = "[No Variations]"
Add component (AddParameter): Name = "Price"; Value = "None"; VariantName = "[No Variations]"
Add component (AddParameter): Name = "Value"; Value = ""; VariantName = "[No Variations]"
Added Component: Designator=D1(DIOC200X125X110)
Add component (AddParameter): Name = "Availability"; Value = "Unavailable"; VariantName = "[No Variations]"
Add component (AddParameter): Name = "MF"; Value = "Lite-On Inc."; VariantName = "[No Variations]"
Add component (AddParameter): Name = "MP"; Value = "LTST-C171KRKT"; VariantName = "[No Variations]"
Add component (AddParameter): Name = "Package"; Value = "0805 Lite-On"; VariantName = "[No Variations]"
Add component (AddParameter): Name = "Price"; Value = "None"; VariantName = "[No Variations]"
Add component (AddParameter): Name = "SnapEDA_Link"; Value = "https://www.snapeda.com/parts/LTST-C171KRKT/Lite-On%20Inc./view-part/357775/?ref=snap"; VariantName = "[No Variations]"
Add component (AddParameter): Name = "Value"; Value = ""; VariantName = "[No Variations]"
Added Component: Designator=D2(DIOC200X125X110)
Add component (AddParameter): Name = "Availability"; Value = "Unavailable"; VariantName = "[No Variations]"
Add component (AddParameter): Name = "MF"; Value = "Lite-On Inc."; VariantName = "[No Variations]"
Add component (AddParameter): Name = "MP"; Value = "LTST-C171KRKT"; VariantName = "[No Variations]"
Add component (AddParameter): Name = "Package"; Value = "0805 Lite-On"; VariantName = "[No Variations]"
Add component (AddParameter): Name = "Price"; Value = "None"; VariantName = "[No Variations]"
Add component (AddParameter): Name = "SnapEDA_Link"; Value = "https://www.snapeda.com/parts/LTST-C171KRKT/Lite-On%20Inc./view-part/357775/?ref=snap"; VariantName = "[No Variations]"
Add component (AddParameter): Name = "Value"; Value = ""; VariantName = "[No Variations]"
Added Component: Designator=D3_LED Matrix1(DIOC200X125X110)
Add component (AddParameter): Name = "Availability"; Value = "Unavailable"; VariantName = "[No Variations]"
Add component (AddParameter): Name = "MF"; Value = "Lite-On Inc."; VariantName = "[No Variations]"
Add component (AddParameter): Name = "MP"; Value = "LTST-C171KRKT"; VariantName = "[No Variations]"
Add component (AddParameter): Name = "Package"; Value = "0805 Lite-On"; VariantName = "[No Variations]"
Add component (AddParameter): Name = "Price"; Value = "None"; VariantName = "[No Variations]"
Add component (AddParameter): Name = "SnapEDA_Link"; Value = "https://www.snapeda.com/parts/LTST-C171KRKT/Lite-On%20Inc./view-part/357775/?ref=snap"; VariantName = "[No Variations]"
Add component (AddParameter): Name = "Value"; Value = ""; VariantName = "[No Variations]"
Added Component: Designator=D3_LED Matrix2(DIOC200X125X110)
Add component (AddParameter): Name = "Availability"; Value = "Unavailable"; VariantName = "[No Variations]"
Add component (AddParameter): Name = "MF"; Value = "Lite-On Inc."; VariantName = "[No Variations]"
Add component (AddParameter): Name = "MP"; Value = "LTST-C171KRKT"; VariantName = "[No Variations]"
Add component (AddParameter): Name = "Package"; Value = "0805 Lite-On"; VariantName = "[No Variations]"
Add component (AddParameter): Name = "Price"; Value = "None"; VariantName = "[No Variations]"
Add component (AddParameter): Name = "SnapEDA_Link"; Value = "https://www.snapeda.com/parts/LTST-C171KRKT/Lite-On%20Inc./view-part/357775/?ref=snap"; VariantName = "[No Variations]"
Add component (AddParameter): Name = "Value"; Value = ""; VariantName = "[No Variations]"
Added Component: Designator=D4_LED Matrix1(DIOC200X125X110)
Add component (AddParameter): Name = "Availability"; Value = "Unavailable"; VariantName = "[No Variations]"
Add component (AddParameter): Name = "MF"; Value = "Lite-On Inc."; VariantName = "[No Variations]"
Add component (AddParameter): Name = "MP"; Value = "LTST-C171KRKT"; VariantName = "[No Variations]"
Add component (AddParameter): Name = "Package"; Value = "0805 Lite-On"; VariantName = "[No Variations]"
Add component (AddParameter): Name = "Price"; Value = "None"; VariantName = "[No Variations]"
Add component (AddParameter): Name = "SnapEDA_Link"; Value = "https://www.snapeda.com/parts/LTST-C171KRKT/Lite-On%20Inc./view-part/357775/?ref=snap"; VariantName = "[No Variations]"
Add component (AddParameter): Name = "Value"; Value = ""; VariantName = "[No Variations]"
Added Component: Designator=D4_LED Matrix2(DIOC200X125X110)
Add component (AddParameter): Name = "Availability"; Value = "Unavailable"; VariantName = "[No Variations]"
Add component (AddParameter): Name = "MF"; Value = "Lite-On Inc."; VariantName = "[No Variations]"
Add component (AddParameter): Name = "MP"; Value = "LTST-C171KRKT"; VariantName = "[No Variations]"
Add component (AddParameter): Name = "Package"; Value = "0805 Lite-On"; VariantName = "[No Variations]"
Add component (AddParameter): Name = "Price"; Value = "None"; VariantName = "[No Variations]"
Add component (AddParameter): Name = "SnapEDA_Link"; Value = "https://www.snapeda.com/parts/LTST-C171KRKT/Lite-On%20Inc./view-part/357775/?ref=snap"; VariantName = "[No Variations]"
Add component (AddParameter): Name = "Value"; Value = ""; VariantName = "[No Variations]"
Added Component: Designator=D5_LED Matrix1(DIOC200X125X110)
Add component (AddParameter): Name = "Availability"; Value = "Unavailable"; VariantName = "[No Variations]"
Add component (AddParameter): Name = "MF"; Value = "Lite-On Inc."; VariantName = "[No Variations]"
Add component (AddParameter): Name = "MP"; Value = "LTST-C171KRKT"; VariantName = "[No Variations]"
Add component (AddParameter): Name = "Package"; Value = "0805 Lite-On"; VariantName = "[No Variations]"
Add component (AddParameter): Name = "Price"; Value = "None"; VariantName = "[No Variations]"
Add component (AddParameter): Name = "SnapEDA_Link"; Value = "https://www.snapeda.com/parts/LTST-C171KRKT/Lite-On%20Inc./view-part/357775/?ref=snap"; VariantName = "[No Variations]"
Add component (AddParameter): Name = "Value"; Value = ""; VariantName = "[No Variations]"
Added Component: Designator=D5_LED Matrix2(DIOC200X125X110)
Add component (AddParameter): Name = "Availability"; Value = "Unavailable"; VariantName = "[No Variations]"
Add component (AddParameter): Name = "MF"; Value = "Lite-On Inc."; VariantName = "[No Variations]"
Add component (AddParameter): Name = "MP"; Value = "LTST-C171KRKT"; VariantName = "[No Variations]"
Add component (AddParameter): Name = "Package"; Value = "0805 Lite-On"; VariantName = "[No Variations]"
Add component (AddParameter): Name = "Price"; Value = "None"; VariantName = "[No Variations]"
Add component (AddParameter): Name = "SnapEDA_Link"; Value = "https://www.snapeda.com/parts/LTST-C171KRKT/Lite-On%20Inc./view-part/357775/?ref=snap"; VariantName = "[No Variations]"
Add component (AddParameter): Name = "Value"; Value = ""; VariantName = "[No Variations]"
Added Component: Designator=D6_LED Matrix1(DIOC200X125X110)
Add component (AddParameter): Name = "Availability"; Value = "Unavailable"; VariantName = "[No Variations]"
Add component (AddParameter): Name = "MF"; Value = "Lite-On Inc."; VariantName = "[No Variations]"
Add component (AddParameter): Name = "MP"; Value = "LTST-C171KRKT"; VariantName = "[No Variations]"
Add component (AddParameter): Name = "Package"; Value = "0805 Lite-On"; VariantName = "[No Variations]"
Add component (AddParameter): Name = "Price"; Value = "None"; VariantName = "[No Variations]"
Add component (AddParameter): Name = "SnapEDA_Link"; Value = "https://www.snapeda.com/parts/LTST-C171KRKT/Lite-On%20Inc./view-part/357775/?ref=snap"; VariantName = "[No Variations]"
Add component (AddParameter): Name = "Value"; Value = ""; VariantName = "[No Variations]"
Added Component: Designator=D6_LED Matrix2(DIOC200X125X110)
Add component (AddParameter): Name = "Availability"; Value = "Unavailable"; VariantName = "[No Variations]"
Add component (AddParameter): Name = "MF"; Value = "Lite-On Inc."; VariantName = "[No Variations]"
Add component (AddParameter): Name = "MP"; Value = "LTST-C171KRKT"; VariantName = "[No Variations]"
Add component (AddParameter): Name = "Package"; Value = "0805 Lite-On"; VariantName = "[No Variations]"
Add component (AddParameter): Name = "Price"; Value = "None"; VariantName = "[No Variations]"
Add component (AddParameter): Name = "SnapEDA_Link"; Value = "https://www.snapeda.com/parts/LTST-C171KRKT/Lite-On%20Inc./view-part/357775/?ref=snap"; VariantName = "[No Variations]"
Add component (AddParameter): Name = "Value"; Value = ""; VariantName = "[No Variations]"
Added Component: Designator=D7_LED Matrix1(DIOC200X125X110)
Add component (AddParameter): Name = "Availability"; Value = "Unavailable"; VariantName = "[No Variations]"
Add component (AddParameter): Name = "MF"; Value = "Lite-On Inc."; VariantName = "[No Variations]"
Add component (AddParameter): Name = "MP"; Value = "LTST-C171KRKT"; VariantName = "[No Variations]"
Add component (AddParameter): Name = "Package"; Value = "0805 Lite-On"; VariantName = "[No Variations]"
Add component (AddParameter): Name = "Price"; Value = "None"; VariantName = "[No Variations]"
Add component (AddParameter): Name = "SnapEDA_Link"; Value = "https://www.snapeda.com/parts/LTST-C171KRKT/Lite-On%20Inc./view-part/357775/?ref=snap"; VariantName = "[No Variations]"
Add component (AddParameter): Name = "Value"; Value = ""; VariantName = "[No Variations]"
Added Component: Designator=D7_LED Matrix2(DIOC200X125X110)
Add component (AddParameter): Name = "Availability"; Value = "Unavailable"; VariantName = "[No Variations]"
Add component (AddParameter): Name = "MF"; Value = "Lite-On Inc."; VariantName = "[No Variations]"
Add component (AddParameter): Name = "MP"; Value = "LTST-C171KRKT"; VariantName = "[No Variations]"
Add component (AddParameter): Name = "Package"; Value = "0805 Lite-On"; VariantName = "[No Variations]"
Add component (AddParameter): Name = "Price"; Value = "None"; VariantName = "[No Variations]"
Add component (AddParameter): Name = "SnapEDA_Link"; Value = "https://www.snapeda.com/parts/LTST-C171KRKT/Lite-On%20Inc./view-part/357775/?ref=snap"; VariantName = "[No Variations]"
Add component (AddParameter): Name = "Value"; Value = ""; VariantName = "[No Variations]"
Added Component: Designator=D8_LED Matrix1(DIOC200X125X110)
Add component (AddParameter): Name = "Availability"; Value = "Unavailable"; VariantName = "[No Variations]"
Add component (AddParameter): Name = "MF"; Value = "Lite-On Inc."; VariantName = "[No Variations]"
Add component (AddParameter): Name = "MP"; Value = "LTST-C171KRKT"; VariantName = "[No Variations]"
Add component (AddParameter): Name = "Package"; Value = "0805 Lite-On"; VariantName = "[No Variations]"
Add component (AddParameter): Name = "Price"; Value = "None"; VariantName = "[No Variations]"
Add component (AddParameter): Name = "SnapEDA_Link"; Value = "https://www.snapeda.com/parts/LTST-C171KRKT/Lite-On%20Inc./view-part/357775/?ref=snap"; VariantName = "[No Variations]"
Add component (AddParameter): Name = "Value"; Value = ""; VariantName = "[No Variations]"
Added Component: Designator=D8_LED Matrix2(DIOC200X125X110)
Add component (AddParameter): Name = "Availability"; Value = "Unavailable"; VariantName = "[No Variations]"
Add component (AddParameter): Name = "MF"; Value = "Lite-On Inc."; VariantName = "[No Variations]"
Add component (AddParameter): Name = "MP"; Value = "LTST-C171KRKT"; VariantName = "[No Variations]"
Add component (AddParameter): Name = "Package"; Value = "0805 Lite-On"; VariantName = "[No Variations]"
Add component (AddParameter): Name = "Price"; Value = "None"; VariantName = "[No Variations]"
Add component (AddParameter): Name = "SnapEDA_Link"; Value = "https://www.snapeda.com/parts/LTST-C171KRKT/Lite-On%20Inc./view-part/357775/?ref=snap"; VariantName = "[No Variations]"
Add component (AddParameter): Name = "Value"; Value = ""; VariantName = "[No Variations]"
Added Component: Designator=D9_LED Matrix1(DIOC200X125X110)
Add component (AddParameter): Name = "Availability"; Value = "Unavailable"; VariantName = "[No Variations]"
Add component (AddParameter): Name = "MF"; Value = "Lite-On Inc."; VariantName = "[No Variations]"
Add component (AddParameter): Name = "MP"; Value = "LTST-C171KRKT"; VariantName = "[No Variations]"
Add component (AddParameter): Name = "Package"; Value = "0805 Lite-On"; VariantName = "[No Variations]"
Add component (AddParameter): Name = "Price"; Value = "None"; VariantName = "[No Variations]"
Add component (AddParameter): Name = "SnapEDA_Link"; Value = "https://www.snapeda.com/parts/LTST-C171KRKT/Lite-On%20Inc./view-part/357775/?ref=snap"; VariantName = "[No Variations]"
Add component (AddParameter): Name = "Value"; Value = ""; VariantName = "[No Variations]"
Added Component: Designator=D9_LED Matrix2(DIOC200X125X110)
Add component (AddParameter): Name = "Availability"; Value = "Unavailable"; VariantName = "[No Variations]"
Add component (AddParameter): Name = "MF"; Value = "Lite-On Inc."; VariantName = "[No Variations]"
Add component (AddParameter): Name = "MP"; Value = "LTST-C171KRKT"; VariantName = "[No Variations]"
Add component (AddParameter): Name = "Package"; Value = "0805 Lite-On"; VariantName = "[No Variations]"
Add component (AddParameter): Name = "Price"; Value = "None"; VariantName = "[No Variations]"
Add component (AddParameter): Name = "SnapEDA_Link"; Value = "https://www.snapeda.com/parts/LTST-C171KRKT/Lite-On%20Inc./view-part/357775/?ref=snap"; VariantName = "[No Variations]"
Add component (AddParameter): Name = "Value"; Value = ""; VariantName = "[No Variations]"
Added Component: Designator=J1(AMPHENOL_10118194-0001LF)
Add component (AddParameter): Name = "Availability"; Value = "In Stock"; VariantName = "[No Variations]"
Add component (AddParameter): Name = "Check_prices"; Value = "https://www.snapeda.com/parts/10118194-0001LF/Amphenol+FCI/view-part/?ref=eda"; VariantName = "[No Variations]"
Add component (AddParameter): Name = "MF"; Value = "Amphenol ICC"; VariantName = "[No Variations]"
Add component (AddParameter): Name = "MP"; Value = "10118194-0001LF"; VariantName = "[No Variations]"
Add component (AddParameter): Name = "Package"; Value = "None"; VariantName = "[No Variations]"
Add component (AddParameter): Name = "Price"; Value = "None"; VariantName = "[No Variations]"
Add component (AddParameter): Name = "Purchase-URL"; Value = "https://pricing.snapeda.com/search/part/10118194-0001LF/?ref=eda"; VariantName = "[No Variations]"
Add component (AddParameter): Name = "SnapEDA_Link"; Value = "https://www.snapeda.com/parts/10118194-0001LF/Amphenol+FCI/view-part/?ref=snap"; VariantName = "[No Variations]"
Add component (AddParameter): Name = "Value"; Value = ""; VariantName = "[No Variations]"
Added Component: Designator=J2(TE_826646-2)
Add component (AddParameter): Name = "Availability"; Value = "Good"; VariantName = "[No Variations]"
Add component (AddParameter): Name = "Centerline_Pitch"; Value = "2.54 mm[.1 in]"; VariantName = "[No Variations]"
Add component (AddParameter): Name = "DigiKey-Purchase-URL"; Value = "https://snapeda.com/shop?store=DigiKey&id=470405"; VariantName = "[No Variations]"
Add component (AddParameter): Name = "EU_RoHS_Compliance"; Value = "Compliant"; VariantName = "[No Variations]"
Add component (AddParameter): Name = "MF"; Value = "TE Connectivity"; VariantName = "[No Variations]"
Add component (AddParameter): Name = "Mouser-Purchase-URL"; Value = "https://snapeda.com/shop?store=Mouser&id=470405"; VariantName = "[No Variations]"
Add component (AddParameter): Name = "MP"; Value = "826646-2"; VariantName = "[No Variations]"
Add component (AddParameter): Name = "Number_of_Positions"; Value = "2"; VariantName = "[No Variations]"
Add component (AddParameter): Name = "Package"; Value = "None"; VariantName = "[No Variations]"
Add component (AddParameter): Name = "Price"; Value = "None"; VariantName = "[No Variations]"
Add component (AddParameter): Name = "Product_Type"; Value = "Connector"; VariantName = "[No Variations]"
Add component (AddParameter): Name = "SnapEDA_Link"; Value = "https://www.snapeda.com/parts/826646-2/TE%20Connectivity%20AMP%20Connectors/view-part/470405/?ref=snap"; VariantName = "[No Variations]"
Add component (AddParameter): Name = "Value"; Value = ""; VariantName = "[No Variations]"
Added Component: Designator=R1(RESC2012X65N)
Add component (AddParameter): Name = "Supplier 1"; Value = "Mouser"; VariantName = "[No Variations]"
Add component (AddParameter): Name = "Supplier Part Number 1"; Value = "303-0805W8F1001T5E"; VariantName = "[No Variations]"
Added Component: Designator=R2(RESC2012X65N)
Add component (AddParameter): Name = "Supplier 1"; Value = "Mouser"; VariantName = "[No Variations]"
Add component (AddParameter): Name = "Supplier Part Number 1"; Value = "303-0805W8F1001T5E"; VariantName = "[No Variations]"
Added Component: Designator=R3(RESC2012X65N)
Added Component: Designator=R4_LED Matrix1(RESC2012X65N)
Added Component: Designator=R4_LED Matrix2(RESC2012X65N)
Added Component: Designator=R5_LED Matrix1(RESC2012X65N)
Added Component: Designator=R5_LED Matrix2(RESC2012X65N)
Added Component: Designator=R6_LED Matrix1(RESC2012X65N)
Added Component: Designator=R6_LED Matrix2(RESC2012X65N)
Added Component: Designator=R7_LED Matrix1(RESC2012X65N)
Added Component: Designator=R7_LED Matrix2(RESC2012X65N)
Added Component: Designator=R8_LED Matrix1(RESC2012X65N)
Added Component: Designator=R8_LED Matrix2(RESC2012X65N)
Added Component: Designator=R9_LED Matrix1(RESC2012X65N)
Added Component: Designator=R9_LED Matrix2(RESC2012X65N)
Added Component: Designator=R10_LED Matrix1(RESC2012X65N)
Added Component: Designator=R10_LED Matrix2(RESC2012X65N)
Added Component: Designator=S1(SW_EG1215AA)
Add component (AddParameter): Name = "Check_prices"; Value = "https://www.snapeda.com/parts/EG1215AA/E-Switch/view-part/?ref=eda"; VariantName = "[No Variations]"
Add component (AddParameter): Name = "Digi-Key_Part_Number"; Value = ""; VariantName = "[No Variations]"
Add component (AddParameter): Name = "MF"; Value = "E-Switch"; VariantName = "[No Variations]"
Add component (AddParameter): Name = "MP"; Value = "EG1215AA"; VariantName = "[No Variations]"
Add component (AddParameter): Name = "Package"; Value = "None"; VariantName = "[No Variations]"
Add component (AddParameter): Name = "Purchase-URL"; Value = "https://pricing.snapeda.com/search/part/EG1215AA/?ref=eda"; VariantName = "[No Variations]"
Add component (AddParameter): Name = "SnapEDA_Link"; Value = "https://www.snapeda.com/parts/EG1215AA/E-Switch/view-part/?ref=snap"; VariantName = "[No Variations]"
Add component (AddParameter): Name = "Value"; Value = ""; VariantName = "[No Variations]"
Added Component: Designator=U1(*TSSOP20)
Add component (AddParameter): Name = "Check_prices"; Value = "https://www.snapeda.com/parts/STM32G030F6P6/STMicroelectronics/view-part/?ref=eda"; VariantName = "[No Variations]"
Add component (AddParameter): Name = "MF"; Value = "STMicroelectronics"; VariantName = "[No Variations]"
Add component (AddParameter): Name = "MP"; Value = "STM32G030F6P6"; VariantName = "[No Variations]"
Add component (AddParameter): Name = "Package"; Value = "TSSOP-20 STMicroelectronics"; VariantName = "[No Variations]"
Add component (AddParameter): Name = "SnapEDA_Link"; Value = "https://www.snapeda.com/parts/STM32G030F6P6/STMicroelectronics/view-part/?ref=snap"; VariantName = "[No Variations]"
Add component (AddParameter): Name = "Value"; Value = ""; VariantName = "[No Variations]"
Added Component: Designator=U2(SOP65P640X110-24N)
Add component (AddParameter): Name = "Availability"; Value = "Unavailable"; VariantName = "[No Variations]"
Add component (AddParameter): Name = "MF"; Value = ""; VariantName = "[No Variations]"
Add component (AddParameter): Name = "MP"; Value = "PCA9535PW,112"; VariantName = "[No Variations]"
Add component (AddParameter): Name = "Package"; Value = "None"; VariantName = "[No Variations]"
Add component (AddParameter): Name = "Price"; Value = "None"; VariantName = "[No Variations]"
Add component (AddParameter): Name = "Value"; Value = ""; VariantName = "[No Variations]"
Added Component: Designator=U3(SOT95P280X145-5N)
Add component (AddParameter): Name = "Availability"; Value = "Warning"; VariantName = "[No Variations]"
Add component (AddParameter): Name = "Check_prices"; Value = "https://www.snapeda.com/parts/TLV74330PDBVR/Texas%20Instruments/view-part/2878367/?ref=eda"; VariantName = "[No Variations]"
Add component (AddParameter): Name = "MF"; Value = "Texas Instruments"; VariantName = "[No Variations]"
Add component (AddParameter): Name = "MP"; Value = "TLV74330PDBVR"; VariantName = "[No Variations]"
Add component (AddParameter): Name = "Package"; Value = "SOT-23-5 Texas Instruments"; VariantName = "[No Variations]"
Add component (AddParameter): Name = "Price"; Value = "None"; VariantName = "[No Variations]"
Add component (AddParameter): Name = "Purchase-URL"; Value = "https://pricing.snapeda.com/search/part/TLV74330PDBVR/?ref=eda"; VariantName = "[No Variations]"
Add component (AddParameter): Name = "SnapEDA_Link"; Value = "https://www.snapeda.com/parts/TLV74330PDBVR/Texas%20Instruments/view-part/2878367/?ref=snap"; VariantName = "[No Variations]"
Add component (AddParameter): Name = "Value"; Value = ""; VariantName = "[No Variations]"
Added Component: Designator=U4(SOT23-6)
Add component (AddParameter): Name = "Availability"; Value = "Not in stock"; VariantName = "[No Variations]"
Add component (AddParameter): Name = "Check_prices"; Value = "https://www.snapeda.com/parts/TTP223-BA6/TONTEK/view-part/?ref=eda"; VariantName = "[No Variations]"
Add component (AddParameter): Name = "MF"; Value = "tontek"; VariantName = "[No Variations]"
Add component (AddParameter): Name = "MP"; Value = "TTP223-BA6"; VariantName = "[No Variations]"
Add component (AddParameter): Name = "Package"; Value = "None"; VariantName = "[No Variations]"
Add component (AddParameter): Name = "Price"; Value = "None"; VariantName = "[No Variations]"
Add component (AddParameter): Name = "SnapEDA_Link"; Value = "https://www.snapeda.com/parts/TTP223-BA6/TONTEK/view-part/?ref=snap"; VariantName = "[No Variations]"
Add component (AddParameter): Name = "Value"; Value = ""; VariantName = "[No Variations]"
Added Component: Designator=U5(SOT23-6)
Add component (AddParameter): Name = "Availability"; Value = "Not in stock"; VariantName = "[No Variations]"
Add component (AddParameter): Name = "Check_prices"; Value = "https://www.snapeda.com/parts/TP4057/Top+Power/view-part/?ref=eda"; VariantName = "[No Variations]"
Add component (AddParameter): Name = "MF"; Value = "toppower"; VariantName = "[No Variations]"
Add component (AddParameter): Name = "MP"; Value = "TP4057"; VariantName = "[No Variations]"
Add component (AddParameter): Name = "Package"; Value = "None"; VariantName = "[No Variations]"
Add component (AddParameter): Name = "Price"; Value = "None"; VariantName = "[No Variations]"
Add component (AddParameter): Name = "SnapEDA_Link"; Value = "https://www.snapeda.com/parts/TP4057/Top+Power/view-part/?ref=snap"; VariantName = "[No Variations]"
Add component (AddParameter): Name = "Value"; Value = ""; VariantName = "[No Variations]"
Added Pin To Net: NetName=+5 Pin=C1-1
Added Pin To Net: NetName=GND Pin=C1-2
Added Pin To Net: NetName=+3.3V Pin=C2-1
Added Pin To Net: NetName=GND Pin=C2-2
Added Pin To Net: NetName=+5 Pin=C3-1
Added Pin To Net: NetName=GND Pin=C3-2
Added Pin To Net: NetName=GND Pin=C4-1
Added Pin To Net: NetName=+3.3V Pin=C4-2
Added Pin To Net: NetName=Batt+ Pin=C5-1
Added Pin To Net: NetName=GND Pin=C5-2
Added Pin To Net: NetName=GND Pin=C6-1
Added Pin To Net: NetName=+3.3V Pin=C6-2
Added Pin To Net: NetName=GND Pin=C7-1
Added Pin To Net: NetName=+3.3V Pin=C7-2
Added Pin To Net: NetName=GND Pin=C8-1
Added Pin To Net: NetName=NetC8_2 Pin=C8-2
Added Pin To Net: NetName=NetD1_NEG Pin=D1-NEG
Added Pin To Net: NetName=NetD1_POS Pin=D1-POS
Added Pin To Net: NetName=NetD2_NEG Pin=D2-NEG
Added Pin To Net: NetName=NetD2_POS Pin=D2-POS
Added Pin To Net: NetName=GND Pin=D3_LED Matrix1-NEG
Added Pin To Net: NetName=NetD3_LED Matrix1_POS Pin=D3_LED Matrix1-POS
Added Pin To Net: NetName=GND Pin=D3_LED Matrix2-NEG
Added Pin To Net: NetName=NetD3_LED Matrix2_POS Pin=D3_LED Matrix2-POS
Added Pin To Net: NetName=GND Pin=D4_LED Matrix1-NEG
Added Pin To Net: NetName=GND Pin=D4_LED Matrix2-NEG
Added Pin To Net: NetName=GND Pin=D5_LED Matrix1-NEG
Added Pin To Net: NetName=GND Pin=D5_LED Matrix2-NEG
Added Pin To Net: NetName=GND Pin=D6_LED Matrix1-NEG
Added Pin To Net: NetName=GND Pin=D6_LED Matrix2-NEG
Added Pin To Net: NetName=GND Pin=D7_LED Matrix1-NEG
Added Pin To Net: NetName=NetD7_LED Matrix1_POS Pin=D7_LED Matrix1-POS
Added Pin To Net: NetName=GND Pin=D7_LED Matrix2-NEG
Added Pin To Net: NetName=NetD7_LED Matrix2_POS Pin=D7_LED Matrix2-POS
Added Pin To Net: NetName=GND Pin=D8_LED Matrix1-NEG
Added Pin To Net: NetName=GND Pin=D8_LED Matrix2-NEG
Added Pin To Net: NetName=GND Pin=D9_LED Matrix1-NEG
Added Pin To Net: NetName=GND Pin=D9_LED Matrix2-NEG
Added Pin To Net: NetName=+5 Pin=J1-1
Added Pin To Net: NetName=GND Pin=J1-5
Added Pin To Net: NetName=GND Pin=J1-S1
Added Pin To Net: NetName=GND Pin=J1-S2
Added Pin To Net: NetName=GND Pin=J1-S3
Added Pin To Net: NetName=GND Pin=J1-S4
Added Pin To Net: NetName=GND Pin=J1-S5
Added Pin To Net: NetName=GND Pin=J1-S6
Added Pin To Net: NetName=Batt+ Pin=J2-1
Added Pin To Net: NetName=GND Pin=J2-2
Added Pin To Net: NetName=NetD1_POS Pin=R1-1
Added Pin To Net: NetName=+5 Pin=R1-2
Added Pin To Net: NetName=NetD2_POS Pin=R2-1
Added Pin To Net: NetName=+5 Pin=R2-2
Added Pin To Net: NetName=GND Pin=R3-1
Added Pin To Net: NetName=NetR3_2 Pin=R3-2
Added Pin To Net: NetName=NetR4_LED Matrix1_2 Pin=R4_LED Matrix1-2
Added Pin To Net: NetName=NetR4_LED Matrix2_2 Pin=R4_LED Matrix2-2
Added Pin To Net: NetName=NetR5_LED Matrix1_2 Pin=R5_LED Matrix1-2
Added Pin To Net: NetName=NetR5_LED Matrix2_2 Pin=R5_LED Matrix2-2
Added Pin To Net: NetName=NetR6_LED Matrix1_2 Pin=R6_LED Matrix1-2
Added Pin To Net: NetName=NetR6_LED Matrix2_2 Pin=R6_LED Matrix2-2
Added Pin To Net: NetName=NetD7_LED Matrix1_POS Pin=R7_LED Matrix1-1
Added Pin To Net: NetName=NetR7_LED Matrix1_2 Pin=R7_LED Matrix1-2
Added Pin To Net: NetName=NetD7_LED Matrix2_POS Pin=R7_LED Matrix2-1
Added Pin To Net: NetName=NetR7_LED Matrix2_2 Pin=R7_LED Matrix2-2
Added Pin To Net: NetName=NetD3_LED Matrix1_POS Pin=R8_LED Matrix1-1
Added Pin To Net: NetName=NetR8_LED Matrix1_2 Pin=R8_LED Matrix1-2
Added Pin To Net: NetName=NetD3_LED Matrix2_POS Pin=R8_LED Matrix2-1
Added Pin To Net: NetName=NetR8_LED Matrix2_2 Pin=R8_LED Matrix2-2
Added Pin To Net: NetName=NetR9_LED Matrix1_2 Pin=R9_LED Matrix1-2
Added Pin To Net: NetName=NetR9_LED Matrix2_2 Pin=R9_LED Matrix2-2
Added Pin To Net: NetName=NetR10_LED Matrix1_2 Pin=R10_LED Matrix1-2
Added Pin To Net: NetName=NetR10_LED Matrix2_2 Pin=R10_LED Matrix2-2
Added Pin To Net: NetName=Vbatt Pin=S1-1
Added Pin To Net: NetName=Batt+ Pin=S1-2
Added Pin To Net: NetName=SCL Pin=U1-1
Added Pin To Net: NetName=SDA Pin=U1-2
Added Pin To Net: NetName=+3.3V Pin=U1-4
Added Pin To Net: NetName=GND Pin=U1-5
Added Pin To Net: NetName=touchIn Pin=U1-12
Added Pin To Net: NetName=GND Pin=U2-2
Added Pin To Net: NetName=GND Pin=U2-3
Added Pin To Net: NetName=NetR6_LED Matrix2_2 Pin=U2-4
Added Pin To Net: NetName=NetR5_LED Matrix2_2 Pin=U2-5
Added Pin To Net: NetName=NetR4_LED Matrix2_2 Pin=U2-6
Added Pin To Net: NetName=NetR7_LED Matrix2_2 Pin=U2-7
Added Pin To Net: NetName=NetR10_LED Matrix2_2 Pin=U2-8
Added Pin To Net: NetName=NetR9_LED Matrix2_2 Pin=U2-9
Added Pin To Net: NetName=NetR8_LED Matrix2_2 Pin=U2-10
Added Pin To Net: NetName=GND Pin=U2-12
Added Pin To Net: NetName=NetR8_LED Matrix1_2 Pin=U2-13
Added Pin To Net: NetName=NetR9_LED Matrix1_2 Pin=U2-14
Added Pin To Net: NetName=NetR10_LED Matrix1_2 Pin=U2-15
Added Pin To Net: NetName=NetR7_LED Matrix1_2 Pin=U2-16
Added Pin To Net: NetName=NetR4_LED Matrix1_2 Pin=U2-17
Added Pin To Net: NetName=NetR5_LED Matrix1_2 Pin=U2-18
Added Pin To Net: NetName=NetR6_LED Matrix1_2 Pin=U2-19
Added Pin To Net: NetName=+3.3V Pin=U2-21
Added Pin To Net: NetName=SCL Pin=U2-22
Added Pin To Net: NetName=SDA Pin=U2-23
Added Pin To Net: NetName=+3.3V Pin=U2-24
Added Pin To Net: NetName=Vbatt Pin=U3-1
Added Pin To Net: NetName=GND Pin=U3-2
Added Pin To Net: NetName=Vbatt Pin=U3-3
Added Pin To Net: NetName=+3.3V Pin=U3-5
Added Pin To Net: NetName=touchIn Pin=U4-1
Added Pin To Net: NetName=GND Pin=U4-2
Added Pin To Net: NetName=NetC8_2 Pin=U4-3
Added Pin To Net: NetName=GND Pin=U4-4
Added Pin To Net: NetName=+3.3V Pin=U4-5
Added Pin To Net: NetName=GND Pin=U4-6
Added Pin To Net: NetName=NetD1_NEG Pin=U5-1
Added Pin To Net: NetName=GND Pin=U5-2
Added Pin To Net: NetName=Batt+ Pin=U5-3
Added Pin To Net: NetName=+5 Pin=U5-4
Added Pin To Net: NetName=NetD2_NEG Pin=U5-5
Added Pin To Net: NetName=NetR3_2 Pin=U5-6
Added Pin To Net: NetName=NetD4_LED Matrix1_POS Pin=D4_LED Matrix1-POS
Added Pin To Net: NetName=NetD4_LED Matrix1_POS Pin=R4_LED Matrix1-1
Added Net: Name=NetD4_LED Matrix1_POS
Added Pin To Net: NetName=NetD4_LED Matrix2_POS Pin=D4_LED Matrix2-POS
Added Pin To Net: NetName=NetD4_LED Matrix2_POS Pin=R4_LED Matrix2-1
Added Net: Name=NetD4_LED Matrix2_POS
Added Pin To Net: NetName=NetD5_LED Matrix1_POS Pin=D5_LED Matrix1-POS
Added Pin To Net: NetName=NetD5_LED Matrix1_POS Pin=R5_LED Matrix1-1
Added Net: Name=NetD5_LED Matrix1_POS
Added Pin To Net: NetName=NetD5_LED Matrix2_POS Pin=D5_LED Matrix2-POS
Added Pin To Net: NetName=NetD5_LED Matrix2_POS Pin=R5_LED Matrix2-1
Added Net: Name=NetD5_LED Matrix2_POS
Added Pin To Net: NetName=NetD6_LED Matrix1_POS Pin=D6_LED Matrix1-POS
Added Pin To Net: NetName=NetD6_LED Matrix1_POS Pin=R9_LED Matrix1-1
Added Net: Name=NetD6_LED Matrix1_POS
Added Pin To Net: NetName=NetD6_LED Matrix2_POS Pin=D6_LED Matrix2-POS
Added Pin To Net: NetName=NetD6_LED Matrix2_POS Pin=R9_LED Matrix2-1
Added Net: Name=NetD6_LED Matrix2_POS
Added Pin To Net: NetName=NetD8_LED Matrix1_POS Pin=D8_LED Matrix1-POS
Added Pin To Net: NetName=NetD8_LED Matrix1_POS Pin=R6_LED Matrix1-1
Added Net: Name=NetD8_LED Matrix1_POS
Added Pin To Net: NetName=NetD8_LED Matrix2_POS Pin=D8_LED Matrix2-POS
Added Pin To Net: NetName=NetD8_LED Matrix2_POS Pin=R6_LED Matrix2-1
Added Net: Name=NetD8_LED Matrix2_POS
Added Pin To Net: NetName=NetD9_LED Matrix1_POS Pin=D9_LED Matrix1-POS
Added Pin To Net: NetName=NetD9_LED Matrix1_POS Pin=R10_LED Matrix1-1
Added Net: Name=NetD9_LED Matrix1_POS
Added Pin To Net: NetName=NetD9_LED Matrix2_POS Pin=D9_LED Matrix2-POS
Added Pin To Net: NetName=NetD9_LED Matrix2_POS Pin=R10_LED Matrix2-1
Added Net: Name=NetD9_LED Matrix2_POS
Added Member To Class: ClassName=LED Dice Member=Component C1 0805B105K500NT
Added Member To Class: ClassName=LED Dice Member=Component C2 0805B105K500NT
Added Member To Class: ClassName=LED Dice Member=Component C3 CL31A106KPHNNNE
Added Member To Class: ClassName=LED Dice Member=Component C4 CL10B104KB8NNNC
Added Member To Class: ClassName=LED Dice Member=Component C5 CL31A106KPHNNNE
Added Member To Class: ClassName=LED Dice Member=Component C6 CL10B104KB8NNNC
Added Member To Class: ClassName=LED Dice Member=Component C7 CL10B104KB8NNNC
Added Member To Class: ClassName=LED Dice Member=Component C8 GRM0335C1E8R0CA01D
Added Member To Class: ClassName=LED Dice Member=Component D1 LTST-C171KRKT
Added Member To Class: ClassName=LED Dice Member=Component D2 LTST-C171KRKT
Added Member To Class: ClassName=LED Matrix1 Member=Component D3_LED Matrix1 (D3) LTST-C171KRKT
Added Member To Class: ClassName=LED Matrix2 Member=Component D3_LED Matrix2 (D3) LTST-C171KRKT
Added Member To Class: ClassName=LED Matrix1 Member=Component D4_LED Matrix1 (D4) LTST-C171KRKT
Added Member To Class: ClassName=LED Matrix2 Member=Component D4_LED Matrix2 (D4) LTST-C171KRKT
Added Member To Class: ClassName=LED Matrix1 Member=Component D5_LED Matrix1 (D5) LTST-C171KRKT
Added Member To Class: ClassName=LED Matrix2 Member=Component D5_LED Matrix2 (D5) LTST-C171KRKT
Added Member To Class: ClassName=LED Matrix1 Member=Component D6_LED Matrix1 (D6) LTST-C171KRKT
Added Member To Class: ClassName=LED Matrix2 Member=Component D6_LED Matrix2 (D6) LTST-C171KRKT
Added Member To Class: ClassName=LED Matrix1 Member=Component D7_LED Matrix1 (D7) LTST-C171KRKT
Added Member To Class: ClassName=LED Matrix2 Member=Component D7_LED Matrix2 (D7) LTST-C171KRKT
Added Member To Class: ClassName=LED Matrix1 Member=Component D8_LED Matrix1 (D8) LTST-C171KRKT
Added Member To Class: ClassName=LED Matrix2 Member=Component D8_LED Matrix2 (D8) LTST-C171KRKT
Added Member To Class: ClassName=LED Matrix1 Member=Component D9_LED Matrix1 (D9) LTST-C171KRKT
Added Member To Class: ClassName=LED Matrix2 Member=Component D9_LED Matrix2 (D9) LTST-C171KRKT
Added Member To Class: ClassName=LED Dice Member=Component J1 10118194-0001LF
Added Member To Class: ClassName=LED Dice Member=Component J2 826646-2
Added Member To Class: ClassName=LED Dice Member=Component R1 0805W8F1001T5E
Added Member To Class: ClassName=LED Dice Member=Component R2 0805W8F1001T5E
Added Member To Class: ClassName=LED Dice Member=Component R3 0805W8F1002T5E
Added Member To Class: ClassName=LED Matrix1 Member=Component R4_LED Matrix1 (R4) 0805W8F2200T5E
Added Member To Class: ClassName=LED Matrix2 Member=Component R4_LED Matrix2 (R4) 0805W8F2200T5E
Added Member To Class: ClassName=LED Matrix1 Member=Component R5_LED Matrix1 (R5) 0805W8F2200T5E
Added Member To Class: ClassName=LED Matrix2 Member=Component R5_LED Matrix2 (R5) 0805W8F2200T5E
Added Member To Class: ClassName=LED Matrix1 Member=Component R6_LED Matrix1 (R6) 0805W8F2200T5E
Added Member To Class: ClassName=LED Matrix2 Member=Component R6_LED Matrix2 (R6) 0805W8F2200T5E
Added Member To Class: ClassName=LED Matrix1 Member=Component R7_LED Matrix1 (R7) 0805W8F2200T5E
Added Member To Class: ClassName=LED Matrix2 Member=Component R7_LED Matrix2 (R7) 0805W8F2200T5E
Added Member To Class: ClassName=LED Matrix1 Member=Component R8_LED Matrix1 (R8) 0805W8F2200T5E
Added Member To Class: ClassName=LED Matrix2 Member=Component R8_LED Matrix2 (R8) 0805W8F2200T5E
Added Member To Class: ClassName=LED Matrix1 Member=Component R9_LED Matrix1 (R9) 0805W8F2200T5E
Added Member To Class: ClassName=LED Matrix2 Member=Component R9_LED Matrix2 (R9) 0805W8F2200T5E
Added Member To Class: ClassName=LED Matrix1 Member=Component R10_LED Matrix1 (R10) 0805W8F2200T5E
Added Member To Class: ClassName=LED Matrix2 Member=Component R10_LED Matrix2 (R10) 0805W8F2200T5E
Added Member To Class: ClassName=LED Dice Member=Component S1 EG1215AA
Added Member To Class: ClassName=LED Dice Member=Component U1 STM32G030F6P6
Added Member To Class: ClassName=LED Dice Member=Component U2 PCA9535PW,112
Added Member To Class: ClassName=LED Dice Member=Component U3 TLV74330PDBVR
Added Member To Class: ClassName=LED Dice Member=Component U4 TTP223-BA6
Added Member To Class: ClassName=LED Dice Member=Component U5 TP4057
