Add Component: Footprint Not Found CAPC1608X90N
Add Component: Footprint Not Found CAPC1608X90N
Add Component: Footprint Not Found CAPC1608X90N
Add Component: Footprint Not Found SW_EG1215AA
Add Component: Footprint Not Found SOT95P280X145-5N
Add Pin To Net: Unknown Pin: Pin C4-1
Add Pin To Net: Unknown Pin: Pin C4-2
Add Pin To Net: Unknown Pin: Pin C6-1
Add Pin To Net: Unknown Pin: Pin C6-2
Add Pin To Net: Unknown Pin: Pin C7-1
Add Pin To Net: Unknown Pin: Pin C7-2
Add Pin To Net: Unknown Pin: Pin S1-1
Add Pin To Net: Unknown Pin: Pin S1-2
Add Pin To Net: Unknown Pin: Pin U3-1
Add Pin To Net: Unknown Pin: Pin U3-2
Add Pin To Net: Unknown Pin: Pin U3-3
Add Pin To Net: Unknown Pin: Pin U3-5
Add Class Member: Failed to add class member : Component C4 CL10B104KB8NNNC
Add Class Member: Failed to add class member : Component C6 CL10B104KB8NNNC
Add Class Member: Failed to add class member : Component C7 CL10B104KB8NNNC
Add Class Member: Failed to add class member : Component S1 EG1215AA
Add Class Member: Failed to add class member : Component U3 TLV74330PDBVR
