Added Component: Designator=J3(TE_826646-4)
Add component (AddParameter): Name = "Arrow_Europe-Purchase-URL"; Value = "https://snapeda.com/shop?store=Arrow+Europe&id=2389610"; VariantName = "[No Variations]"
Add component (AddParameter): Name = "Availability"; Value = "Good"; VariantName = "[No Variations]"
Add component (AddParameter): Name = "DigiKey-Purchase-URL"; Value = "https://snapeda.com/shop?store=DigiKey&id=2389610"; VariantName = "[No Variations]"
Add component (AddParameter): Name = "EU_RoHS_Compliance"; Value = "Compliant"; VariantName = "[No Variations]"
Add component (AddParameter): Name = "MF"; Value = "TE Connectivity"; VariantName = "[No Variations]"
Add component (AddParameter): Name = "Mouser-Purchase-URL"; Value = "https://snapeda.com/shop?store=Mouser&id=2389610"; VariantName = "[No Variations]"
Add component (AddParameter): Name = "MP"; Value = "826646-4"; VariantName = "[No Variations]"
Add component (AddParameter): Name = "Package"; Value = "None"; VariantName = "[No Variations]"
Add component (AddParameter): Name = "Price"; Value = "None"; VariantName = "[No Variations]"
Add component (AddParameter): Name = "SnapEDA_Link"; Value = "https://www.snapeda.com/parts/826646-4/TE%20Connectivity%20AMP%20Connectors/view-part/2389610/?ref=snap"; VariantName = "[No Variations]"
Add component (AddParameter): Name = "Value"; Value = ""; VariantName = "[No Variations]"
Added Pin To Net: NetName=+3.3V Pin=J3-1
Added Pin To Net: NetName=GND Pin=J3-4
Added Pin To Net: NetName=SWCLK Pin=J3-3
Added Pin To Net: NetName=SWCLK Pin=U1-19
Added Net: Name=SWCLK
Added Pin To Net: NetName=SWDIO Pin=J3-2
Added Pin To Net: NetName=SWDIO Pin=U1-18
Added Net: Name=SWDIO
Added Member To Class: ClassName=LED Dice Member=Component J3 826646-4
