Added Pin To Net: NetName=GND Pin=D3_LED Matrix1-NEG
Added Pin To Net: NetName=NetD3_LED Matrix1_POS Pin=D3_LED Matrix1-POS
Added Pin To Net: NetName=GND Pin=D4_LED Matrix1-NEG
Added Pin To Net: NetName=NetD4_LED Matrix1_POS Pin=D4_LED Matrix1-POS
Added Pin To Net: NetName=GND Pin=D5_LED Matrix1-NEG
Added Pin To Net: NetName=NetD5_LED Matrix1_POS Pin=D5_LED Matrix1-POS
Added Pin To Net: NetName=GND Pin=D6_LED Matrix1-NEG
Added Pin To Net: NetName=NetD6_LED Matrix1_POS Pin=D6_LED Matrix1-POS
Added Pin To Net: NetName=GND Pin=D7_LED Matrix1-NEG
Added Pin To Net: NetName=NetD7_LED Matrix1_POS Pin=D7_LED Matrix1-POS
Added Pin To Net: NetName=GND Pin=D8_LED Matrix1-NEG
Added Pin To Net: NetName=NetD8_LED Matrix1_POS Pin=D8_LED Matrix1-POS
Added Pin To Net: NetName=GND Pin=D9_LED Matrix1-NEG
Added Pin To Net: NetName=NetD9_LED Matrix1_POS Pin=D9_LED Matrix1-POS
Added Pin To Net: NetName=NetD4_LED Matrix1_POS Pin=R4_LED Matrix1-1
Added Pin To Net: NetName=NetR4_LED Matrix1_2 Pin=R4_LED Matrix1-2
Added Pin To Net: NetName=NetD5_LED Matrix1_POS Pin=R5_LED Matrix1-1
Added Pin To Net: NetName=NetR5_LED Matrix1_2 Pin=R5_LED Matrix1-2
Added Pin To Net: NetName=NetD8_LED Matrix1_POS Pin=R6_LED Matrix1-1
Added Pin To Net: NetName=NetR6_LED Matrix1_2 Pin=R6_LED Matrix1-2
Added Pin To Net: NetName=NetD7_LED Matrix1_POS Pin=R7_LED Matrix1-1
Added Pin To Net: NetName=NetR7_LED Matrix1_2 Pin=R7_LED Matrix1-2
Added Pin To Net: NetName=NetD3_LED Matrix1_POS Pin=R8_LED Matrix1-1
Added Pin To Net: NetName=NetR8_LED Matrix1_2 Pin=R8_LED Matrix1-2
Added Pin To Net: NetName=NetD6_LED Matrix1_POS Pin=R9_LED Matrix1-1
Added Pin To Net: NetName=NetR9_LED Matrix1_2 Pin=R9_LED Matrix1-2
Added Pin To Net: NetName=NetD9_LED Matrix1_POS Pin=R10_LED Matrix1-1
Added Pin To Net: NetName=NetR10_LED Matrix1_2 Pin=R10_LED Matrix1-2
Added Member To Class: ClassName=LED Dice Member=Component C1 0805B105K500NT
Added Member To Class: ClassName=LED Dice Member=Component C2 0805B105K500NT
Added Member To Class: ClassName=LED Dice Member=Component C3 CL31A106KPHNNNE
Added Member To Class: ClassName=LED Dice Member=Component C4 CL10B104KB8NNNC
Added Member To Class: ClassName=LED Dice Member=Component C5 CL31A106KPHNNNE
Added Member To Class: ClassName=LED Dice Member=Component C6 CL10B104KB8NNNC
Added Member To Class: ClassName=LED Dice Member=Component C7 CL10B104KB8NNNC
Added Member To Class: ClassName=LED Dice Member=Component C8 GRM0335C1E8R0CA01D
Added Member To Class: ClassName=LED Dice Member=Component D1 LTST-C171KRKT
Added Member To Class: ClassName=LED Dice Member=Component D2 LTST-C171KRKT
Added Member To Class: ClassName=LED Matrix1 Member=Component D3_LED Matrix1 (D3) LTST-C171KRKT
Added Member To Class: ClassName=LED Matrix2 Member=Component D3_LED Matrix2 (D3) LTST-C171KRKT
Added Member To Class: ClassName=LED Matrix1 Member=Component D4_LED Matrix1 (D4) LTST-C171KRKT
Added Member To Class: ClassName=LED Matrix2 Member=Component D4_LED Matrix2 (D4) LTST-C171KRKT
Added Member To Class: ClassName=LED Matrix1 Member=Component D5_LED Matrix1 (D5) LTST-C171KRKT
Added Member To Class: ClassName=LED Matrix2 Member=Component D5_LED Matrix2 (D5) LTST-C171KRKT
Added Member To Class: ClassName=LED Matrix1 Member=Component D6_LED Matrix1 (D6) LTST-C171KRKT
Added Member To Class: ClassName=LED Matrix2 Member=Component D6_LED Matrix2 (D6) LTST-C171KRKT
Added Member To Class: ClassName=LED Matrix1 Member=Component D7_LED Matrix1 (D7) LTST-C171KRKT
Added Member To Class: ClassName=LED Matrix2 Member=Component D7_LED Matrix2 (D7) LTST-C171KRKT
Added Member To Class: ClassName=LED Matrix1 Member=Component D8_LED Matrix1 (D8) LTST-C171KRKT
Added Member To Class: ClassName=LED Matrix2 Member=Component D8_LED Matrix2 (D8) LTST-C171KRKT
Added Member To Class: ClassName=LED Matrix1 Member=Component D9_LED Matrix1 (D9) LTST-C171KRKT
Added Member To Class: ClassName=LED Matrix2 Member=Component D9_LED Matrix2 (D9) LTST-C171KRKT
Added Member To Class: ClassName=LED Dice Member=Component J1 10118194-0001LF
Added Member To Class: ClassName=LED Dice Member=Component J2 826646-2
Added Member To Class: ClassName=LED Dice Member=Component R1 0805W8F1001T5E
Added Member To Class: ClassName=LED Dice Member=Component R2 0805W8F1001T5E
Added Member To Class: ClassName=LED Dice Member=Component R3 0805W8F1002T5E
Added Member To Class: ClassName=LED Matrix1 Member=Component R4_LED Matrix1 (R4) 0805W8F2200T5E
Added Member To Class: ClassName=LED Matrix2 Member=Component R4_LED Matrix2 (R4) 0805W8F2200T5E
Added Member To Class: ClassName=LED Matrix1 Member=Component R5_LED Matrix1 (R5) 0805W8F2200T5E
Added Member To Class: ClassName=LED Matrix2 Member=Component R5_LED Matrix2 (R5) 0805W8F2200T5E
Added Member To Class: ClassName=LED Matrix1 Member=Component R6_LED Matrix1 (R6) 0805W8F2200T5E
Added Member To Class: ClassName=LED Matrix2 Member=Component R6_LED Matrix2 (R6) 0805W8F2200T5E
Added Member To Class: ClassName=LED Matrix1 Member=Component R7_LED Matrix1 (R7) 0805W8F2200T5E
Added Member To Class: ClassName=LED Matrix2 Member=Component R7_LED Matrix2 (R7) 0805W8F2200T5E
Added Member To Class: ClassName=LED Matrix1 Member=Component R8_LED Matrix1 (R8) 0805W8F2200T5E
Added Member To Class: ClassName=LED Matrix2 Member=Component R8_LED Matrix2 (R8) 0805W8F2200T5E
Added Member To Class: ClassName=LED Matrix1 Member=Component R9_LED Matrix1 (R9) 0805W8F2200T5E
Added Member To Class: ClassName=LED Matrix2 Member=Component R9_LED Matrix2 (R9) 0805W8F2200T5E
Added Member To Class: ClassName=LED Matrix1 Member=Component R10_LED Matrix1 (R10) 0805W8F2200T5E
Added Member To Class: ClassName=LED Matrix2 Member=Component R10_LED Matrix2 (R10) 0805W8F2200T5E
Added Member To Class: ClassName=LED Dice Member=Component S1 EG1215AA
Added Member To Class: ClassName=LED Dice Member=Component U1 STM32G030F6P6
Added Member To Class: ClassName=LED Dice Member=Component U2 PCA9535PW,112
Added Member To Class: ClassName=LED Dice Member=Component U3 TLV74330PDBVR
Added Member To Class: ClassName=LED Dice Member=Component U4 TTP223-BA6
Added Member To Class: ClassName=LED Dice Member=Component U5 TP4057
