00:12:58 **** Incremental Build of configuration Release for project LED Dice G030 ****
make -j32 all 
arm-none-eabi-gcc "../Core/Src/main.c" -mcpu=cortex-m0plus -std=gnu11 -DUSE_HAL_DRIVER -DSTM32G030xx -c -I../Core/Inc -I../Drivers/STM32G0xx_HAL_Driver/Inc -I../Drivers/STM32G0xx_HAL_Driver/Inc/Legacy -I../Drivers/CMSIS/Device/ST/STM32G0xx/Include -I../Drivers/CMSIS/Include -Os -ffunction-sections -fdata-sections -Wall -fstack-usage -fcyclomatic-complexity -MMD -MP -MF"Core/Src/main.d" -MT"Core/Src/main.o" --specs=nano.specs -mfloat-abi=soft -mthumb -o "Core/Src/main.o"
arm-none-eabi-gcc -o "LED Dice G030.elf" @"objects.list"   -mcpu=cortex-m0plus -T"D:\Abdullah\projects\LED Dice\programs\LED Dice G030\STM32G030F6PX_FLASH.ld" --specs=nosys.specs -Wl,-Map="LED Dice G030.map" -Wl,--gc-sections -static --specs=nano.specs -mfloat-abi=soft -mthumb -Wl,--start-group -lc -lm -Wl,--end-group
Finished building target: LED Dice G030.elf
 
arm-none-eabi-size  LED\ Dice\ G030.elf 
arm-none-eabi-objdump -h -S LED\ Dice\ G030.elf  > "LED Dice G030.list"
arm-none-eabi-objcopy  -O ihex LED\ Dice\ G030.elf  "LED Dice G030.hex"
   text	   data	    bss	    dec	    hex	filename
   9768	    112	   1888	  11768	   2df8	LED Dice G030.elf
arm-none-eabi-objcopy  -O binary LED\ Dice\ G030.elf  "LED Dice G030.bin"
Finished building: default.size.stdout
 
Finished building: LED Dice G030.hex
Finished building: LED Dice G030.bin
Finished building: LED Dice G030.list
 
 
 
00:13:39 **** Incremental Build of configuration Release for project LED Dice G030 ****
make -j32 all 
arm-none-eabi-gcc "../Core/Src/main.c" -mcpu=cortex-m0plus -std=gnu11 -DUSE_HAL_DRIVER -DSTM32G030xx -c -I../Core/Inc -I../Drivers/STM32G0xx_HAL_Driver/Inc -I../Drivers/STM32G0xx_HAL_Driver/Inc/Legacy -I../Drivers/CMSIS/Device/ST/STM32G0xx/Include -I../Drivers/CMSIS/Include -Os -ffunction-sections -fdata-sections -Wall -fstack-usage -fcyclomatic-complexity -MMD -MP -MF"Core/Src/main.d" -MT"Core/Src/main.o" --specs=nano.specs -mfloat-abi=soft -mthumb -o "Core/Src/main.o"
arm-none-eabi-gcc -o "LED Dice G030.elf" @"objects.list"   -mcpu=cortex-m0plus -T"D:\Abdullah\projects\LED Dice\programs\LED Dice G030\STM32G030F6PX_FLASH.ld" --specs=nosys.specs -Wl,-Map="LED Dice G030.map" -Wl,--gc-sections -static --specs=nano.specs -mfloat-abi=soft -mthumb -Wl,--start-group -lc -lm -Wl,--end-group
Finished building target: LED Dice G030.elf
 
arm-none-eabi-size  LED\ Dice\ G030.elf 
arm-none-eabi-objdump -h -S LED\ Dice\ G030.elf  > "LED Dice G030.list"
arm-none-eabi-objcopy  -O ihex LED\ Dice\ G030.elf  "LED Dice G030.hex"
   text	   data	    bss	    dec	    hex	filename
   9768	    112	   1888	  11768	   2df8	LED Dice G030.elf
arm-none-eabi-objcopy  -O binary LED\ Dice\ G030.elf  "LED Dice G030.bin"
Finished building: default.size.stdout
 
Finished building: LED Dice G030.hex
Finished building: LED Dice G030.bin
Finished building: LED Dice G030.list
 
 
 
00:31:05 **** Incremental Build of configuration Release for project LED Dice G030 ****
make -j32 all 
arm-none-eabi-gcc "../Core/Src/main.c" -mcpu=cortex-m0plus -std=gnu11 -DUSE_HAL_DRIVER -DSTM32G030xx -c -I../Core/Inc -I../Drivers/STM32G0xx_HAL_Driver/Inc -I../Drivers/STM32G0xx_HAL_Driver/Inc/Legacy -I../Drivers/CMSIS/Device/ST/STM32G0xx/Include -I../Drivers/CMSIS/Include -Os -ffunction-sections -fdata-sections -Wall -fstack-usage -fcyclomatic-complexity -MMD -MP -MF"Core/Src/main.d" -MT"Core/Src/main.o" --specs=nano.specs -mfloat-abi=soft -mthumb -o "Core/Src/main.o"
../Core/Src/main.c:81:1: error: parameter names (without types) in function declaration [-Wdeclaration-missing-parameter-type]
   81 | void setLEDData(uinut8_t, unit8_t, uint6_t);
      | ^~~~
../Core/Src/main.c:372:17: error: unknown type name 'uinut8_t'; did you mean 'uint8_t'?
  372 | void setLEDData(uinut8_t redVal, unit8_t greVal, uint6_t bluVal)
      |                 ^~~~~~~~
      |                 uint8_t
../Core/Src/main.c:372:34: error: unknown type name 'unit8_t'; did you mean 'uint8_t'?
  372 | void setLEDData(uinut8_t redVal, unit8_t greVal, uint6_t bluVal)
      |                                  ^~~~~~~
      |                                  uint8_t
../Core/Src/main.c:372:50: error: unknown type name 'uint6_t'; did you mean 'uint64_t'?
  372 | void setLEDData(uinut8_t redVal, unit8_t greVal, uint6_t bluVal)
      |                                                  ^~~~~~~
      |                                                  uint64_t
make: *** [Core/Src/subdir.mk:34: Core/Src/main.o] Error 1
"make -j32 all" terminated with exit code 2. Build might be incomplete.
00:31:36 **** Incremental Build of configuration Release for project LED Dice G030 ****
make -j32 all 
arm-none-eabi-gcc "../Core/Src/main.c" -mcpu=cortex-m0plus -std=gnu11 -DUSE_HAL_DRIVER -DSTM32G030xx -c -I../Core/Inc -I../Drivers/STM32G0xx_HAL_Driver/Inc -I../Drivers/STM32G0xx_HAL_Driver/Inc/Legacy -I../Drivers/CMSIS/Device/ST/STM32G0xx/Include -I../Drivers/CMSIS/Include -Os -ffunction-sections -fdata-sections -Wall -fstack-usage -fcyclomatic-complexity -MMD -MP -MF"Core/Src/main.d" -MT"Core/Src/main.o" --specs=nano.specs -mfloat-abi=soft -mthumb -o "Core/Src/main.o"
../Core/Src/main.c:81:26: error: unknown type name 'unit8_t'; did you mean 'uint8_t'?
   81 | void setLEDData(uint8_t, unit8_t, uint8_t);
      |                          ^~~~~~~
      |                          uint8_t
../Core/Src/main.c: In function 'main':
../Core/Src/main.c:146:11: error: implicit declaration of function 'setLEDData' [-Wimplicit-function-declaration]
  146 |           setLEDData(0, 255, 255);
      |           ^~~~~~~~~~
../Core/Src/main.c: At top level:
../Core/Src/main.c:372:33: error: unknown type name 'unit8_t'; did you mean 'uint8_t'?
  372 | void setLEDData(uint8_t redVal, unit8_t greVal, uint8_t bluVal)
      |                                 ^~~~~~~
      |                                 uint8_t
make: *** [Core/Src/subdir.mk:34: Core/Src/main.o] Error 1
"make -j32 all" terminated with exit code 2. Build might be incomplete.
00:32:19 **** Incremental Build of configuration Release for project LED Dice G030 ****
make -j32 all 
arm-none-eabi-gcc "../Core/Src/main.c" -mcpu=cortex-m0plus -std=gnu11 -DUSE_HAL_DRIVER -DSTM32G030xx -c -I../Core/Inc -I../Drivers/STM32G0xx_HAL_Driver/Inc -I../Drivers/STM32G0xx_HAL_Driver/Inc/Legacy -I../Drivers/CMSIS/Device/ST/STM32G0xx/Include -I../Drivers/CMSIS/Include -Os -ffunction-sections -fdata-sections -Wall -fstack-usage -fcyclomatic-complexity -MMD -MP -MF"Core/Src/main.d" -MT"Core/Src/main.o" --specs=nano.specs -mfloat-abi=soft -mthumb -o "Core/Src/main.o"
arm-none-eabi-gcc -o "LED Dice G030.elf" @"objects.list"   -mcpu=cortex-m0plus -T"D:\Abdullah\projects\LED Dice\programs\LED Dice G030\STM32G030F6PX_FLASH.ld" --specs=nosys.specs -Wl,-Map="LED Dice G030.map" -Wl,--gc-sections -static --specs=nano.specs -mfloat-abi=soft -mthumb -Wl,--start-group -lc -lm -Wl,--end-group
Finished building target: LED Dice G030.elf
 
arm-none-eabi-size  LED\ Dice\ G030.elf 
arm-none-eabi-objdump -h -S LED\ Dice\ G030.elf  > "LED Dice G030.list"
arm-none-eabi-objcopy  -O ihex LED\ Dice\ G030.elf  "LED Dice G030.hex"
   text	   data	    bss	    dec	    hex	filename
   9940	    112	   1896	  11948	   2eac	LED Dice G030.elf
arm-none-eabi-objcopy  -O binary LED\ Dice\ G030.elf  "LED Dice G030.bin"
Finished building: default.size.stdout
 
Finished building: LED Dice G030.hex
Finished building: LED Dice G030.bin
Finished building: LED Dice G030.list
 
 
 
00:32:24 **** Incremental Build of configuration Release for project LED Dice G030 ****
make -j32 all 
arm-none-eabi-size  LED\ Dice\ G030.elf 
   text	   data	    bss	    dec	    hex	filename
   9940	    112	   1896	  11948	   2eac	LED Dice G030.elf
Finished building: default.size.stdout
 
00:33:22 **** Incremental Build of configuration Release for project LED Dice G030 ****
make -j32 all 
arm-none-eabi-gcc "../Core/Src/main.c" -mcpu=cortex-m0plus -std=gnu11 -DUSE_HAL_DRIVER -DSTM32G030xx -c -I../Core/Inc -I../Drivers/STM32G0xx_HAL_Driver/Inc -I../Drivers/STM32G0xx_HAL_Driver/Inc/Legacy -I../Drivers/CMSIS/Device/ST/STM32G0xx/Include -I../Drivers/CMSIS/Include -Os -ffunction-sections -fdata-sections -Wall -fstack-usage -fcyclomatic-complexity -MMD -MP -MF"Core/Src/main.d" -MT"Core/Src/main.o" --specs=nano.specs -mfloat-abi=soft -mthumb -o "Core/Src/main.o"
arm-none-eabi-gcc -o "LED Dice G030.elf" @"objects.list"   -mcpu=cortex-m0plus -T"D:\Abdullah\projects\LED Dice\programs\LED Dice G030\STM32G030F6PX_FLASH.ld" --specs=nosys.specs -Wl,-Map="LED Dice G030.map" -Wl,--gc-sections -static --specs=nano.specs -mfloat-abi=soft -mthumb -Wl,--start-group -lc -lm -Wl,--end-group
Finished building target: LED Dice G030.elf
 
arm-none-eabi-size  LED\ Dice\ G030.elf 
arm-none-eabi-objdump -h -S LED\ Dice\ G030.elf  > "LED Dice G030.list"
arm-none-eabi-objcopy  -O ihex LED\ Dice\ G030.elf  "LED Dice G030.hex"
   text	   data	    bss	    dec	    hex	filename
   9940	    112	   1896	  11948	   2eac	LED Dice G030.elf
arm-none-eabi-objcopy  -O binary LED\ Dice\ G030.elf  "LED Dice G030.bin"
Finished building: default.size.stdout
 
Finished building: LED Dice G030.hex
Finished building: LED Dice G030.bin
Finished building: LED Dice G030.list
 
 
 
00:34:28 **** Incremental Build of configuration Release for project LED Dice G030 ****
make -j32 all 
arm-none-eabi-gcc "../Core/Src/main.c" -mcpu=cortex-m0plus -std=gnu11 -DUSE_HAL_DRIVER -DSTM32G030xx -c -I../Core/Inc -I../Drivers/STM32G0xx_HAL_Driver/Inc -I../Drivers/STM32G0xx_HAL_Driver/Inc/Legacy -I../Drivers/CMSIS/Device/ST/STM32G0xx/Include -I../Drivers/CMSIS/Include -Os -ffunction-sections -fdata-sections -Wall -fstack-usage -fcyclomatic-complexity -MMD -MP -MF"Core/Src/main.d" -MT"Core/Src/main.o" --specs=nano.specs -mfloat-abi=soft -mthumb -o "Core/Src/main.o"
arm-none-eabi-gcc -o "LED Dice G030.elf" @"objects.list"   -mcpu=cortex-m0plus -T"D:\Abdullah\projects\LED Dice\programs\LED Dice G030\STM32G030F6PX_FLASH.ld" --specs=nosys.specs -Wl,-Map="LED Dice G030.map" -Wl,--gc-sections -static --specs=nano.specs -mfloat-abi=soft -mthumb -Wl,--start-group -lc -lm -Wl,--end-group
Finished building target: LED Dice G030.elf
 
arm-none-eabi-size  LED\ Dice\ G030.elf 
arm-none-eabi-objdump -h -S LED\ Dice\ G030.elf  > "LED Dice G030.list"
arm-none-eabi-objcopy  -O ihex LED\ Dice\ G030.elf  "LED Dice G030.hex"
   text	   data	    bss	    dec	    hex	filename
   9948	    112	   1896	  11956	   2eb4	LED Dice G030.elf
arm-none-eabi-objcopy  -O binary LED\ Dice\ G030.elf  "LED Dice G030.bin"
Finished building: default.size.stdout
 
Finished building: LED Dice G030.hex
Finished building: LED Dice G030.bin
Finished building: LED Dice G030.list
 
 
 
00:35:23 **** Incremental Build of configuration Release for project LED Dice G030 ****
make -j32 all 
arm-none-eabi-gcc "../Core/Src/main.c" -mcpu=cortex-m0plus -std=gnu11 -DUSE_HAL_DRIVER -DSTM32G030xx -c -I../Core/Inc -I../Drivers/STM32G0xx_HAL_Driver/Inc -I../Drivers/STM32G0xx_HAL_Driver/Inc/Legacy -I../Drivers/CMSIS/Device/ST/STM32G0xx/Include -I../Drivers/CMSIS/Include -Os -ffunction-sections -fdata-sections -Wall -fstack-usage -fcyclomatic-complexity -MMD -MP -MF"Core/Src/main.d" -MT"Core/Src/main.o" --specs=nano.specs -mfloat-abi=soft -mthumb -o "Core/Src/main.o"
arm-none-eabi-gcc -o "LED Dice G030.elf" @"objects.list"   -mcpu=cortex-m0plus -T"D:\Abdullah\projects\LED Dice\programs\LED Dice G030\STM32G030F6PX_FLASH.ld" --specs=nosys.specs -Wl,-Map="LED Dice G030.map" -Wl,--gc-sections -static --specs=nano.specs -mfloat-abi=soft -mthumb -Wl,--start-group -lc -lm -Wl,--end-group
Finished building target: LED Dice G030.elf
 
arm-none-eabi-size  LED\ Dice\ G030.elf 
arm-none-eabi-objdump -h -S LED\ Dice\ G030.elf  > "LED Dice G030.list"
arm-none-eabi-objcopy  -O ihex LED\ Dice\ G030.elf  "LED Dice G030.hex"
   text	   data	    bss	    dec	    hex	filename
   9948	    112	   1896	  11956	   2eb4	LED Dice G030.elf
arm-none-eabi-objcopy  -O binary LED\ Dice\ G030.elf  "LED Dice G030.bin"
Finished building: default.size.stdout
 
Finished building: LED Dice G030.hex
Finished building: LED Dice G030.bin
Finished building: LED Dice G030.list
 
 
 
00:37:07 **** Incremental Build of configuration Release for project LED Dice G030 ****
make -j32 all 
arm-none-eabi-gcc "../Core/Src/main.c" -mcpu=cortex-m0plus -std=gnu11 -DUSE_HAL_DRIVER -DSTM32G030xx -c -I../Core/Inc -I../Drivers/STM32G0xx_HAL_Driver/Inc -I../Drivers/STM32G0xx_HAL_Driver/Inc/Legacy -I../Drivers/CMSIS/Device/ST/STM32G0xx/Include -I../Drivers/CMSIS/Include -Os -ffunction-sections -fdata-sections -Wall -fstack-usage -fcyclomatic-complexity -MMD -MP -MF"Core/Src/main.d" -MT"Core/Src/main.o" --specs=nano.specs -mfloat-abi=soft -mthumb -o "Core/Src/main.o"
arm-none-eabi-gcc -o "LED Dice G030.elf" @"objects.list"   -mcpu=cortex-m0plus -T"D:\Abdullah\projects\LED Dice\programs\LED Dice G030\STM32G030F6PX_FLASH.ld" --specs=nosys.specs -Wl,-Map="LED Dice G030.map" -Wl,--gc-sections -static --specs=nano.specs -mfloat-abi=soft -mthumb -Wl,--start-group -lc -lm -Wl,--end-group
Finished building target: LED Dice G030.elf
 
arm-none-eabi-size  LED\ Dice\ G030.elf 
arm-none-eabi-objdump -h -S LED\ Dice\ G030.elf  > "LED Dice G030.list"
arm-none-eabi-objcopy  -O ihex LED\ Dice\ G030.elf  "LED Dice G030.hex"
   text	   data	    bss	    dec	    hex	filename
   9948	    112	   1896	  11956	   2eb4	LED Dice G030.elf
arm-none-eabi-objcopy  -O binary LED\ Dice\ G030.elf  "LED Dice G030.bin"
Finished building: default.size.stdout
 
Finished building: LED Dice G030.hex
Finished building: LED Dice G030.bin
Finished building: LED Dice G030.list
 
 
 
00:37:36 **** Incremental Build of configuration Release for project LED Dice G030 ****
make -j32 all 
arm-none-eabi-gcc "../Core/Src/main.c" -mcpu=cortex-m0plus -std=gnu11 -DUSE_HAL_DRIVER -DSTM32G030xx -c -I../Core/Inc -I../Drivers/STM32G0xx_HAL_Driver/Inc -I../Drivers/STM32G0xx_HAL_Driver/Inc/Legacy -I../Drivers/CMSIS/Device/ST/STM32G0xx/Include -I../Drivers/CMSIS/Include -Os -ffunction-sections -fdata-sections -Wall -fstack-usage -fcyclomatic-complexity -MMD -MP -MF"Core/Src/main.d" -MT"Core/Src/main.o" --specs=nano.specs -mfloat-abi=soft -mthumb -o "Core/Src/main.o"
arm-none-eabi-gcc -o "LED Dice G030.elf" @"objects.list"   -mcpu=cortex-m0plus -T"D:\Abdullah\projects\LED Dice\programs\LED Dice G030\STM32G030F6PX_FLASH.ld" --specs=nosys.specs -Wl,-Map="LED Dice G030.map" -Wl,--gc-sections -static --specs=nano.specs -mfloat-abi=soft -mthumb -Wl,--start-group -lc -lm -Wl,--end-group
Finished building target: LED Dice G030.elf
 
arm-none-eabi-size  LED\ Dice\ G030.elf 
arm-none-eabi-objdump -h -S LED\ Dice\ G030.elf  > "LED Dice G030.list"
arm-none-eabi-objcopy  -O ihex LED\ Dice\ G030.elf  "LED Dice G030.hex"
   text	   data	    bss	    dec	    hex	filename
   9948	    112	   1896	  11956	   2eb4	LED Dice G030.elf
arm-none-eabi-objcopy  -O binary LED\ Dice\ G030.elf  "LED Dice G030.bin"
Finished building: default.size.stdout
 
Finished building: LED Dice G030.hex
Finished building: LED Dice G030.list
 
Finished building: LED Dice G030.bin
 
 
00:37:57 **** Incremental Build of configuration Release for project LED Dice G030 ****
make -j32 all 
arm-none-eabi-gcc "../Core/Src/main.c" -mcpu=cortex-m0plus -std=gnu11 -DUSE_HAL_DRIVER -DSTM32G030xx -c -I../Core/Inc -I../Drivers/STM32G0xx_HAL_Driver/Inc -I../Drivers/STM32G0xx_HAL_Driver/Inc/Legacy -I../Drivers/CMSIS/Device/ST/STM32G0xx/Include -I../Drivers/CMSIS/Include -Os -ffunction-sections -fdata-sections -Wall -fstack-usage -fcyclomatic-complexity -MMD -MP -MF"Core/Src/main.d" -MT"Core/Src/main.o" --specs=nano.specs -mfloat-abi=soft -mthumb -o "Core/Src/main.o"
arm-none-eabi-gcc -o "LED Dice G030.elf" @"objects.list"   -mcpu=cortex-m0plus -T"D:\Abdullah\projects\LED Dice\programs\LED Dice G030\STM32G030F6PX_FLASH.ld" --specs=nosys.specs -Wl,-Map="LED Dice G030.map" -Wl,--gc-sections -static --specs=nano.specs -mfloat-abi=soft -mthumb -Wl,--start-group -lc -lm -Wl,--end-group
Finished building target: LED Dice G030.elf
 
arm-none-eabi-size  LED\ Dice\ G030.elf 
arm-none-eabi-objdump -h -S LED\ Dice\ G030.elf  > "LED Dice G030.list"
arm-none-eabi-objcopy  -O ihex LED\ Dice\ G030.elf  "LED Dice G030.hex"
   text	   data	    bss	    dec	    hex	filename
   9948	    112	   1896	  11956	   2eb4	LED Dice G030.elf
arm-none-eabi-objcopy  -O binary LED\ Dice\ G030.elf  "LED Dice G030.bin"
Finished building: default.size.stdout
 
Finished building: LED Dice G030.hex
Finished building: LED Dice G030.bin
Finished building: LED Dice G030.list
 
 
 
00:38:16 **** Incremental Build of configuration Release for project LED Dice G030 ****
make -j32 all 
arm-none-eabi-gcc "../Core/Src/main.c" -mcpu=cortex-m0plus -std=gnu11 -DUSE_HAL_DRIVER -DSTM32G030xx -c -I../Core/Inc -I../Drivers/STM32G0xx_HAL_Driver/Inc -I../Drivers/STM32G0xx_HAL_Driver/Inc/Legacy -I../Drivers/CMSIS/Device/ST/STM32G0xx/Include -I../Drivers/CMSIS/Include -Os -ffunction-sections -fdata-sections -Wall -fstack-usage -fcyclomatic-complexity -MMD -MP -MF"Core/Src/main.d" -MT"Core/Src/main.o" --specs=nano.specs -mfloat-abi=soft -mthumb -o "Core/Src/main.o"
arm-none-eabi-gcc -o "LED Dice G030.elf" @"objects.list"   -mcpu=cortex-m0plus -T"D:\Abdullah\projects\LED Dice\programs\LED Dice G030\STM32G030F6PX_FLASH.ld" --specs=nosys.specs -Wl,-Map="LED Dice G030.map" -Wl,--gc-sections -static --specs=nano.specs -mfloat-abi=soft -mthumb -Wl,--start-group -lc -lm -Wl,--end-group
Finished building target: LED Dice G030.elf
 
arm-none-eabi-size  LED\ Dice\ G030.elf 
arm-none-eabi-objdump -h -S LED\ Dice\ G030.elf  > "LED Dice G030.list"
arm-none-eabi-objcopy  -O ihex LED\ Dice\ G030.elf  "LED Dice G030.hex"
   text	   data	    bss	    dec	    hex	filename
   9948	    112	   1896	  11956	   2eb4	LED Dice G030.elf
arm-none-eabi-objcopy  -O binary LED\ Dice\ G030.elf  "LED Dice G030.bin"
Finished building: default.size.stdout
 
Finished building: LED Dice G030.hex
Finished building: LED Dice G030.bin
Finished building: LED Dice G030.list
 
 
 
00:38:37 **** Incremental Build of configuration Release for project LED Dice G030 ****
make -j32 all 
arm-none-eabi-gcc "../Core/Src/main.c" -mcpu=cortex-m0plus -std=gnu11 -DUSE_HAL_DRIVER -DSTM32G030xx -c -I../Core/Inc -I../Drivers/STM32G0xx_HAL_Driver/Inc -I../Drivers/STM32G0xx_HAL_Driver/Inc/Legacy -I../Drivers/CMSIS/Device/ST/STM32G0xx/Include -I../Drivers/CMSIS/Include -Os -ffunction-sections -fdata-sections -Wall -fstack-usage -fcyclomatic-complexity -MMD -MP -MF"Core/Src/main.d" -MT"Core/Src/main.o" --specs=nano.specs -mfloat-abi=soft -mthumb -o "Core/Src/main.o"
arm-none-eabi-gcc -o "LED Dice G030.elf" @"objects.list"   -mcpu=cortex-m0plus -T"D:\Abdullah\projects\LED Dice\programs\LED Dice G030\STM32G030F6PX_FLASH.ld" --specs=nosys.specs -Wl,-Map="LED Dice G030.map" -Wl,--gc-sections -static --specs=nano.specs -mfloat-abi=soft -mthumb -Wl,--start-group -lc -lm -Wl,--end-group
Finished building target: LED Dice G030.elf
 
arm-none-eabi-size  LED\ Dice\ G030.elf 
arm-none-eabi-objdump -h -S LED\ Dice\ G030.elf  > "LED Dice G030.list"
arm-none-eabi-objcopy  -O ihex LED\ Dice\ G030.elf  "LED Dice G030.hex"
   text	   data	    bss	    dec	    hex	filename
   9948	    112	   1896	  11956	   2eb4	LED Dice G030.elf
arm-none-eabi-objcopy  -O binary LED\ Dice\ G030.elf  "LED Dice G030.bin"
Finished building: default.size.stdout
 
Finished building: LED Dice G030.hex
Finished building: LED Dice G030.bin
Finished building: LED Dice G030.list
 
 
 
00:40:19 **** Incremental Build of configuration Release for project LED Dice G030 ****
make -j32 all 
arm-none-eabi-gcc "../Core/Src/main.c" -mcpu=cortex-m0plus -std=gnu11 -DUSE_HAL_DRIVER -DSTM32G030xx -c -I../Core/Inc -I../Drivers/STM32G0xx_HAL_Driver/Inc -I../Drivers/STM32G0xx_HAL_Driver/Inc/Legacy -I../Drivers/CMSIS/Device/ST/STM32G0xx/Include -I../Drivers/CMSIS/Include -Os -ffunction-sections -fdata-sections -Wall -fstack-usage -fcyclomatic-complexity -MMD -MP -MF"Core/Src/main.d" -MT"Core/Src/main.o" --specs=nano.specs -mfloat-abi=soft -mthumb -o "Core/Src/main.o"
arm-none-eabi-gcc -o "LED Dice G030.elf" @"objects.list"   -mcpu=cortex-m0plus -T"D:\Abdullah\projects\LED Dice\programs\LED Dice G030\STM32G030F6PX_FLASH.ld" --specs=nosys.specs -Wl,-Map="LED Dice G030.map" -Wl,--gc-sections -static --specs=nano.specs -mfloat-abi=soft -mthumb -Wl,--start-group -lc -lm -Wl,--end-group
Finished building target: LED Dice G030.elf
 
arm-none-eabi-size  LED\ Dice\ G030.elf 
arm-none-eabi-objdump -h -S LED\ Dice\ G030.elf  > "LED Dice G030.list"
arm-none-eabi-objcopy  -O ihex LED\ Dice\ G030.elf  "LED Dice G030.hex"
   text	   data	    bss	    dec	    hex	filename
   9948	    112	   1896	  11956	   2eb4	LED Dice G030.elf
arm-none-eabi-objcopy  -O binary LED\ Dice\ G030.elf  "LED Dice G030.bin"
Finished building: default.size.stdout
 
Finished building: LED Dice G030.hex
Finished building: LED Dice G030.bin
Finished building: LED Dice G030.list
 
 
 
00:40:47 **** Incremental Build of configuration Release for project LED Dice G030 ****
make -j32 all 
arm-none-eabi-gcc "../Core/Src/main.c" -mcpu=cortex-m0plus -std=gnu11 -DUSE_HAL_DRIVER -DSTM32G030xx -c -I../Core/Inc -I../Drivers/STM32G0xx_HAL_Driver/Inc -I../Drivers/STM32G0xx_HAL_Driver/Inc/Legacy -I../Drivers/CMSIS/Device/ST/STM32G0xx/Include -I../Drivers/CMSIS/Include -Os -ffunction-sections -fdata-sections -Wall -fstack-usage -fcyclomatic-complexity -MMD -MP -MF"Core/Src/main.d" -MT"Core/Src/main.o" --specs=nano.specs -mfloat-abi=soft -mthumb -o "Core/Src/main.o"
arm-none-eabi-gcc -o "LED Dice G030.elf" @"objects.list"   -mcpu=cortex-m0plus -T"D:\Abdullah\projects\LED Dice\programs\LED Dice G030\STM32G030F6PX_FLASH.ld" --specs=nosys.specs -Wl,-Map="LED Dice G030.map" -Wl,--gc-sections -static --specs=nano.specs -mfloat-abi=soft -mthumb -Wl,--start-group -lc -lm -Wl,--end-group
Finished building target: LED Dice G030.elf
 
arm-none-eabi-size  LED\ Dice\ G030.elf 
arm-none-eabi-objdump -h -S LED\ Dice\ G030.elf  > "LED Dice G030.list"
arm-none-eabi-objcopy  -O ihex LED\ Dice\ G030.elf  "LED Dice G030.hex"
   text	   data	    bss	    dec	    hex	filename
   9948	    112	   1896	  11956	   2eb4	LED Dice G030.elf
arm-none-eabi-objcopy  -O binary LED\ Dice\ G030.elf  "LED Dice G030.bin"
Finished building: default.size.stdout
 
Finished building: LED Dice G030.hex
Finished building: LED Dice G030.bin
Finished building: LED Dice G030.list
 
 
 
00:41:12 **** Incremental Build of configuration Release for project LED Dice G030 ****
make -j32 all 
arm-none-eabi-gcc "../Core/Src/main.c" -mcpu=cortex-m0plus -std=gnu11 -DUSE_HAL_DRIVER -DSTM32G030xx -c -I../Core/Inc -I../Drivers/STM32G0xx_HAL_Driver/Inc -I../Drivers/STM32G0xx_HAL_Driver/Inc/Legacy -I../Drivers/CMSIS/Device/ST/STM32G0xx/Include -I../Drivers/CMSIS/Include -Os -ffunction-sections -fdata-sections -Wall -fstack-usage -fcyclomatic-complexity -MMD -MP -MF"Core/Src/main.d" -MT"Core/Src/main.o" --specs=nano.specs -mfloat-abi=soft -mthumb -o "Core/Src/main.o"
arm-none-eabi-gcc -o "LED Dice G030.elf" @"objects.list"   -mcpu=cortex-m0plus -T"D:\Abdullah\projects\LED Dice\programs\LED Dice G030\STM32G030F6PX_FLASH.ld" --specs=nosys.specs -Wl,-Map="LED Dice G030.map" -Wl,--gc-sections -static --specs=nano.specs -mfloat-abi=soft -mthumb -Wl,--start-group -lc -lm -Wl,--end-group
Finished building target: LED Dice G030.elf
 
arm-none-eabi-size  LED\ Dice\ G030.elf 
arm-none-eabi-objdump -h -S LED\ Dice\ G030.elf  > "LED Dice G030.list"
arm-none-eabi-objcopy  -O ihex LED\ Dice\ G030.elf  "LED Dice G030.hex"
   text	   data	    bss	    dec	    hex	filename
   9948	    112	   1896	  11956	   2eb4	LED Dice G030.elf
arm-none-eabi-objcopy  -O binary LED\ Dice\ G030.elf  "LED Dice G030.bin"
Finished building: default.size.stdout
 
Finished building: LED Dice G030.hex
Finished building: LED Dice G030.bin
Finished building: LED Dice G030.list
 
 
 
00:43:01 **** Incremental Build of configuration Release for project LED Dice G030 ****
make -j32 all 
arm-none-eabi-gcc "../Core/Src/main.c" -mcpu=cortex-m0plus -std=gnu11 -DUSE_HAL_DRIVER -DSTM32G030xx -c -I../Core/Inc -I../Drivers/STM32G0xx_HAL_Driver/Inc -I../Drivers/STM32G0xx_HAL_Driver/Inc/Legacy -I../Drivers/CMSIS/Device/ST/STM32G0xx/Include -I../Drivers/CMSIS/Include -Os -ffunction-sections -fdata-sections -Wall -fstack-usage -fcyclomatic-complexity -MMD -MP -MF"Core/Src/main.d" -MT"Core/Src/main.o" --specs=nano.specs -mfloat-abi=soft -mthumb -o "Core/Src/main.o"
../Core/Src/main.c: In function 'main':
../Core/Src/main.c:149:68: error: 'LED_Data' undeclared (first use in this function); did you mean 'LEDData'?
  149 |           HAL_TIM_PWM_Start_DMA(&htim3, TIM_CHANNEL_1, (uint32_t *)LED_Data, 50);
      |                                                                    ^~~~~~~~
      |                                                                    LEDData
../Core/Src/main.c:149:68: note: each undeclared identifier is reported only once for each function it appears in
../Core/Src/main.c: In function 'setLEDData':
../Core/Src/main.c:383:33: error: 'LED_Data' undeclared (first use in this function); did you mean 'LEDData'?
  383 |                                 LED_Data[currData] = T1H;
      |                                 ^~~~~~~~
      |                                 LEDData
make: *** [Core/Src/subdir.mk:34: Core/Src/main.o] Error 1
"make -j32 all" terminated with exit code 2. Build might be incomplete.
00:43:10 **** Incremental Build of configuration Release for project LED Dice G030 ****
make -j32 all 
arm-none-eabi-gcc "../Core/Src/main.c" -mcpu=cortex-m0plus -std=gnu11 -DUSE_HAL_DRIVER -DSTM32G030xx -c -I../Core/Inc -I../Drivers/STM32G0xx_HAL_Driver/Inc -I../Drivers/STM32G0xx_HAL_Driver/Inc/Legacy -I../Drivers/CMSIS/Device/ST/STM32G0xx/Include -I../Drivers/CMSIS/Include -Os -ffunction-sections -fdata-sections -Wall -fstack-usage -fcyclomatic-complexity -MMD -MP -MF"Core/Src/main.d" -MT"Core/Src/main.o" --specs=nano.specs -mfloat-abi=soft -mthumb -o "Core/Src/main.o"
arm-none-eabi-gcc -o "LED Dice G030.elf" @"objects.list"   -mcpu=cortex-m0plus -T"D:\Abdullah\projects\LED Dice\programs\LED Dice G030\STM32G030F6PX_FLASH.ld" --specs=nosys.specs -Wl,-Map="LED Dice G030.map" -Wl,--gc-sections -static --specs=nano.specs -mfloat-abi=soft -mthumb -Wl,--start-group -lc -lm -Wl,--end-group
Finished building target: LED Dice G030.elf
 
arm-none-eabi-size  LED\ Dice\ G030.elf 
arm-none-eabi-objdump -h -S LED\ Dice\ G030.elf  > "LED Dice G030.list"
arm-none-eabi-objcopy  -O ihex LED\ Dice\ G030.elf  "LED Dice G030.hex"
   text	   data	    bss	    dec	    hex	filename
   9948	     12	   1988	  11948	   2eac	LED Dice G030.elf
arm-none-eabi-objcopy  -O binary LED\ Dice\ G030.elf  "LED Dice G030.bin"
Finished building: default.size.stdout
 
Finished building: LED Dice G030.hex
Finished building: LED Dice G030.bin
Finished building: LED Dice G030.list
 
 
 
00:43:56 **** Incremental Build of configuration Release for project LED Dice G030 ****
make -j32 all 
arm-none-eabi-gcc "../Core/Src/main.c" -mcpu=cortex-m0plus -std=gnu11 -DUSE_HAL_DRIVER -DSTM32G030xx -c -I../Core/Inc -I../Drivers/STM32G0xx_HAL_Driver/Inc -I../Drivers/STM32G0xx_HAL_Driver/Inc/Legacy -I../Drivers/CMSIS/Device/ST/STM32G0xx/Include -I../Drivers/CMSIS/Include -Os -ffunction-sections -fdata-sections -Wall -fstack-usage -fcyclomatic-complexity -MMD -MP -MF"Core/Src/main.d" -MT"Core/Src/main.o" --specs=nano.specs -mfloat-abi=soft -mthumb -o "Core/Src/main.o"
arm-none-eabi-gcc -o "LED Dice G030.elf" @"objects.list"   -mcpu=cortex-m0plus -T"D:\Abdullah\projects\LED Dice\programs\LED Dice G030\STM32G030F6PX_FLASH.ld" --specs=nosys.specs -Wl,-Map="LED Dice G030.map" -Wl,--gc-sections -static --specs=nano.specs -mfloat-abi=soft -mthumb -Wl,--start-group -lc -lm -Wl,--end-group
Finished building target: LED Dice G030.elf
 
arm-none-eabi-size  LED\ Dice\ G030.elf 
arm-none-eabi-objdump -h -S LED\ Dice\ G030.elf  > "LED Dice G030.list"
arm-none-eabi-objcopy  -O ihex LED\ Dice\ G030.elf  "LED Dice G030.hex"
   text	   data	    bss	    dec	    hex	filename
   9948	     12	   1996	  11956	   2eb4	LED Dice G030.elf
arm-none-eabi-objcopy  -O binary LED\ Dice\ G030.elf  "LED Dice G030.bin"
Finished building: default.size.stdout
 
Finished building: LED Dice G030.hex
Finished building: LED Dice G030.bin
Finished building: LED Dice G030.list
 
 
 
00:44:32 **** Incremental Build of configuration Release for project LED Dice G030 ****
make -j32 all 
arm-none-eabi-gcc "../Core/Src/main.c" -mcpu=cortex-m0plus -std=gnu11 -DUSE_HAL_DRIVER -DSTM32G030xx -c -I../Core/Inc -I../Drivers/STM32G0xx_HAL_Driver/Inc -I../Drivers/STM32G0xx_HAL_Driver/Inc/Legacy -I../Drivers/CMSIS/Device/ST/STM32G0xx/Include -I../Drivers/CMSIS/Include -Os -ffunction-sections -fdata-sections -Wall -fstack-usage -fcyclomatic-complexity -MMD -MP -MF"Core/Src/main.d" -MT"Core/Src/main.o" --specs=nano.specs -mfloat-abi=soft -mthumb -o "Core/Src/main.o"
arm-none-eabi-gcc -o "LED Dice G030.elf" @"objects.list"   -mcpu=cortex-m0plus -T"D:\Abdullah\projects\LED Dice\programs\LED Dice G030\STM32G030F6PX_FLASH.ld" --specs=nosys.specs -Wl,-Map="LED Dice G030.map" -Wl,--gc-sections -static --specs=nano.specs -mfloat-abi=soft -mthumb -Wl,--start-group -lc -lm -Wl,--end-group
Finished building target: LED Dice G030.elf
 
arm-none-eabi-size  LED\ Dice\ G030.elf 
arm-none-eabi-objdump -h -S LED\ Dice\ G030.elf  > "LED Dice G030.list"
arm-none-eabi-objcopy  -O ihex LED\ Dice\ G030.elf  "LED Dice G030.hex"
   text	   data	    bss	    dec	    hex	filename
   9948	     12	   1996	  11956	   2eb4	LED Dice G030.elf
arm-none-eabi-objcopy  -O binary LED\ Dice\ G030.elf  "LED Dice G030.bin"
Finished building: default.size.stdout
 
Finished building: LED Dice G030.hex
Finished building: LED Dice G030.bin
Finished building: LED Dice G030.list
 
 
 
00:45:00 **** Incremental Build of configuration Release for project LED Dice G030 ****
make -j32 all 
arm-none-eabi-gcc "../Core/Src/main.c" -mcpu=cortex-m0plus -std=gnu11 -DUSE_HAL_DRIVER -DSTM32G030xx -c -I../Core/Inc -I../Drivers/STM32G0xx_HAL_Driver/Inc -I../Drivers/STM32G0xx_HAL_Driver/Inc/Legacy -I../Drivers/CMSIS/Device/ST/STM32G0xx/Include -I../Drivers/CMSIS/Include -Os -ffunction-sections -fdata-sections -Wall -fstack-usage -fcyclomatic-complexity -MMD -MP -MF"Core/Src/main.d" -MT"Core/Src/main.o" --specs=nano.specs -mfloat-abi=soft -mthumb -o "Core/Src/main.o"
arm-none-eabi-gcc -o "LED Dice G030.elf" @"objects.list"   -mcpu=cortex-m0plus -T"D:\Abdullah\projects\LED Dice\programs\LED Dice G030\STM32G030F6PX_FLASH.ld" --specs=nosys.specs -Wl,-Map="LED Dice G030.map" -Wl,--gc-sections -static --specs=nano.specs -mfloat-abi=soft -mthumb -Wl,--start-group -lc -lm -Wl,--end-group
Finished building target: LED Dice G030.elf
 
arm-none-eabi-size  LED\ Dice\ G030.elf 
arm-none-eabi-objdump -h -S LED\ Dice\ G030.elf  > "LED Dice G030.list"
arm-none-eabi-objcopy  -O ihex LED\ Dice\ G030.elf  "LED Dice G030.hex"
   text	   data	    bss	    dec	    hex	filename
   9952	     12	   2092	  12056	   2f18	LED Dice G030.elf
arm-none-eabi-objcopy  -O binary LED\ Dice\ G030.elf  "LED Dice G030.bin"
Finished building: default.size.stdout
 
Finished building: LED Dice G030.hex
Finished building: LED Dice G030.bin
Finished building: LED Dice G030.list
 
 
 
00:46:42 **** Incremental Build of configuration Release for project LED Dice G030 ****
make -j32 all 
arm-none-eabi-gcc "../Core/Src/main.c" -mcpu=cortex-m0plus -std=gnu11 -DUSE_HAL_DRIVER -DSTM32G030xx -c -I../Core/Inc -I../Drivers/STM32G0xx_HAL_Driver/Inc -I../Drivers/STM32G0xx_HAL_Driver/Inc/Legacy -I../Drivers/CMSIS/Device/ST/STM32G0xx/Include -I../Drivers/CMSIS/Include -Os -ffunction-sections -fdata-sections -Wall -fstack-usage -fcyclomatic-complexity -MMD -MP -MF"Core/Src/main.d" -MT"Core/Src/main.o" --specs=nano.specs -mfloat-abi=soft -mthumb -o "Core/Src/main.o"
arm-none-eabi-gcc -o "LED Dice G030.elf" @"objects.list"   -mcpu=cortex-m0plus -T"D:\Abdullah\projects\LED Dice\programs\LED Dice G030\STM32G030F6PX_FLASH.ld" --specs=nosys.specs -Wl,-Map="LED Dice G030.map" -Wl,--gc-sections -static --specs=nano.specs -mfloat-abi=soft -mthumb -Wl,--start-group -lc -lm -Wl,--end-group
Finished building target: LED Dice G030.elf
 
arm-none-eabi-size  LED\ Dice\ G030.elf 
arm-none-eabi-objdump -h -S LED\ Dice\ G030.elf  > "LED Dice G030.list"
arm-none-eabi-objcopy  -O ihex LED\ Dice\ G030.elf  "LED Dice G030.hex"
   text	   data	    bss	    dec	    hex	filename
   9952	     12	   2092	  12056	   2f18	LED Dice G030.elf
arm-none-eabi-objcopy  -O binary LED\ Dice\ G030.elf  "LED Dice G030.bin"
Finished building: default.size.stdout
 
Finished building: LED Dice G030.hex
Finished building: LED Dice G030.bin
Finished building: LED Dice G030.list
 
 
 
00:47:01 **** Incremental Build of configuration Release for project LED Dice G030 ****
make -j32 all 
arm-none-eabi-gcc "../Core/Src/main.c" -mcpu=cortex-m0plus -std=gnu11 -DUSE_HAL_DRIVER -DSTM32G030xx -c -I../Core/Inc -I../Drivers/STM32G0xx_HAL_Driver/Inc -I../Drivers/STM32G0xx_HAL_Driver/Inc/Legacy -I../Drivers/CMSIS/Device/ST/STM32G0xx/Include -I../Drivers/CMSIS/Include -Os -ffunction-sections -fdata-sections -Wall -fstack-usage -fcyclomatic-complexity -MMD -MP -MF"Core/Src/main.d" -MT"Core/Src/main.o" --specs=nano.specs -mfloat-abi=soft -mthumb -o "Core/Src/main.o"
arm-none-eabi-gcc -o "LED Dice G030.elf" @"objects.list"   -mcpu=cortex-m0plus -T"D:\Abdullah\projects\LED Dice\programs\LED Dice G030\STM32G030F6PX_FLASH.ld" --specs=nosys.specs -Wl,-Map="LED Dice G030.map" -Wl,--gc-sections -static --specs=nano.specs -mfloat-abi=soft -mthumb -Wl,--start-group -lc -lm -Wl,--end-group
Finished building target: LED Dice G030.elf
 
arm-none-eabi-size  LED\ Dice\ G030.elf 
arm-none-eabi-objdump -h -S LED\ Dice\ G030.elf  > "LED Dice G030.list"
arm-none-eabi-objcopy  -O ihex LED\ Dice\ G030.elf  "LED Dice G030.hex"
   text	   data	    bss	    dec	    hex	filename
   9948	     12	   1996	  11956	   2eb4	LED Dice G030.elf
arm-none-eabi-objcopy  -O binary LED\ Dice\ G030.elf  "LED Dice G030.bin"
Finished building: default.size.stdout
 
Finished building: LED Dice G030.hex
Finished building: LED Dice G030.list
Finished building: LED Dice G030.bin
 
 
 
00:47:17 **** Incremental Build of configuration Release for project LED Dice G030 ****
make -j32 all 
arm-none-eabi-gcc "../Core/Src/main.c" -mcpu=cortex-m0plus -std=gnu11 -DUSE_HAL_DRIVER -DSTM32G030xx -c -I../Core/Inc -I../Drivers/STM32G0xx_HAL_Driver/Inc -I../Drivers/STM32G0xx_HAL_Driver/Inc/Legacy -I../Drivers/CMSIS/Device/ST/STM32G0xx/Include -I../Drivers/CMSIS/Include -Os -ffunction-sections -fdata-sections -Wall -fstack-usage -fcyclomatic-complexity -MMD -MP -MF"Core/Src/main.d" -MT"Core/Src/main.o" --specs=nano.specs -mfloat-abi=soft -mthumb -o "Core/Src/main.o"
arm-none-eabi-gcc -o "LED Dice G030.elf" @"objects.list"   -mcpu=cortex-m0plus -T"D:\Abdullah\projects\LED Dice\programs\LED Dice G030\STM32G030F6PX_FLASH.ld" --specs=nosys.specs -Wl,-Map="LED Dice G030.map" -Wl,--gc-sections -static --specs=nano.specs -mfloat-abi=soft -mthumb -Wl,--start-group -lc -lm -Wl,--end-group
Finished building target: LED Dice G030.elf
 
arm-none-eabi-size  LED\ Dice\ G030.elf 
arm-none-eabi-objdump -h -S LED\ Dice\ G030.elf  > "LED Dice G030.list"
arm-none-eabi-objcopy  -O ihex LED\ Dice\ G030.elf  "LED Dice G030.hex"
   text	   data	    bss	    dec	    hex	filename
   9952	     12	   2044	  12008	   2ee8	LED Dice G030.elf
arm-none-eabi-objcopy  -O binary LED\ Dice\ G030.elf  "LED Dice G030.bin"
Finished building: default.size.stdout
 
Finished building: LED Dice G030.hex
Finished building: LED Dice G030.bin
Finished building: LED Dice G030.list
 
 
 
00:54:34 **** Incremental Build of configuration Release for project LED Dice G030 ****
make -j32 all 
arm-none-eabi-gcc "../Core/Src/main.c" -mcpu=cortex-m0plus -std=gnu11 -DUSE_HAL_DRIVER -DSTM32G030xx -c -I../Core/Inc -I../Drivers/STM32G0xx_HAL_Driver/Inc -I../Drivers/STM32G0xx_HAL_Driver/Inc/Legacy -I../Drivers/CMSIS/Device/ST/STM32G0xx/Include -I../Drivers/CMSIS/Include -Os -ffunction-sections -fdata-sections -Wall -fstack-usage -fcyclomatic-complexity -MMD -MP -MF"Core/Src/main.d" -MT"Core/Src/main.o" --specs=nano.specs -mfloat-abi=soft -mthumb -o "Core/Src/main.o"
arm-none-eabi-gcc -o "LED Dice G030.elf" @"objects.list"   -mcpu=cortex-m0plus -T"D:\Abdullah\projects\LED Dice\programs\LED Dice G030\STM32G030F6PX_FLASH.ld" --specs=nosys.specs -Wl,-Map="LED Dice G030.map" -Wl,--gc-sections -static --specs=nano.specs -mfloat-abi=soft -mthumb -Wl,--start-group -lc -lm -Wl,--end-group
Finished building target: LED Dice G030.elf
 
arm-none-eabi-size  LED\ Dice\ G030.elf 
arm-none-eabi-objdump -h -S LED\ Dice\ G030.elf  > "LED Dice G030.list"
arm-none-eabi-objcopy  -O ihex LED\ Dice\ G030.elf  "LED Dice G030.hex"
   text	   data	    bss	    dec	    hex	filename
   9948	     12	   1996	  11956	   2eb4	LED Dice G030.elf
arm-none-eabi-objcopy  -O binary LED\ Dice\ G030.elf  "LED Dice G030.bin"
Finished building: default.size.stdout
 
Finished building: LED Dice G030.hex
Finished building: LED Dice G030.bin
Finished building: LED Dice G030.list
 
 
 
00:55:05 **** Incremental Build of configuration Release for project LED Dice G030 ****
make -j32 all 
arm-none-eabi-gcc "../Core/Src/main.c" -mcpu=cortex-m0plus -std=gnu11 -DUSE_HAL_DRIVER -DSTM32G030xx -c -I../Core/Inc -I../Drivers/STM32G0xx_HAL_Driver/Inc -I../Drivers/STM32G0xx_HAL_Driver/Inc/Legacy -I../Drivers/CMSIS/Device/ST/STM32G0xx/Include -I../Drivers/CMSIS/Include -Os -ffunction-sections -fdata-sections -Wall -fstack-usage -fcyclomatic-complexity -MMD -MP -MF"Core/Src/main.d" -MT"Core/Src/main.o" --specs=nano.specs -mfloat-abi=soft -mthumb -o "Core/Src/main.o"
arm-none-eabi-gcc -o "LED Dice G030.elf" @"objects.list"   -mcpu=cortex-m0plus -T"D:\Abdullah\projects\LED Dice\programs\LED Dice G030\STM32G030F6PX_FLASH.ld" --specs=nosys.specs -Wl,-Map="LED Dice G030.map" -Wl,--gc-sections -static --specs=nano.specs -mfloat-abi=soft -mthumb -Wl,--start-group -lc -lm -Wl,--end-group
Finished building target: LED Dice G030.elf
 
arm-none-eabi-size  LED\ Dice\ G030.elf 
arm-none-eabi-objdump -h -S LED\ Dice\ G030.elf  > "LED Dice G030.list"
arm-none-eabi-objcopy  -O ihex LED\ Dice\ G030.elf  "LED Dice G030.hex"
   text	   data	    bss	    dec	    hex	filename
   9948	     12	   1996	  11956	   2eb4	LED Dice G030.elf
arm-none-eabi-objcopy  -O binary LED\ Dice\ G030.elf  "LED Dice G030.bin"
Finished building: default.size.stdout
 
Finished building: LED Dice G030.hex
Finished building: LED Dice G030.bin
Finished building: LED Dice G030.list
 
 
 
00:56:14 **** Incremental Build of configuration Release for project LED Dice G030 ****
make -j32 all 
arm-none-eabi-gcc "../Core/Src/main.c" -mcpu=cortex-m0plus -std=gnu11 -DUSE_HAL_DRIVER -DSTM32G030xx -c -I../Core/Inc -I../Drivers/STM32G0xx_HAL_Driver/Inc -I../Drivers/STM32G0xx_HAL_Driver/Inc/Legacy -I../Drivers/CMSIS/Device/ST/STM32G0xx/Include -I../Drivers/CMSIS/Include -Os -ffunction-sections -fdata-sections -Wall -fstack-usage -fcyclomatic-complexity -MMD -MP -MF"Core/Src/main.d" -MT"Core/Src/main.o" --specs=nano.specs -mfloat-abi=soft -mthumb -o "Core/Src/main.o"
arm-none-eabi-gcc -o "LED Dice G030.elf" @"objects.list"   -mcpu=cortex-m0plus -T"D:\Abdullah\projects\LED Dice\programs\LED Dice G030\STM32G030F6PX_FLASH.ld" --specs=nosys.specs -Wl,-Map="LED Dice G030.map" -Wl,--gc-sections -static --specs=nano.specs -mfloat-abi=soft -mthumb -Wl,--start-group -lc -lm -Wl,--end-group
Finished building target: LED Dice G030.elf
 
arm-none-eabi-size  LED\ Dice\ G030.elf 
arm-none-eabi-objdump -h -S LED\ Dice\ G030.elf  > "LED Dice G030.list"
arm-none-eabi-objcopy  -O ihex LED\ Dice\ G030.elf  "LED Dice G030.hex"
   text	   data	    bss	    dec	    hex	filename
   9948	     12	   1996	  11956	   2eb4	LED Dice G030.elf
arm-none-eabi-objcopy  -O binary LED\ Dice\ G030.elf  "LED Dice G030.bin"
Finished building: default.size.stdout
 
Finished building: LED Dice G030.hex
Finished building: LED Dice G030.bin
Finished building: LED Dice G030.list
 
 
 
00:56:48 **** Incremental Build of configuration Release for project LED Dice G030 ****
make -j32 all 
arm-none-eabi-gcc "../Core/Src/main.c" -mcpu=cortex-m0plus -std=gnu11 -DUSE_HAL_DRIVER -DSTM32G030xx -c -I../Core/Inc -I../Drivers/STM32G0xx_HAL_Driver/Inc -I../Drivers/STM32G0xx_HAL_Driver/Inc/Legacy -I../Drivers/CMSIS/Device/ST/STM32G0xx/Include -I../Drivers/CMSIS/Include -Os -ffunction-sections -fdata-sections -Wall -fstack-usage -fcyclomatic-complexity -MMD -MP -MF"Core/Src/main.d" -MT"Core/Src/main.o" --specs=nano.specs -mfloat-abi=soft -mthumb -o "Core/Src/main.o"
arm-none-eabi-gcc -o "LED Dice G030.elf" @"objects.list"   -mcpu=cortex-m0plus -T"D:\Abdullah\projects\LED Dice\programs\LED Dice G030\STM32G030F6PX_FLASH.ld" --specs=nosys.specs -Wl,-Map="LED Dice G030.map" -Wl,--gc-sections -static --specs=nano.specs -mfloat-abi=soft -mthumb -Wl,--start-group -lc -lm -Wl,--end-group
Finished building target: LED Dice G030.elf
 
arm-none-eabi-size  LED\ Dice\ G030.elf 
arm-none-eabi-objdump -h -S LED\ Dice\ G030.elf  > "LED Dice G030.list"
arm-none-eabi-objcopy  -O ihex LED\ Dice\ G030.elf  "LED Dice G030.hex"
   text	   data	    bss	    dec	    hex	filename
   9952	     12	   2044	  12008	   2ee8	LED Dice G030.elf
arm-none-eabi-objcopy  -O binary LED\ Dice\ G030.elf  "LED Dice G030.bin"
Finished building: default.size.stdout
 
Finished building: LED Dice G030.hex
Finished building: LED Dice G030.bin
Finished building: LED Dice G030.list
 
 
 
00:58:50 **** Incremental Build of configuration Release for project LED Dice G030 ****
make -j32 all 
arm-none-eabi-gcc "../Core/Src/main.c" -mcpu=cortex-m0plus -std=gnu11 -DUSE_HAL_DRIVER -DSTM32G030xx -c -I../Core/Inc -I../Drivers/STM32G0xx_HAL_Driver/Inc -I../Drivers/STM32G0xx_HAL_Driver/Inc/Legacy -I../Drivers/CMSIS/Device/ST/STM32G0xx/Include -I../Drivers/CMSIS/Include -Os -ffunction-sections -fdata-sections -Wall -fstack-usage -fcyclomatic-complexity -MMD -MP -MF"Core/Src/main.d" -MT"Core/Src/main.o" --specs=nano.specs -mfloat-abi=soft -mthumb -o "Core/Src/main.o"
../Core/Src/main.c: In function 'main':
../Core/Src/main.c:149:38: error: passing argument 2 of 'HAL_UART_Transmit' from incompatible pointer type [-Wincompatible-pointer-types]
  149 |           HAL_UART_Transmit(&huart1, LED_Data, arrSiz, 100);
      |                                      ^~~~~~~~
      |                                      |
      |                                      uint16_t * {aka short unsigned int *}
In file included from ../Core/Inc/stm32g0xx_hal_conf.h:319,
                 from ../Drivers/STM32G0xx_HAL_Driver/Inc/stm32g0xx_hal.h:29,
                 from ../Core/Inc/main.h:30,
                 from ../Core/Src/main.c:20:
../Drivers/STM32G0xx_HAL_Driver/Inc/stm32g0xx_hal_uart.h:1633:79: note: expected 'const uint8_t *' {aka 'const unsigned char *'} but argument is of type 'uint16_t *' {aka 'short unsigned int *'}
 1633 | HAL_StatusTypeDef HAL_UART_Transmit(UART_HandleTypeDef *huart, const uint8_t *pData, uint16_t Size, uint32_t Timeout);
      |                                                                ~~~~~~~~~~~~~~~^~~~~
make: *** [Core/Src/subdir.mk:34: Core/Src/main.o] Error 1
"make -j32 all" terminated with exit code 2. Build might be incomplete.
00:59:54 **** Incremental Build of configuration Release for project LED Dice G030 ****
make -j32 all 
arm-none-eabi-gcc "../Core/Src/main.c" -mcpu=cortex-m0plus -std=gnu11 -DUSE_HAL_DRIVER -DSTM32G030xx -c -I../Core/Inc -I../Drivers/STM32G0xx_HAL_Driver/Inc -I../Drivers/STM32G0xx_HAL_Driver/Inc/Legacy -I../Drivers/CMSIS/Device/ST/STM32G0xx/Include -I../Drivers/CMSIS/Include -Os -ffunction-sections -fdata-sections -Wall -fstack-usage -fcyclomatic-complexity -MMD -MP -MF"Core/Src/main.d" -MT"Core/Src/main.o" --specs=nano.specs -mfloat-abi=soft -mthumb -o "Core/Src/main.o"
arm-none-eabi-gcc -o "LED Dice G030.elf" @"objects.list"   -mcpu=cortex-m0plus -T"D:\Abdullah\projects\LED Dice\programs\LED Dice G030\STM32G030F6PX_FLASH.ld" --specs=nosys.specs -Wl,-Map="LED Dice G030.map" -Wl,--gc-sections -static --specs=nano.specs -mfloat-abi=soft -mthumb -Wl,--start-group -lc -lm -Wl,--end-group
Finished building target: LED Dice G030.elf
 
arm-none-eabi-size  LED\ Dice\ G030.elf 
arm-none-eabi-objdump -h -S LED\ Dice\ G030.elf  > "LED Dice G030.list"
arm-none-eabi-objcopy  -O ihex LED\ Dice\ G030.elf  "LED Dice G030.hex"
   text	   data	    bss	    dec	    hex	filename
   9968	     12	   2044	  12024	   2ef8	LED Dice G030.elf
arm-none-eabi-objcopy  -O binary LED\ Dice\ G030.elf  "LED Dice G030.bin"
Finished building: default.size.stdout
 
Finished building: LED Dice G030.hex
Finished building: LED Dice G030.bin
Finished building: LED Dice G030.list
 
 
 
00:59:56 **** Incremental Build of configuration Release for project LED Dice G030 ****
make -j32 all 
arm-none-eabi-size  LED\ Dice\ G030.elf 
   text	   data	    bss	    dec	    hex	filename
   9968	     12	   2044	  12024	   2ef8	LED Dice G030.elf
Finished building: default.size.stdout
 
01:03:39 **** Incremental Build of configuration Release for project LED Dice G030 ****
make -j32 all 
arm-none-eabi-gcc "../Core/Src/main.c" -mcpu=cortex-m0plus -std=gnu11 -DUSE_HAL_DRIVER -DSTM32G030xx -c -I../Core/Inc -I../Drivers/STM32G0xx_HAL_Driver/Inc -I../Drivers/STM32G0xx_HAL_Driver/Inc/Legacy -I../Drivers/CMSIS/Device/ST/STM32G0xx/Include -I../Drivers/CMSIS/Include -Os -ffunction-sections -fdata-sections -Wall -fstack-usage -fcyclomatic-complexity -MMD -MP -MF"Core/Src/main.d" -MT"Core/Src/main.o" --specs=nano.specs -mfloat-abi=soft -mthumb -o "Core/Src/main.o"
../Core/Src/main.c: In function 'setLEDData':
../Core/Src/main.c:420:27: error: lvalue required as increment operand
  420 |         for(i=0;i<arrSiz;1++)
      |                           ^~
../Core/Src/main.c:422:17: error: 'print_Data' undeclared (first use in this function); did you mean 'printData'?
  422 |                 print_Data[i] = LED_data[i] + 48;
      |                 ^~~~~~~~~~
      |                 printData
../Core/Src/main.c:422:17: note: each undeclared identifier is reported only once for each function it appears in
../Core/Src/main.c:422:33: error: 'LED_data' undeclared (first use in this function); did you mean 'LED_Data'?
  422 |                 print_Data[i] = LED_data[i] + 48;
      |                                 ^~~~~~~~
      |                                 LED_Data
make: *** [Core/Src/subdir.mk:34: Core/Src/main.o] Error 1
"make -j32 all" terminated with exit code 2. Build might be incomplete.
01:03:51 **** Incremental Build of configuration Release for project LED Dice G030 ****
make -j32 all 
arm-none-eabi-gcc "../Core/Src/main.c" -mcpu=cortex-m0plus -std=gnu11 -DUSE_HAL_DRIVER -DSTM32G030xx -c -I../Core/Inc -I../Drivers/STM32G0xx_HAL_Driver/Inc -I../Drivers/STM32G0xx_HAL_Driver/Inc/Legacy -I../Drivers/CMSIS/Device/ST/STM32G0xx/Include -I../Drivers/CMSIS/Include -Os -ffunction-sections -fdata-sections -Wall -fstack-usage -fcyclomatic-complexity -MMD -MP -MF"Core/Src/main.d" -MT"Core/Src/main.o" --specs=nano.specs -mfloat-abi=soft -mthumb -o "Core/Src/main.o"
../Core/Src/main.c: In function 'setLEDData':
../Core/Src/main.c:420:27: error: lvalue required as increment operand
  420 |         for(i=0;i<arrSiz;1++)
      |                           ^~
../Core/Src/main.c:422:32: error: 'LED_data' undeclared (first use in this function); did you mean 'LED_Data'?
  422 |                 printData[i] = LED_data[i] + 48;
      |                                ^~~~~~~~
      |                                LED_Data
../Core/Src/main.c:422:32: note: each undeclared identifier is reported only once for each function it appears in
make: *** [Core/Src/subdir.mk:34: Core/Src/main.o] Error 1
"make -j32 all" terminated with exit code 2. Build might be incomplete.
01:03:58 **** Incremental Build of configuration Release for project LED Dice G030 ****
make -j32 all 
arm-none-eabi-gcc "../Core/Src/main.c" -mcpu=cortex-m0plus -std=gnu11 -DUSE_HAL_DRIVER -DSTM32G030xx -c -I../Core/Inc -I../Drivers/STM32G0xx_HAL_Driver/Inc -I../Drivers/STM32G0xx_HAL_Driver/Inc/Legacy -I../Drivers/CMSIS/Device/ST/STM32G0xx/Include -I../Drivers/CMSIS/Include -Os -ffunction-sections -fdata-sections -Wall -fstack-usage -fcyclomatic-complexity -MMD -MP -MF"Core/Src/main.d" -MT"Core/Src/main.o" --specs=nano.specs -mfloat-abi=soft -mthumb -o "Core/Src/main.o"
../Core/Src/main.c: In function 'setLEDData':
../Core/Src/main.c:422:32: error: 'LED_data' undeclared (first use in this function); did you mean 'LED_Data'?
  422 |                 printData[i] = LED_data[i] + 48;
      |                                ^~~~~~~~
      |                                LED_Data
../Core/Src/main.c:422:32: note: each undeclared identifier is reported only once for each function it appears in
make: *** [Core/Src/subdir.mk:34: Core/Src/main.o] Error 1
"make -j32 all" terminated with exit code 2. Build might be incomplete.
01:04:04 **** Incremental Build of configuration Release for project LED Dice G030 ****
make -j32 all 
arm-none-eabi-gcc "../Core/Src/main.c" -mcpu=cortex-m0plus -std=gnu11 -DUSE_HAL_DRIVER -DSTM32G030xx -c -I../Core/Inc -I../Drivers/STM32G0xx_HAL_Driver/Inc -I../Drivers/STM32G0xx_HAL_Driver/Inc/Legacy -I../Drivers/CMSIS/Device/ST/STM32G0xx/Include -I../Drivers/CMSIS/Include -Os -ffunction-sections -fdata-sections -Wall -fstack-usage -fcyclomatic-complexity -MMD -MP -MF"Core/Src/main.d" -MT"Core/Src/main.o" --specs=nano.specs -mfloat-abi=soft -mthumb -o "Core/Src/main.o"
arm-none-eabi-gcc -o "LED Dice G030.elf" @"objects.list"   -mcpu=cortex-m0plus -T"D:\Abdullah\projects\LED Dice\programs\LED Dice G030\STM32G030F6PX_FLASH.ld" --specs=nosys.specs -Wl,-Map="LED Dice G030.map" -Wl,--gc-sections -static --specs=nano.specs -mfloat-abi=soft -mthumb -Wl,--start-group -lc -lm -Wl,--end-group
Finished building target: LED Dice G030.elf
 
arm-none-eabi-size  LED\ Dice\ G030.elf 
arm-none-eabi-objdump -h -S LED\ Dice\ G030.elf  > "LED Dice G030.list"
arm-none-eabi-objcopy  -O ihex LED\ Dice\ G030.elf  "LED Dice G030.hex"
   text	   data	    bss	    dec	    hex	filename
   9992	     12	   2116	  12120	   2f58	LED Dice G030.elf
arm-none-eabi-objcopy  -O binary LED\ Dice\ G030.elf  "LED Dice G030.bin"
Finished building: default.size.stdout
 
Finished building: LED Dice G030.hex
Finished building: LED Dice G030.bin
Finished building: LED Dice G030.list
 
 
 
01:04:07 **** Incremental Build of configuration Release for project LED Dice G030 ****
make -j32 all 
arm-none-eabi-size  LED\ Dice\ G030.elf 
   text	   data	    bss	    dec	    hex	filename
   9992	     12	   2116	  12120	   2f58	LED Dice G030.elf
Finished building: default.size.stdout
 
01:05:17 **** Incremental Build of configuration Release for project LED Dice G030 ****
make -j32 all 
arm-none-eabi-gcc "../Core/Src/main.c" -mcpu=cortex-m0plus -std=gnu11 -DUSE_HAL_DRIVER -DSTM32G030xx -c -I../Core/Inc -I../Drivers/STM32G0xx_HAL_Driver/Inc -I../Drivers/STM32G0xx_HAL_Driver/Inc/Legacy -I../Drivers/CMSIS/Device/ST/STM32G0xx/Include -I../Drivers/CMSIS/Include -Os -ffunction-sections -fdata-sections -Wall -fstack-usage -fcyclomatic-complexity -MMD -MP -MF"Core/Src/main.d" -MT"Core/Src/main.o" --specs=nano.specs -mfloat-abi=soft -mthumb -o "Core/Src/main.o"
arm-none-eabi-gcc -o "LED Dice G030.elf" @"objects.list"   -mcpu=cortex-m0plus -T"D:\Abdullah\projects\LED Dice\programs\LED Dice G030\STM32G030F6PX_FLASH.ld" --specs=nosys.specs -Wl,-Map="LED Dice G030.map" -Wl,--gc-sections -static --specs=nano.specs -mfloat-abi=soft -mthumb -Wl,--start-group -lc -lm -Wl,--end-group
Finished building target: LED Dice G030.elf
 
arm-none-eabi-size  LED\ Dice\ G030.elf 
arm-none-eabi-objdump -h -S LED\ Dice\ G030.elf  > "LED Dice G030.list"
arm-none-eabi-objcopy  -O ihex LED\ Dice\ G030.elf  "LED Dice G030.hex"
   text	   data	    bss	    dec	    hex	filename
   9992	     12	   2116	  12120	   2f58	LED Dice G030.elf
arm-none-eabi-objcopy  -O binary LED\ Dice\ G030.elf  "LED Dice G030.bin"
Finished building: default.size.stdout
 
Finished building: LED Dice G030.hex
Finished building: LED Dice G030.bin
Finished building: LED Dice G030.list
 
 
 
01:06:43 **** Incremental Build of configuration Release for project LED Dice G030 ****
make -j32 all 
arm-none-eabi-gcc "../Core/Src/main.c" -mcpu=cortex-m0plus -std=gnu11 -DUSE_HAL_DRIVER -DSTM32G030xx -c -I../Core/Inc -I../Drivers/STM32G0xx_HAL_Driver/Inc -I../Drivers/STM32G0xx_HAL_Driver/Inc/Legacy -I../Drivers/CMSIS/Device/ST/STM32G0xx/Include -I../Drivers/CMSIS/Include -Os -ffunction-sections -fdata-sections -Wall -fstack-usage -fcyclomatic-complexity -MMD -MP -MF"Core/Src/main.d" -MT"Core/Src/main.o" --specs=nano.specs -mfloat-abi=soft -mthumb -o "Core/Src/main.o"
arm-none-eabi-gcc -o "LED Dice G030.elf" @"objects.list"   -mcpu=cortex-m0plus -T"D:\Abdullah\projects\LED Dice\programs\LED Dice G030\STM32G030F6PX_FLASH.ld" --specs=nosys.specs -Wl,-Map="LED Dice G030.map" -Wl,--gc-sections -static --specs=nano.specs -mfloat-abi=soft -mthumb -Wl,--start-group -lc -lm -Wl,--end-group
Finished building target: LED Dice G030.elf
 
arm-none-eabi-size  LED\ Dice\ G030.elf 
arm-none-eabi-objdump -h -S LED\ Dice\ G030.elf  > "LED Dice G030.list"
arm-none-eabi-objcopy  -O ihex LED\ Dice\ G030.elf  "LED Dice G030.hex"
   text	   data	    bss	    dec	    hex	filename
   9828	     12	   1892	  11732	   2dd4	LED Dice G030.elf
arm-none-eabi-objcopy  -O binary LED\ Dice\ G030.elf  "LED Dice G030.bin"
Finished building: default.size.stdout
 
Finished building: LED Dice G030.hex
Finished building: LED Dice G030.bin
Finished building: LED Dice G030.list
 
 
 
01:07:01 **** Incremental Build of configuration Release for project LED Dice G030 ****
make -j32 all 
arm-none-eabi-gcc "../Core/Src/main.c" -mcpu=cortex-m0plus -std=gnu11 -DUSE_HAL_DRIVER -DSTM32G030xx -c -I../Core/Inc -I../Drivers/STM32G0xx_HAL_Driver/Inc -I../Drivers/STM32G0xx_HAL_Driver/Inc/Legacy -I../Drivers/CMSIS/Device/ST/STM32G0xx/Include -I../Drivers/CMSIS/Include -Os -ffunction-sections -fdata-sections -Wall -fstack-usage -fcyclomatic-complexity -MMD -MP -MF"Core/Src/main.d" -MT"Core/Src/main.o" --specs=nano.specs -mfloat-abi=soft -mthumb -o "Core/Src/main.o"
arm-none-eabi-gcc -o "LED Dice G030.elf" @"objects.list"   -mcpu=cortex-m0plus -T"D:\Abdullah\projects\LED Dice\programs\LED Dice G030\STM32G030F6PX_FLASH.ld" --specs=nosys.specs -Wl,-Map="LED Dice G030.map" -Wl,--gc-sections -static --specs=nano.specs -mfloat-abi=soft -mthumb -Wl,--start-group -lc -lm -Wl,--end-group
Finished building target: LED Dice G030.elf
 
arm-none-eabi-size  LED\ Dice\ G030.elf 
arm-none-eabi-objdump -h -S LED\ Dice\ G030.elf  > "LED Dice G030.list"
arm-none-eabi-objcopy  -O ihex LED\ Dice\ G030.elf  "LED Dice G030.hex"
   text	   data	    bss	    dec	    hex	filename
   9988	     12	   2044	  12044	   2f0c	LED Dice G030.elf
arm-none-eabi-objcopy  -O binary LED\ Dice\ G030.elf  "LED Dice G030.bin"
Finished building: default.size.stdout
 
Finished building: LED Dice G030.hex
Finished building: LED Dice G030.bin
Finished building: LED Dice G030.list
 
 
 
01:07:52 **** Incremental Build of configuration Release for project LED Dice G030 ****
make -j32 all 
arm-none-eabi-gcc "../Core/Src/main.c" -mcpu=cortex-m0plus -std=gnu11 -DUSE_HAL_DRIVER -DSTM32G030xx -c -I../Core/Inc -I../Drivers/STM32G0xx_HAL_Driver/Inc -I../Drivers/STM32G0xx_HAL_Driver/Inc/Legacy -I../Drivers/CMSIS/Device/ST/STM32G0xx/Include -I../Drivers/CMSIS/Include -Os -ffunction-sections -fdata-sections -Wall -fstack-usage -fcyclomatic-complexity -MMD -MP -MF"Core/Src/main.d" -MT"Core/Src/main.o" --specs=nano.specs -mfloat-abi=soft -mthumb -o "Core/Src/main.o"
arm-none-eabi-gcc -o "LED Dice G030.elf" @"objects.list"   -mcpu=cortex-m0plus -T"D:\Abdullah\projects\LED Dice\programs\LED Dice G030\STM32G030F6PX_FLASH.ld" --specs=nosys.specs -Wl,-Map="LED Dice G030.map" -Wl,--gc-sections -static --specs=nano.specs -mfloat-abi=soft -mthumb -Wl,--start-group -lc -lm -Wl,--end-group
Finished building target: LED Dice G030.elf
 
arm-none-eabi-size  LED\ Dice\ G030.elf 
arm-none-eabi-objdump -h -S LED\ Dice\ G030.elf  > "LED Dice G030.list"
arm-none-eabi-objcopy  -O ihex LED\ Dice\ G030.elf  "LED Dice G030.hex"
   text	   data	    bss	    dec	    hex	filename
   9956	     12	   1972	  11940	   2ea4	LED Dice G030.elf
arm-none-eabi-objcopy  -O binary LED\ Dice\ G030.elf  "LED Dice G030.bin"
Finished building: default.size.stdout
 
Finished building: LED Dice G030.hex
Finished building: LED Dice G030.bin
Finished building: LED Dice G030.list
 
 
 
01:09:15 **** Incremental Build of configuration Release for project LED Dice G030 ****
make -j32 all 
arm-none-eabi-size  LED\ Dice\ G030.elf 
   text	   data	    bss	    dec	    hex	filename
   9956	     12	   1972	  11940	   2ea4	LED Dice G030.elf
Finished building: default.size.stdout
 
01:09:43 **** Incremental Build of configuration Release for project LED Dice G030 ****
make -j32 all 
arm-none-eabi-gcc "../Core/Src/main.c" -mcpu=cortex-m0plus -std=gnu11 -DUSE_HAL_DRIVER -DSTM32G030xx -c -I../Core/Inc -I../Drivers/STM32G0xx_HAL_Driver/Inc -I../Drivers/STM32G0xx_HAL_Driver/Inc/Legacy -I../Drivers/CMSIS/Device/ST/STM32G0xx/Include -I../Drivers/CMSIS/Include -Os -ffunction-sections -fdata-sections -Wall -fstack-usage -fcyclomatic-complexity -MMD -MP -MF"Core/Src/main.d" -MT"Core/Src/main.o" --specs=nano.specs -mfloat-abi=soft -mthumb -o "Core/Src/main.o"
arm-none-eabi-gcc -o "LED Dice G030.elf" @"objects.list"   -mcpu=cortex-m0plus -T"D:\Abdullah\projects\LED Dice\programs\LED Dice G030\STM32G030F6PX_FLASH.ld" --specs=nosys.specs -Wl,-Map="LED Dice G030.map" -Wl,--gc-sections -static --specs=nano.specs -mfloat-abi=soft -mthumb -Wl,--start-group -lc -lm -Wl,--end-group
Finished building target: LED Dice G030.elf
 
arm-none-eabi-size  LED\ Dice\ G030.elf 
arm-none-eabi-objdump -h -S LED\ Dice\ G030.elf  > "LED Dice G030.list"
arm-none-eabi-objcopy  -O ihex LED\ Dice\ G030.elf  "LED Dice G030.hex"
   text	   data	    bss	    dec	    hex	filename
   9992	     12	   2116	  12120	   2f58	LED Dice G030.elf
arm-none-eabi-objcopy  -O binary LED\ Dice\ G030.elf  "LED Dice G030.bin"
Finished building: default.size.stdout
 
Finished building: LED Dice G030.hex
Finished building: LED Dice G030.bin
Finished building: LED Dice G030.list
 
 
 
01:12:49 **** Incremental Build of configuration Release for project LED Dice G030 ****
make -j32 all 
arm-none-eabi-gcc "../Core/Src/main.c" -mcpu=cortex-m0plus -std=gnu11 -DUSE_HAL_DRIVER -DSTM32G030xx -c -I../Core/Inc -I../Drivers/STM32G0xx_HAL_Driver/Inc -I../Drivers/STM32G0xx_HAL_Driver/Inc/Legacy -I../Drivers/CMSIS/Device/ST/STM32G0xx/Include -I../Drivers/CMSIS/Include -Os -ffunction-sections -fdata-sections -Wall -fstack-usage -fcyclomatic-complexity -MMD -MP -MF"Core/Src/main.d" -MT"Core/Src/main.o" --specs=nano.specs -mfloat-abi=soft -mthumb -o "Core/Src/main.o"
arm-none-eabi-gcc -o "LED Dice G030.elf" @"objects.list"   -mcpu=cortex-m0plus -T"D:\Abdullah\projects\LED Dice\programs\LED Dice G030\STM32G030F6PX_FLASH.ld" --specs=nosys.specs -Wl,-Map="LED Dice G030.map" -Wl,--gc-sections -static --specs=nano.specs -mfloat-abi=soft -mthumb -Wl,--start-group -lc -lm -Wl,--end-group
Finished building target: LED Dice G030.elf
 
arm-none-eabi-size  LED\ Dice\ G030.elf 
arm-none-eabi-objdump -h -S LED\ Dice\ G030.elf  > "LED Dice G030.list"
arm-none-eabi-objcopy  -O ihex LED\ Dice\ G030.elf  "LED Dice G030.hex"
   text	   data	    bss	    dec	    hex	filename
   9992	     12	   2116	  12120	   2f58	LED Dice G030.elf
arm-none-eabi-objcopy  -O binary LED\ Dice\ G030.elf  "LED Dice G030.bin"
Finished building: default.size.stdout
 
Finished building: LED Dice G030.hex
Finished building: LED Dice G030.bin
Finished building: LED Dice G030.list
 
 
 
01:13:59 **** Incremental Build of configuration Release for project LED Dice G030 ****
make -j32 all 
arm-none-eabi-gcc "../Core/Src/main.c" -mcpu=cortex-m0plus -std=gnu11 -DUSE_HAL_DRIVER -DSTM32G030xx -c -I../Core/Inc -I../Drivers/STM32G0xx_HAL_Driver/Inc -I../Drivers/STM32G0xx_HAL_Driver/Inc/Legacy -I../Drivers/CMSIS/Device/ST/STM32G0xx/Include -I../Drivers/CMSIS/Include -Os -ffunction-sections -fdata-sections -Wall -fstack-usage -fcyclomatic-complexity -MMD -MP -MF"Core/Src/main.d" -MT"Core/Src/main.o" --specs=nano.specs -mfloat-abi=soft -mthumb -o "Core/Src/main.o"
arm-none-eabi-gcc -o "LED Dice G030.elf" @"objects.list"   -mcpu=cortex-m0plus -T"D:\Abdullah\projects\LED Dice\programs\LED Dice G030\STM32G030F6PX_FLASH.ld" --specs=nosys.specs -Wl,-Map="LED Dice G030.map" -Wl,--gc-sections -static --specs=nano.specs -mfloat-abi=soft -mthumb -Wl,--start-group -lc -lm -Wl,--end-group
Finished building target: LED Dice G030.elf
 
arm-none-eabi-size  LED\ Dice\ G030.elf 
arm-none-eabi-objdump -h -S LED\ Dice\ G030.elf  > "LED Dice G030.list"
arm-none-eabi-objcopy  -O ihex LED\ Dice\ G030.elf  "LED Dice G030.hex"
   text	   data	    bss	    dec	    hex	filename
   9992	     12	   2116	  12120	   2f58	LED Dice G030.elf
arm-none-eabi-objcopy  -O binary LED\ Dice\ G030.elf  "LED Dice G030.bin"
Finished building: default.size.stdout
 
Finished building: LED Dice G030.hex
Finished building: LED Dice G030.bin
Finished building: LED Dice G030.list
 
 
 
01:26:55 **** Incremental Build of configuration Release for project LED Dice G030 ****
make -j32 all 
arm-none-eabi-gcc "../Core/Src/main.c" -mcpu=cortex-m0plus -std=gnu11 -DUSE_HAL_DRIVER -DSTM32G030xx -c -I../Core/Inc -I../Drivers/STM32G0xx_HAL_Driver/Inc -I../Drivers/STM32G0xx_HAL_Driver/Inc/Legacy -I../Drivers/CMSIS/Device/ST/STM32G0xx/Include -I../Drivers/CMSIS/Include -Os -ffunction-sections -fdata-sections -Wall -fstack-usage -fcyclomatic-complexity -MMD -MP -MF"Core/Src/main.d" -MT"Core/Src/main.o" --specs=nano.specs -mfloat-abi=soft -mthumb -o "Core/Src/main.o"
arm-none-eabi-gcc -o "LED Dice G030.elf" @"objects.list"   -mcpu=cortex-m0plus -T"D:\Abdullah\projects\LED Dice\programs\LED Dice G030\STM32G030F6PX_FLASH.ld" --specs=nosys.specs -Wl,-Map="LED Dice G030.map" -Wl,--gc-sections -static --specs=nano.specs -mfloat-abi=soft -mthumb -Wl,--start-group -lc -lm -Wl,--end-group
Finished building target: LED Dice G030.elf
 
arm-none-eabi-size  LED\ Dice\ G030.elf 
arm-none-eabi-objdump -h -S LED\ Dice\ G030.elf  > "LED Dice G030.list"
arm-none-eabi-objcopy  -O ihex LED\ Dice\ G030.elf  "LED Dice G030.hex"
   text	   data	    bss	    dec	    hex	filename
   9992	     12	   2404	  12408	   3078	LED Dice G030.elf
arm-none-eabi-objcopy  -O binary LED\ Dice\ G030.elf  "LED Dice G030.bin"
Finished building: default.size.stdout
 
Finished building: LED Dice G030.hex
Finished building: LED Dice G030.bin
Finished building: LED Dice G030.list
 
 
 
01:27:26 **** Incremental Build of configuration Release for project LED Dice G030 ****
make -j32 all 
arm-none-eabi-gcc "../Core/Src/main.c" -mcpu=cortex-m0plus -std=gnu11 -DUSE_HAL_DRIVER -DSTM32G030xx -c -I../Core/Inc -I../Drivers/STM32G0xx_HAL_Driver/Inc -I../Drivers/STM32G0xx_HAL_Driver/Inc/Legacy -I../Drivers/CMSIS/Device/ST/STM32G0xx/Include -I../Drivers/CMSIS/Include -Os -ffunction-sections -fdata-sections -Wall -fstack-usage -fcyclomatic-complexity -MMD -MP -MF"Core/Src/main.d" -MT"Core/Src/main.o" --specs=nano.specs -mfloat-abi=soft -mthumb -o "Core/Src/main.o"
arm-none-eabi-gcc -o "LED Dice G030.elf" @"objects.list"   -mcpu=cortex-m0plus -T"D:\Abdullah\projects\LED Dice\programs\LED Dice G030\STM32G030F6PX_FLASH.ld" --specs=nosys.specs -Wl,-Map="LED Dice G030.map" -Wl,--gc-sections -static --specs=nano.specs -mfloat-abi=soft -mthumb -Wl,--start-group -lc -lm -Wl,--end-group
Finished building target: LED Dice G030.elf
 
arm-none-eabi-size  LED\ Dice\ G030.elf 
arm-none-eabi-objdump -h -S LED\ Dice\ G030.elf  > "LED Dice G030.list"
arm-none-eabi-objcopy  -O ihex LED\ Dice\ G030.elf  "LED Dice G030.hex"
   text	   data	    bss	    dec	    hex	filename
  10000	     12	   2764	  12776	   31e8	LED Dice G030.elf
arm-none-eabi-objcopy  -O binary LED\ Dice\ G030.elf  "LED Dice G030.bin"
Finished building: default.size.stdout
 
Finished building: LED Dice G030.hex
Finished building: LED Dice G030.bin
Finished building: LED Dice G030.list
 
 
 
01:54:29 **** Incremental Build of configuration Release for project LED Dice G030 ****
make -j32 all 
arm-none-eabi-gcc "../Core/Src/main.c" -mcpu=cortex-m0plus -std=gnu11 -DUSE_HAL_DRIVER -DSTM32G030xx -c -I../Core/Inc -I../Drivers/STM32G0xx_HAL_Driver/Inc -I../Drivers/STM32G0xx_HAL_Driver/Inc/Legacy -I../Drivers/CMSIS/Device/ST/STM32G0xx/Include -I../Drivers/CMSIS/Include -Os -ffunction-sections -fdata-sections -Wall -fstack-usage -fcyclomatic-complexity -MMD -MP -MF"Core/Src/main.d" -MT"Core/Src/main.o" --specs=nano.specs -mfloat-abi=soft -mthumb -o "Core/Src/main.o"
arm-none-eabi-gcc -o "LED Dice G030.elf" @"objects.list"   -mcpu=cortex-m0plus -T"D:\Abdullah\projects\LED Dice\programs\LED Dice G030\STM32G030F6PX_FLASH.ld" --specs=nosys.specs -Wl,-Map="LED Dice G030.map" -Wl,--gc-sections -static --specs=nano.specs -mfloat-abi=soft -mthumb -Wl,--start-group -lc -lm -Wl,--end-group
Finished building target: LED Dice G030.elf
 
arm-none-eabi-size  LED\ Dice\ G030.elf 
arm-none-eabi-objdump -h -S LED\ Dice\ G030.elf  > "LED Dice G030.list"
arm-none-eabi-objcopy  -O ihex LED\ Dice\ G030.elf  "LED Dice G030.hex"
   text	   data	    bss	    dec	    hex	filename
  10000	     12	   2908	  12920	   3278	LED Dice G030.elf
arm-none-eabi-objcopy  -O binary LED\ Dice\ G030.elf  "LED Dice G030.bin"
Finished building: default.size.stdout
 
Finished building: LED Dice G030.hex
Finished building: LED Dice G030.bin
Finished building: LED Dice G030.list
 
 
 
01:55:02 **** Incremental Build of configuration Release for project LED Dice G030 ****
make -j32 all 
arm-none-eabi-size  LED\ Dice\ G030.elf 
   text	   data	    bss	    dec	    hex	filename
  10000	     12	   2908	  12920	   3278	LED Dice G030.elf
Finished building: default.size.stdout
 
01:59:57 **** Incremental Build of configuration Release for project LED Dice G030 ****
make -j32 all 
arm-none-eabi-gcc "../Core/Src/main.c" -mcpu=cortex-m0plus -std=gnu11 -DUSE_HAL_DRIVER -DSTM32G030xx -c -I../Core/Inc -I../Drivers/STM32G0xx_HAL_Driver/Inc -I../Drivers/STM32G0xx_HAL_Driver/Inc/Legacy -I../Drivers/CMSIS/Device/ST/STM32G0xx/Include -I../Drivers/CMSIS/Include -Os -ffunction-sections -fdata-sections -Wall -fstack-usage -fcyclomatic-complexity -MMD -MP -MF"Core/Src/main.d" -MT"Core/Src/main.o" --specs=nano.specs -mfloat-abi=soft -mthumb -o "Core/Src/main.o"
arm-none-eabi-gcc -o "LED Dice G030.elf" @"objects.list"   -mcpu=cortex-m0plus -T"D:\Abdullah\projects\LED Dice\programs\LED Dice G030\STM32G030F6PX_FLASH.ld" --specs=nosys.specs -Wl,-Map="LED Dice G030.map" -Wl,--gc-sections -static --specs=nano.specs -mfloat-abi=soft -mthumb -Wl,--start-group -lc -lm -Wl,--end-group
Finished building target: LED Dice G030.elf
 
arm-none-eabi-size  LED\ Dice\ G030.elf 
arm-none-eabi-objdump -h -S LED\ Dice\ G030.elf  > "LED Dice G030.list"
arm-none-eabi-objcopy  -O ihex LED\ Dice\ G030.elf  "LED Dice G030.hex"
   text	   data	    bss	    dec	    hex	filename
  10016	     12	   2908	  12936	   3288	LED Dice G030.elf
arm-none-eabi-objcopy  -O binary LED\ Dice\ G030.elf  "LED Dice G030.bin"
Finished building: default.size.stdout
 
Finished building: LED Dice G030.hex
Finished building: LED Dice G030.bin
Finished building: LED Dice G030.list
 
 
 
02:00:23 **** Incremental Build of configuration Release for project LED Dice G030 ****
make -j32 all 
arm-none-eabi-size  LED\ Dice\ G030.elf 
   text	   data	    bss	    dec	    hex	filename
  10016	     12	   2908	  12936	   3288	LED Dice G030.elf
Finished building: default.size.stdout
 
02:00:53 **** Incremental Build of configuration Release for project LED Dice G030 ****
make -j32 all 
arm-none-eabi-gcc "../Core/Src/main.c" -mcpu=cortex-m0plus -std=gnu11 -DUSE_HAL_DRIVER -DSTM32G030xx -c -I../Core/Inc -I../Drivers/STM32G0xx_HAL_Driver/Inc -I../Drivers/STM32G0xx_HAL_Driver/Inc/Legacy -I../Drivers/CMSIS/Device/ST/STM32G0xx/Include -I../Drivers/CMSIS/Include -Os -ffunction-sections -fdata-sections -Wall -fstack-usage -fcyclomatic-complexity -MMD -MP -MF"Core/Src/main.d" -MT"Core/Src/main.o" --specs=nano.specs -mfloat-abi=soft -mthumb -o "Core/Src/main.o"
arm-none-eabi-gcc -o "LED Dice G030.elf" @"objects.list"   -mcpu=cortex-m0plus -T"D:\Abdullah\projects\LED Dice\programs\LED Dice G030\STM32G030F6PX_FLASH.ld" --specs=nosys.specs -Wl,-Map="LED Dice G030.map" -Wl,--gc-sections -static --specs=nano.specs -mfloat-abi=soft -mthumb -Wl,--start-group -lc -lm -Wl,--end-group
Finished building target: LED Dice G030.elf
 
arm-none-eabi-size  LED\ Dice\ G030.elf 
arm-none-eabi-objdump -h -S LED\ Dice\ G030.elf  > "LED Dice G030.list"
arm-none-eabi-objcopy  -O ihex LED\ Dice\ G030.elf  "LED Dice G030.hex"
   text	   data	    bss	    dec	    hex	filename
   9996	     12	   2908	  12916	   3274	LED Dice G030.elf
arm-none-eabi-objcopy  -O binary LED\ Dice\ G030.elf  "LED Dice G030.bin"
Finished building: default.size.stdout
 
Finished building: LED Dice G030.hex
Finished building: LED Dice G030.bin
Finished building: LED Dice G030.list
 
 
 
02:06:41 **** Incremental Build of configuration Release for project LED Dice G030 ****
make -j32 all 
arm-none-eabi-gcc "../Core/Src/main.c" -mcpu=cortex-m0plus -std=gnu11 -DUSE_HAL_DRIVER -DSTM32G030xx -c -I../Core/Inc -I../Drivers/STM32G0xx_HAL_Driver/Inc -I../Drivers/STM32G0xx_HAL_Driver/Inc/Legacy -I../Drivers/CMSIS/Device/ST/STM32G0xx/Include -I../Drivers/CMSIS/Include -Os -ffunction-sections -fdata-sections -Wall -fstack-usage -fcyclomatic-complexity -MMD -MP -MF"Core/Src/main.d" -MT"Core/Src/main.o" --specs=nano.specs -mfloat-abi=soft -mthumb -o "Core/Src/main.o"
arm-none-eabi-gcc -o "LED Dice G030.elf" @"objects.list"   -mcpu=cortex-m0plus -T"D:\Abdullah\projects\LED Dice\programs\LED Dice G030\STM32G030F6PX_FLASH.ld" --specs=nosys.specs -Wl,-Map="LED Dice G030.map" -Wl,--gc-sections -static --specs=nano.specs -mfloat-abi=soft -mthumb -Wl,--start-group -lc -lm -Wl,--end-group
Finished building target: LED Dice G030.elf
 
arm-none-eabi-size  LED\ Dice\ G030.elf 
arm-none-eabi-objdump -h -S LED\ Dice\ G030.elf  > "LED Dice G030.list"
arm-none-eabi-objcopy  -O ihex LED\ Dice\ G030.elf  "LED Dice G030.hex"
   text	   data	    bss	    dec	    hex	filename
   9972	     12	   2572	  12556	   310c	LED Dice G030.elf
arm-none-eabi-objcopy  -O binary LED\ Dice\ G030.elf  "LED Dice G030.bin"
Finished building: default.size.stdout
 
Finished building: LED Dice G030.hex
Finished building: LED Dice G030.bin
Finished building: LED Dice G030.list
 
 
 
02:07:06 **** Incremental Build of configuration Release for project LED Dice G030 ****
make -j32 all 
arm-none-eabi-gcc "../Core/Src/main.c" -mcpu=cortex-m0plus -std=gnu11 -DUSE_HAL_DRIVER -DSTM32G030xx -c -I../Core/Inc -I../Drivers/STM32G0xx_HAL_Driver/Inc -I../Drivers/STM32G0xx_HAL_Driver/Inc/Legacy -I../Drivers/CMSIS/Device/ST/STM32G0xx/Include -I../Drivers/CMSIS/Include -Os -ffunction-sections -fdata-sections -Wall -fstack-usage -fcyclomatic-complexity -MMD -MP -MF"Core/Src/main.d" -MT"Core/Src/main.o" --specs=nano.specs -mfloat-abi=soft -mthumb -o "Core/Src/main.o"
arm-none-eabi-gcc -o "LED Dice G030.elf" @"objects.list"   -mcpu=cortex-m0plus -T"D:\Abdullah\projects\LED Dice\programs\LED Dice G030\STM32G030F6PX_FLASH.ld" --specs=nosys.specs -Wl,-Map="LED Dice G030.map" -Wl,--gc-sections -static --specs=nano.specs -mfloat-abi=soft -mthumb -Wl,--start-group -lc -lm -Wl,--end-group
Finished building target: LED Dice G030.elf
 
arm-none-eabi-size  LED\ Dice\ G030.elf 
arm-none-eabi-objdump -h -S LED\ Dice\ G030.elf  > "LED Dice G030.list"
arm-none-eabi-objcopy  -O ihex LED\ Dice\ G030.elf  "LED Dice G030.hex"
   text	   data	    bss	    dec	    hex	filename
   9972	     12	   2572	  12556	   310c	LED Dice G030.elf
arm-none-eabi-objcopy  -O binary LED\ Dice\ G030.elf  "LED Dice G030.bin"
Finished building: default.size.stdout
 
Finished building: LED Dice G030.hex
Finished building: LED Dice G030.bin
Finished building: LED Dice G030.list
 
 
 
02:07:25 **** Incremental Build of configuration Release for project LED Dice G030 ****
make -j32 all 
arm-none-eabi-gcc "../Core/Src/main.c" -mcpu=cortex-m0plus -std=gnu11 -DUSE_HAL_DRIVER -DSTM32G030xx -c -I../Core/Inc -I../Drivers/STM32G0xx_HAL_Driver/Inc -I../Drivers/STM32G0xx_HAL_Driver/Inc/Legacy -I../Drivers/CMSIS/Device/ST/STM32G0xx/Include -I../Drivers/CMSIS/Include -Os -ffunction-sections -fdata-sections -Wall -fstack-usage -fcyclomatic-complexity -MMD -MP -MF"Core/Src/main.d" -MT"Core/Src/main.o" --specs=nano.specs -mfloat-abi=soft -mthumb -o "Core/Src/main.o"
arm-none-eabi-gcc -o "LED Dice G030.elf" @"objects.list"   -mcpu=cortex-m0plus -T"D:\Abdullah\projects\LED Dice\programs\LED Dice G030\STM32G030F6PX_FLASH.ld" --specs=nosys.specs -Wl,-Map="LED Dice G030.map" -Wl,--gc-sections -static --specs=nano.specs -mfloat-abi=soft -mthumb -Wl,--start-group -lc -lm -Wl,--end-group
Finished building target: LED Dice G030.elf
 
arm-none-eabi-size  LED\ Dice\ G030.elf 
arm-none-eabi-objdump -h -S LED\ Dice\ G030.elf  > "LED Dice G030.list"
arm-none-eabi-objcopy  -O ihex LED\ Dice\ G030.elf  "LED Dice G030.hex"
   text	   data	    bss	    dec	    hex	filename
   9972	     12	   2572	  12556	   310c	LED Dice G030.elf
arm-none-eabi-objcopy  -O binary LED\ Dice\ G030.elf  "LED Dice G030.bin"
Finished building: default.size.stdout
 
Finished building: LED Dice G030.hex
Finished building: LED Dice G030.bin
Finished building: LED Dice G030.list
 
 
 
02:08:02 **** Incremental Build of configuration Release for project LED Dice G030 ****
make -j32 all 
arm-none-eabi-gcc "../Core/Src/main.c" -mcpu=cortex-m0plus -std=gnu11 -DUSE_HAL_DRIVER -DSTM32G030xx -c -I../Core/Inc -I../Drivers/STM32G0xx_HAL_Driver/Inc -I../Drivers/STM32G0xx_HAL_Driver/Inc/Legacy -I../Drivers/CMSIS/Device/ST/STM32G0xx/Include -I../Drivers/CMSIS/Include -Os -ffunction-sections -fdata-sections -Wall -fstack-usage -fcyclomatic-complexity -MMD -MP -MF"Core/Src/main.d" -MT"Core/Src/main.o" --specs=nano.specs -mfloat-abi=soft -mthumb -o "Core/Src/main.o"
arm-none-eabi-gcc -o "LED Dice G030.elf" @"objects.list"   -mcpu=cortex-m0plus -T"D:\Abdullah\projects\LED Dice\programs\LED Dice G030\STM32G030F6PX_FLASH.ld" --specs=nosys.specs -Wl,-Map="LED Dice G030.map" -Wl,--gc-sections -static --specs=nano.specs -mfloat-abi=soft -mthumb -Wl,--start-group -lc -lm -Wl,--end-group
Finished building target: LED Dice G030.elf
 
arm-none-eabi-size  LED\ Dice\ G030.elf 
arm-none-eabi-objdump -h -S LED\ Dice\ G030.elf  > "LED Dice G030.list"
arm-none-eabi-objcopy  -O ihex LED\ Dice\ G030.elf  "LED Dice G030.hex"
   text	   data	    bss	    dec	    hex	filename
   9972	     12	   2572	  12556	   310c	LED Dice G030.elf
arm-none-eabi-objcopy  -O binary LED\ Dice\ G030.elf  "LED Dice G030.bin"
Finished building: default.size.stdout
 
Finished building: LED Dice G030.hex
Finished building: LED Dice G030.bin
Finished building: LED Dice G030.list
 
 
 
02:09:10 **** Incremental Build of configuration Release for project LED Dice G030 ****
make -j32 all 
arm-none-eabi-gcc "../Core/Src/main.c" -mcpu=cortex-m0plus -std=gnu11 -DUSE_HAL_DRIVER -DSTM32G030xx -c -I../Core/Inc -I../Drivers/STM32G0xx_HAL_Driver/Inc -I../Drivers/STM32G0xx_HAL_Driver/Inc/Legacy -I../Drivers/CMSIS/Device/ST/STM32G0xx/Include -I../Drivers/CMSIS/Include -Os -ffunction-sections -fdata-sections -Wall -fstack-usage -fcyclomatic-complexity -MMD -MP -MF"Core/Src/main.d" -MT"Core/Src/main.o" --specs=nano.specs -mfloat-abi=soft -mthumb -o "Core/Src/main.o"
arm-none-eabi-gcc -o "LED Dice G030.elf" @"objects.list"   -mcpu=cortex-m0plus -T"D:\Abdullah\projects\LED Dice\programs\LED Dice G030\STM32G030F6PX_FLASH.ld" --specs=nosys.specs -Wl,-Map="LED Dice G030.map" -Wl,--gc-sections -static --specs=nano.specs -mfloat-abi=soft -mthumb -Wl,--start-group -lc -lm -Wl,--end-group
Finished building target: LED Dice G030.elf
 
arm-none-eabi-size  LED\ Dice\ G030.elf 
arm-none-eabi-objdump -h -S LED\ Dice\ G030.elf  > "LED Dice G030.list"
arm-none-eabi-objcopy  -O ihex LED\ Dice\ G030.elf  "LED Dice G030.hex"
   text	   data	    bss	    dec	    hex	filename
   9972	     12	   2572	  12556	   310c	LED Dice G030.elf
arm-none-eabi-objcopy  -O binary LED\ Dice\ G030.elf  "LED Dice G030.bin"
Finished building: default.size.stdout
 
Finished building: LED Dice G030.hex
Finished building: LED Dice G030.bin
Finished building: LED Dice G030.list
 
 
 
02:09:28 **** Incremental Build of configuration Release for project LED Dice G030 ****
make -j32 all 
arm-none-eabi-gcc "../Core/Src/main.c" -mcpu=cortex-m0plus -std=gnu11 -DUSE_HAL_DRIVER -DSTM32G030xx -c -I../Core/Inc -I../Drivers/STM32G0xx_HAL_Driver/Inc -I../Drivers/STM32G0xx_HAL_Driver/Inc/Legacy -I../Drivers/CMSIS/Device/ST/STM32G0xx/Include -I../Drivers/CMSIS/Include -Os -ffunction-sections -fdata-sections -Wall -fstack-usage -fcyclomatic-complexity -MMD -MP -MF"Core/Src/main.d" -MT"Core/Src/main.o" --specs=nano.specs -mfloat-abi=soft -mthumb -o "Core/Src/main.o"
arm-none-eabi-gcc -o "LED Dice G030.elf" @"objects.list"   -mcpu=cortex-m0plus -T"D:\Abdullah\projects\LED Dice\programs\LED Dice G030\STM32G030F6PX_FLASH.ld" --specs=nosys.specs -Wl,-Map="LED Dice G030.map" -Wl,--gc-sections -static --specs=nano.specs -mfloat-abi=soft -mthumb -Wl,--start-group -lc -lm -Wl,--end-group
Finished building target: LED Dice G030.elf
 
arm-none-eabi-size  LED\ Dice\ G030.elf 
arm-none-eabi-objdump -h -S LED\ Dice\ G030.elf  > "LED Dice G030.list"
arm-none-eabi-objcopy  -O ihex LED\ Dice\ G030.elf  "LED Dice G030.hex"
   text	   data	    bss	    dec	    hex	filename
   9972	     12	   2572	  12556	   310c	LED Dice G030.elf
arm-none-eabi-objcopy  -O binary LED\ Dice\ G030.elf  "LED Dice G030.bin"
Finished building: default.size.stdout
 
Finished building: LED Dice G030.hex
Finished building: LED Dice G030.bin
Finished building: LED Dice G030.list
 
 
 
02:09:46 **** Incremental Build of configuration Release for project LED Dice G030 ****
make -j32 all 
arm-none-eabi-gcc "../Core/Src/main.c" -mcpu=cortex-m0plus -std=gnu11 -DUSE_HAL_DRIVER -DSTM32G030xx -c -I../Core/Inc -I../Drivers/STM32G0xx_HAL_Driver/Inc -I../Drivers/STM32G0xx_HAL_Driver/Inc/Legacy -I../Drivers/CMSIS/Device/ST/STM32G0xx/Include -I../Drivers/CMSIS/Include -Os -ffunction-sections -fdata-sections -Wall -fstack-usage -fcyclomatic-complexity -MMD -MP -MF"Core/Src/main.d" -MT"Core/Src/main.o" --specs=nano.specs -mfloat-abi=soft -mthumb -o "Core/Src/main.o"
arm-none-eabi-gcc -o "LED Dice G030.elf" @"objects.list"   -mcpu=cortex-m0plus -T"D:\Abdullah\projects\LED Dice\programs\LED Dice G030\STM32G030F6PX_FLASH.ld" --specs=nosys.specs -Wl,-Map="LED Dice G030.map" -Wl,--gc-sections -static --specs=nano.specs -mfloat-abi=soft -mthumb -Wl,--start-group -lc -lm -Wl,--end-group
Finished building target: LED Dice G030.elf
 
arm-none-eabi-size  LED\ Dice\ G030.elf 
arm-none-eabi-objdump -h -S LED\ Dice\ G030.elf  > "LED Dice G030.list"
arm-none-eabi-objcopy  -O ihex LED\ Dice\ G030.elf  "LED Dice G030.hex"
   text	   data	    bss	    dec	    hex	filename
   9972	     12	   2572	  12556	   310c	LED Dice G030.elf
arm-none-eabi-objcopy  -O binary LED\ Dice\ G030.elf  "LED Dice G030.bin"
Finished building: default.size.stdout
 
Finished building: LED Dice G030.hex
Finished building: LED Dice G030.bin
Finished building: LED Dice G030.list
 
 
 
02:19:13 **** Incremental Build of configuration Release for project LED Dice G030 ****
make -j32 all 
[...]
Finished building target: LED Dice G030.elf
 
arm-none-eabi-size  LED\ Dice\ G030.elf 
arm-none-eabi-objdump -h -S LED\ Dice\ G030.elf  > "LED Dice G030.list"
arm-none-eabi-objcopy  -O ihex LED\ Dice\ G030.elf  "LED Dice G030.hex"
   text	   data	    bss	    dec	    hex	filename
  10436	     16	   4304	  14756	   39a4	LED Dice G030.elf
arm-none-eabi-objcopy  -O binary LED\ Dice\ G030.elf  "LED Dice G030.bin"
Finished building: default.size.stdout
 
Finished building: LED Dice G030.hex
Finished building: LED Dice G030.bin
Finished building: LED Dice G030.list
 
 
 
20:57:26 **** Incremental Build of configuration Release for project LED Dice G030 ****
make -j32 all 
arm-none-eabi-gcc "../Core/Src/main.c" -mcpu=cortex-m0plus -std=gnu11 -DUSE_HAL_DRIVER -DSTM32G030xx -c -I../Core/Inc -I../Drivers/STM32G0xx_HAL_Driver/Inc -I../Drivers/STM32G0xx_HAL_Driver/Inc/Legacy -I../Drivers/CMSIS/Device/ST/STM32G0xx/Include -I../Drivers/CMSIS/Include -Os -ffunction-sections -fdata-sections -Wall -fstack-usage -fcyclomatic-complexity -MMD -MP -MF"Core/Src/main.d" -MT"Core/Src/main.o" --specs=nano.specs -mfloat-abi=soft -mthumb -o "Core/Src/main.o"
arm-none-eabi-gcc -o "LED Dice G030.elf" @"objects.list"   -mcpu=cortex-m0plus -T"D:\Abdullah\projects\LED Dice\programs\LED Dice G030\STM32G030F6PX_FLASH.ld" --specs=nosys.specs -Wl,-Map="LED Dice G030.map" -Wl,--gc-sections -static --specs=nano.specs -mfloat-abi=soft -mthumb -Wl,--start-group -lc -lm -Wl,--end-group
Finished building target: LED Dice G030.elf
 
arm-none-eabi-size  LED\ Dice\ G030.elf 
arm-none-eabi-objdump -h -S LED\ Dice\ G030.elf  > "LED Dice G030.list"
arm-none-eabi-objcopy  -O ihex LED\ Dice\ G030.elf  "LED Dice G030.hex"
   text	   data	    bss	    dec	    hex	filename
  10416	     16	   4304	  14736	   3990	LED Dice G030.elf
arm-none-eabi-objcopy  -O binary LED\ Dice\ G030.elf  "LED Dice G030.bin"
Finished building: default.size.stdout
 
Finished building: LED Dice G030.hex
Finished building: LED Dice G030.bin
Finished building: LED Dice G030.list
 
 
 
20:58:21 **** Incremental Build of configuration Release for project LED Dice G030 ****
make -j32 all 
arm-none-eabi-gcc "../Core/Src/main.c" -mcpu=cortex-m0plus -std=gnu11 -DUSE_HAL_DRIVER -DSTM32G030xx -c -I../Core/Inc -I../Drivers/STM32G0xx_HAL_Driver/Inc -I../Drivers/STM32G0xx_HAL_Driver/Inc/Legacy -I../Drivers/CMSIS/Device/ST/STM32G0xx/Include -I../Drivers/CMSIS/Include -Os -ffunction-sections -fdata-sections -Wall -fstack-usage -fcyclomatic-complexity -MMD -MP -MF"Core/Src/main.d" -MT"Core/Src/main.o" --specs=nano.specs -mfloat-abi=soft -mthumb -o "Core/Src/main.o"
arm-none-eabi-gcc -o "LED Dice G030.elf" @"objects.list"   -mcpu=cortex-m0plus -T"D:\Abdullah\projects\LED Dice\programs\LED Dice G030\STM32G030F6PX_FLASH.ld" --specs=nosys.specs -Wl,-Map="LED Dice G030.map" -Wl,--gc-sections -static --specs=nano.specs -mfloat-abi=soft -mthumb -Wl,--start-group -lc -lm -Wl,--end-group
C:/ST/STM32CubeIDE_2.1.1/STM32CubeIDE/plugins/com.st.stm32cube.ide.mcu.externaltools.gnu-tools-for-stm32.14.3.rel1.win32_1.0.100.202602081740/tools/bin/../lib/gcc/arm-none-eabi/14.3.1/../../../../arm-none-eabi/bin/ld.exe: LED Dice G030.elf section `._user_heap_stack' will not fit in region `RAM'
C:/ST/STM32CubeIDE_2.1.1/STM32CubeIDE/plugins/com.st.stm32cube.ide.mcu.externaltools.gnu-tools-for-stm32.14.3.rel1.win32_1.0.100.202602081740/tools/bin/../lib/gcc/arm-none-eabi/14.3.1/../../../../arm-none-eabi/bin/ld.exe: region `RAM' overflowed by 256 bytes
collect2.exe: error: ld returned 1 exit status
make: *** [makefile:70: LED Dice G030.elf] Error 1
"make -j32 all" terminated with exit code 2. Build might be incomplete.
20:59:02 **** Incremental Build of configuration Release for project LED Dice G030 ****
make -j32 all 
arm-none-eabi-gcc "../Core/Src/main.c" -mcpu=cortex-m0plus -std=gnu11 -DUSE_HAL_DRIVER -DSTM32G030xx -c -I../Core/Inc -I../Drivers/STM32G0xx_HAL_Driver/Inc -I../Drivers/STM32G0xx_HAL_Driver/Inc/Legacy -I../Drivers/CMSIS/Device/ST/STM32G0xx/Include -I../Drivers/CMSIS/Include -Os -ffunction-sections -fdata-sections -Wall -fstack-usage -fcyclomatic-complexity -MMD -MP -MF"Core/Src/main.d" -MT"Core/Src/main.o" --specs=nano.specs -mfloat-abi=soft -mthumb -o "Core/Src/main.o"
arm-none-eabi-gcc -o "LED Dice G030.elf" @"objects.list"   -mcpu=cortex-m0plus -T"D:\Abdullah\projects\LED Dice\programs\LED Dice G030\STM32G030F6PX_FLASH.ld" --specs=nosys.specs -Wl,-Map="LED Dice G030.map" -Wl,--gc-sections -static --specs=nano.specs -mfloat-abi=soft -mthumb -Wl,--start-group -lc -lm -Wl,--end-group
C:/ST/STM32CubeIDE_2.1.1/STM32CubeIDE/plugins/com.st.stm32cube.ide.mcu.externaltools.gnu-tools-for-stm32.14.3.rel1.win32_1.0.100.202602081740/tools/bin/../lib/gcc/arm-none-eabi/14.3.1/../../../../arm-none-eabi/bin/ld.exe: LED Dice G030.elf section `._user_heap_stack' will not fit in region `RAM'
C:/ST/STM32CubeIDE_2.1.1/STM32CubeIDE/plugins/com.st.stm32cube.ide.mcu.externaltools.gnu-tools-for-stm32.14.3.rel1.win32_1.0.100.202602081740/tools/bin/../lib/gcc/arm-none-eabi/14.3.1/../../../../arm-none-eabi/bin/ld.exe: region `RAM' overflowed by 256 bytes
collect2.exe: error: ld returned 1 exit status
make: *** [makefile:70: LED Dice G030.elf] Error 1
"make -j32 all" terminated with exit code 2. Build might be incomplete.
21:05:38 **** Incremental Build of configuration Release for project LED Dice G030 ****
make -j32 all 
arm-none-eabi-gcc "../Core/Src/main.c" -mcpu=cortex-m0plus -std=gnu11 -DUSE_HAL_DRIVER -DSTM32G030xx -c -I../Core/Inc -I../Drivers/STM32G0xx_HAL_Driver/Inc -I../Drivers/STM32G0xx_HAL_Driver/Inc/Legacy -I../Drivers/CMSIS/Device/ST/STM32G0xx/Include -I../Drivers/CMSIS/Include -Os -ffunction-sections -fdata-sections -Wall -fstack-usage -fcyclomatic-complexity -MMD -MP -MF"Core/Src/main.d" -MT"Core/Src/main.o" --specs=nano.specs -mfloat-abi=soft -mthumb -o "Core/Src/main.o"
arm-none-eabi-gcc -o "LED Dice G030.elf" @"objects.list"   -mcpu=cortex-m0plus -T"D:\Abdullah\projects\LED Dice\programs\LED Dice G030\STM32G030F6PX_FLASH.ld" --specs=nosys.specs -Wl,-Map="LED Dice G030.map" -Wl,--gc-sections -static --specs=nano.specs -mfloat-abi=soft -mthumb -Wl,--start-group -lc -lm -Wl,--end-group
Finished building target: LED Dice G030.elf
 
arm-none-eabi-size  LED\ Dice\ G030.elf 
arm-none-eabi-objdump -h -S LED\ Dice\ G030.elf  > "LED Dice G030.list"
arm-none-eabi-objcopy  -O ihex LED\ Dice\ G030.elf  "LED Dice G030.hex"
   text	   data	    bss	    dec	    hex	filename
  10408	     16	   5552	  15976	   3e68	LED Dice G030.elf
arm-none-eabi-objcopy  -O binary LED\ Dice\ G030.elf  "LED Dice G030.bin"
Finished building: default.size.stdout
 
Finished building: LED Dice G030.hex
Finished building: LED Dice G030.bin
Finished building: LED Dice G030.list
 
 
 
21:06:03 **** Incremental Build of configuration Release for project LED Dice G030 ****
make -j32 all 
arm-none-eabi-size  LED\ Dice\ G030.elf 
   text	   data	    bss	    dec	    hex	filename
  10408	     16	   5552	  15976	   3e68	LED Dice G030.elf
Finished building: default.size.stdout
 
21:06:59 **** Incremental Build of configuration Release for project LED Dice G030 ****
make -j32 all 
arm-none-eabi-gcc "../Core/Src/stm32g0xx_hal_msp.c" -mcpu=cortex-m0plus -std=gnu11 -DUSE_HAL_DRIVER -DSTM32G030xx -c -I../Core/Inc -I../Drivers/STM32G0xx_HAL_Driver/Inc -I../Drivers/STM32G0xx_HAL_Driver/Inc/Legacy -I../Drivers/CMSIS/Device/ST/STM32G0xx/Include -I../Drivers/CMSIS/Include -Os -ffunction-sections -fdata-sections -Wall -fstack-usage -fcyclomatic-complexity -MMD -MP -MF"Core/Src/stm32g0xx_hal_msp.d" -MT"Core/Src/stm32g0xx_hal_msp.o" --specs=nano.specs -mfloat-abi=soft -mthumb -o "Core/Src/stm32g0xx_hal_msp.o"
arm-none-eabi-gcc -o "LED Dice G030.elf" @"objects.list"   -mcpu=cortex-m0plus -T"D:\Abdullah\projects\LED Dice\programs\LED Dice G030\STM32G030F6PX_FLASH.ld" --specs=nosys.specs -Wl,-Map="LED Dice G030.map" -Wl,--gc-sections -static --specs=nano.specs -mfloat-abi=soft -mthumb -Wl,--start-group -lc -lm -Wl,--end-group
Finished building target: LED Dice G030.elf
 
arm-none-eabi-size  LED\ Dice\ G030.elf 
arm-none-eabi-objdump -h -S LED\ Dice\ G030.elf  > "LED Dice G030.list"
arm-none-eabi-objcopy  -O ihex LED\ Dice\ G030.elf  "LED Dice G030.hex"
   text	   data	    bss	    dec	    hex	filename
  10404	     16	   5552	  15972	   3e64	LED Dice G030.elf
arm-none-eabi-objcopy  -O binary LED\ Dice\ G030.elf  "LED Dice G030.bin"
Finished building: default.size.stdout
 
Finished building: LED Dice G030.hex
Finished building: LED Dice G030.bin
Finished building: LED Dice G030.list
 
 
 
21:08:35 **** Incremental Build of configuration Release for project LED Dice G030 ****
make -j32 all 
arm-none-eabi-gcc "../Core/Src/main.c" -mcpu=cortex-m0plus -std=gnu11 -DUSE_HAL_DRIVER -DSTM32G030xx -c -I../Core/Inc -I../Drivers/STM32G0xx_HAL_Driver/Inc -I../Drivers/STM32G0xx_HAL_Driver/Inc/Legacy -I../Drivers/CMSIS/Device/ST/STM32G0xx/Include -I../Drivers/CMSIS/Include -Os -ffunction-sections -fdata-sections -Wall -fstack-usage -fcyclomatic-complexity -MMD -MP -MF"Core/Src/main.d" -MT"Core/Src/main.o" --specs=nano.specs -mfloat-abi=soft -mthumb -o "Core/Src/main.o"
arm-none-eabi-gcc -o "LED Dice G030.elf" @"objects.list"   -mcpu=cortex-m0plus -T"D:\Abdullah\projects\LED Dice\programs\LED Dice G030\STM32G030F6PX_FLASH.ld" --specs=nosys.specs -Wl,-Map="LED Dice G030.map" -Wl,--gc-sections -static --specs=nano.specs -mfloat-abi=soft -mthumb -Wl,--start-group -lc -lm -Wl,--end-group
Finished building target: LED Dice G030.elf
 
arm-none-eabi-size  LED\ Dice\ G030.elf 
arm-none-eabi-objdump -h -S LED\ Dice\ G030.elf  > "LED Dice G030.list"
arm-none-eabi-objcopy  -O ihex LED\ Dice\ G030.elf  "LED Dice G030.hex"
   text	   data	    bss	    dec	    hex	filename
  10404	     16	   7472	  17892	   45e4	LED Dice G030.elf
arm-none-eabi-objcopy  -O binary LED\ Dice\ G030.elf  "LED Dice G030.bin"
Finished building: default.size.stdout
 
Finished building: LED Dice G030.hex
Finished building: LED Dice G030.bin
Finished building: LED Dice G030.list
 
 
 
21:11:41 **** Incremental Build of configuration Release for project LED Dice G030 ****
make -j32 all 
arm-none-eabi-size  LED\ Dice\ G030.elf 
   text	   data	    bss	    dec	    hex	filename
  10404	     16	   7472	  17892	   45e4	LED Dice G030.elf
Finished building: default.size.stdout
 
21:16:42 **** Incremental Build of configuration Release for project LED Dice G030 ****
make -j32 all 
arm-none-eabi-gcc "../Core/Src/main.c" -mcpu=cortex-m0plus -std=gnu11 -DUSE_HAL_DRIVER -DSTM32G030xx -c -I../Core/Inc -I../Drivers/STM32G0xx_HAL_Driver/Inc -I../Drivers/STM32G0xx_HAL_Driver/Inc/Legacy -I../Drivers/CMSIS/Device/ST/STM32G0xx/Include -I../Drivers/CMSIS/Include -Os -ffunction-sections -fdata-sections -Wall -fstack-usage -fcyclomatic-complexity -MMD -MP -MF"Core/Src/main.d" -MT"Core/Src/main.o" --specs=nano.specs -mfloat-abi=soft -mthumb -o "Core/Src/main.o"
arm-none-eabi-gcc -o "LED Dice G030.elf" @"objects.list"   -mcpu=cortex-m0plus -T"D:\Abdullah\projects\LED Dice\programs\LED Dice G030\STM32G030F6PX_FLASH.ld" --specs=nosys.specs -Wl,-Map="LED Dice G030.map" -Wl,--gc-sections -static --specs=nano.specs -mfloat-abi=soft -mthumb -Wl,--start-group -lc -lm -Wl,--end-group
Finished building target: LED Dice G030.elf
 
arm-none-eabi-size  LED\ Dice\ G030.elf 
arm-none-eabi-objdump -h -S LED\ Dice\ G030.elf  > "LED Dice G030.list"
arm-none-eabi-objcopy  -O ihex LED\ Dice\ G030.elf  "LED Dice G030.hex"
   text	   data	    bss	    dec	    hex	filename
  10376	     16	   7472	  17864	   45c8	LED Dice G030.elf
arm-none-eabi-objcopy  -O binary LED\ Dice\ G030.elf  "LED Dice G030.bin"
Finished building: default.size.stdout
 
Finished building: LED Dice G030.hex
Finished building: LED Dice G030.bin
Finished building: LED Dice G030.list
 
 
 
21:16:56 **** Incremental Build of configuration Release for project LED Dice G030 ****
make -j32 all 
arm-none-eabi-gcc "../Core/Src/main.c" -mcpu=cortex-m0plus -std=gnu11 -DUSE_HAL_DRIVER -DSTM32G030xx -c -I../Core/Inc -I../Drivers/STM32G0xx_HAL_Driver/Inc -I../Drivers/STM32G0xx_HAL_Driver/Inc/Legacy -I../Drivers/CMSIS/Device/ST/STM32G0xx/Include -I../Drivers/CMSIS/Include -Os -ffunction-sections -fdata-sections -Wall -fstack-usage -fcyclomatic-complexity -MMD -MP -MF"Core/Src/main.d" -MT"Core/Src/main.o" --specs=nano.specs -mfloat-abi=soft -mthumb -o "Core/Src/main.o"
arm-none-eabi-gcc -o "LED Dice G030.elf" @"objects.list"   -mcpu=cortex-m0plus -T"D:\Abdullah\projects\LED Dice\programs\LED Dice G030\STM32G030F6PX_FLASH.ld" --specs=nosys.specs -Wl,-Map="LED Dice G030.map" -Wl,--gc-sections -static --specs=nano.specs -mfloat-abi=soft -mthumb -Wl,--start-group -lc -lm -Wl,--end-group
Finished building target: LED Dice G030.elf
 
arm-none-eabi-size  LED\ Dice\ G030.elf 
arm-none-eabi-objdump -h -S LED\ Dice\ G030.elf  > "LED Dice G030.list"
arm-none-eabi-objcopy  -O ihex LED\ Dice\ G030.elf  "LED Dice G030.hex"
   text	   data	    bss	    dec	    hex	filename
  10376	     16	   7472	  17864	   45c8	LED Dice G030.elf
arm-none-eabi-objcopy  -O binary LED\ Dice\ G030.elf  "LED Dice G030.bin"
Finished building: default.size.stdout
 
Finished building: LED Dice G030.hex
Finished building: LED Dice G030.bin
Finished building: LED Dice G030.list
 
 
 
21:50:43 **** Incremental Build of configuration Release for project LED Dice G030 ****
make -j32 all 
arm-none-eabi-gcc "../Core/Src/main.c" -mcpu=cortex-m0plus -std=gnu11 -DUSE_HAL_DRIVER -DSTM32G030xx -c -I../Core/Inc -I../Drivers/STM32G0xx_HAL_Driver/Inc -I../Drivers/STM32G0xx_HAL_Driver/Inc/Legacy -I../Drivers/CMSIS/Device/ST/STM32G0xx/Include -I../Drivers/CMSIS/Include -Os -ffunction-sections -fdata-sections -Wall -fstack-usage -fcyclomatic-complexity -MMD -MP -MF"Core/Src/main.d" -MT"Core/Src/main.o" --specs=nano.specs -mfloat-abi=soft -mthumb -o "Core/Src/main.o"
arm-none-eabi-gcc "../Core/Src/stm32g0xx_hal_msp.c" -mcpu=cortex-m0plus -std=gnu11 -DUSE_HAL_DRIVER -DSTM32G030xx -c -I../Core/Inc -I../Drivers/STM32G0xx_HAL_Driver/Inc -I../Drivers/STM32G0xx_HAL_Driver/Inc/Legacy -I../Drivers/CMSIS/Device/ST/STM32G0xx/Include -I../Drivers/CMSIS/Include -Os -ffunction-sections -fdata-sections -Wall -fstack-usage -fcyclomatic-complexity -MMD -MP -MF"Core/Src/stm32g0xx_hal_msp.d" -MT"Core/Src/stm32g0xx_hal_msp.o" --specs=nano.specs -mfloat-abi=soft -mthumb -o "Core/Src/stm32g0xx_hal_msp.o"
arm-none-eabi-gcc -o "LED Dice G030.elf" @"objects.list"   -mcpu=cortex-m0plus -T"D:\Abdullah\projects\LED Dice\programs\LED Dice G030\STM32G030F6PX_FLASH.ld" --specs=nosys.specs -Wl,-Map="LED Dice G030.map" -Wl,--gc-sections -static --specs=nano.specs -mfloat-abi=soft -mthumb -Wl,--start-group -lc -lm -Wl,--end-group
Finished building target: LED Dice G030.elf
 
arm-none-eabi-size  LED\ Dice\ G030.elf 
arm-none-eabi-objdump -h -S LED\ Dice\ G030.elf  > "LED Dice G030.list"
arm-none-eabi-objcopy  -O ihex LED\ Dice\ G030.elf  "LED Dice G030.hex"
   text	   data	    bss	    dec	    hex	filename
  10376	     16	   2568	  12960	   32a0	LED Dice G030.elf
arm-none-eabi-objcopy  -O binary LED\ Dice\ G030.elf  "LED Dice G030.bin"
Finished building: default.size.stdout
 
Finished building: LED Dice G030.hex
Finished building: LED Dice G030.bin
Finished building: LED Dice G030.list
 
 
 
21:50:45 **** Incremental Build of configuration Release for project LED Dice G030 ****
make -j32 all 
arm-none-eabi-size  LED\ Dice\ G030.elf 
   text	   data	    bss	    dec	    hex	filename
  10376	     16	   2568	  12960	   32a0	LED Dice G030.elf
Finished building: default.size.stdout
 
21:51:02 **** Incremental Build of configuration Release for project LED Dice G030 ****
make -j32 all 
arm-none-eabi-size  LED\ Dice\ G030.elf 
   text	   data	    bss	    dec	    hex	filename
  10376	     16	   2568	  12960	   32a0	LED Dice G030.elf
Finished building: default.size.stdout
 
21:51:05 **** Incremental Build of configuration Release for project LED Dice G030 ****
make -j32 all 
arm-none-eabi-size  LED\ Dice\ G030.elf 
   text	   data	    bss	    dec	    hex	filename
  10376	     16	   2568	  12960	   32a0	LED Dice G030.elf
Finished building: default.size.stdout
 
21:52:00 **** Incremental Build of configuration Release for project LED Dice G030 ****
make -j32 all 
arm-none-eabi-gcc "../Core/Src/main.c" -mcpu=cortex-m0plus -std=gnu11 -DUSE_HAL_DRIVER -DSTM32G030xx -c -I../Core/Inc -I../Drivers/STM32G0xx_HAL_Driver/Inc -I../Drivers/STM32G0xx_HAL_Driver/Inc/Legacy -I../Drivers/CMSIS/Device/ST/STM32G0xx/Include -I../Drivers/CMSIS/Include -Os -ffunction-sections -fdata-sections -Wall -fstack-usage -fcyclomatic-complexity -MMD -MP -MF"Core/Src/main.d" -MT"Core/Src/main.o" --specs=nano.specs -mfloat-abi=soft -mthumb -o "Core/Src/main.o"
arm-none-eabi-gcc -o "LED Dice G030.elf" @"objects.list"   -mcpu=cortex-m0plus -T"D:\Abdullah\projects\LED Dice\programs\LED Dice G030\STM32G030F6PX_FLASH.ld" --specs=nosys.specs -Wl,-Map="LED Dice G030.map" -Wl,--gc-sections -static --specs=nano.specs -mfloat-abi=soft -mthumb -Wl,--start-group -lc -lm -Wl,--end-group
Finished building target: LED Dice G030.elf
 
arm-none-eabi-size  LED\ Dice\ G030.elf 
arm-none-eabi-objdump -h -S LED\ Dice\ G030.elf  > "LED Dice G030.list"
arm-none-eabi-objcopy  -O ihex LED\ Dice\ G030.elf  "LED Dice G030.hex"
   text	   data	    bss	    dec	    hex	filename
  10404	     16	   2568	  12988	   32bc	LED Dice G030.elf
arm-none-eabi-objcopy  -O binary LED\ Dice\ G030.elf  "LED Dice G030.bin"
Finished building: default.size.stdout
 
Finished building: LED Dice G030.hex
Finished building: LED Dice G030.bin
Finished building: LED Dice G030.list
 
 
 
23:07:44 **** Incremental Build of configuration Release for project LED Dice G030 ****
make -j32 all 
arm-none-eabi-gcc "../Core/Src/main.c" -mcpu=cortex-m0plus -std=gnu11 -DUSE_HAL_DRIVER -DSTM32G030xx -c -I../Core/Inc -I../Drivers/STM32G0xx_HAL_Driver/Inc -I../Drivers/STM32G0xx_HAL_Driver/Inc/Legacy -I../Drivers/CMSIS/Device/ST/STM32G0xx/Include -I../Drivers/CMSIS/Include -Os -ffunction-sections -fdata-sections -Wall -fstack-usage -fcyclomatic-complexity -MMD -MP -MF"Core/Src/main.d" -MT"Core/Src/main.o" --specs=nano.specs -mfloat-abi=soft -mthumb -o "Core/Src/main.o"
arm-none-eabi-gcc "../Core/Src/stm32g0xx_hal_msp.c" -mcpu=cortex-m0plus -std=gnu11 -DUSE_HAL_DRIVER -DSTM32G030xx -c -I../Core/Inc -I../Drivers/STM32G0xx_HAL_Driver/Inc -I../Drivers/STM32G0xx_HAL_Driver/Inc/Legacy -I../Drivers/CMSIS/Device/ST/STM32G0xx/Include -I../Drivers/CMSIS/Include -Os -ffunction-sections -fdata-sections -Wall -fstack-usage -fcyclomatic-complexity -MMD -MP -MF"Core/Src/stm32g0xx_hal_msp.d" -MT"Core/Src/stm32g0xx_hal_msp.o" --specs=nano.specs -mfloat-abi=soft -mthumb -o "Core/Src/stm32g0xx_hal_msp.o"
arm-none-eabi-gcc -o "LED Dice G030.elf" @"objects.list"   -mcpu=cortex-m0plus -T"D:\Abdullah\projects\LED Dice\programs\LED Dice G030\STM32G030F6PX_FLASH.ld" --specs=nosys.specs -Wl,-Map="LED Dice G030.map" -Wl,--gc-sections -static --specs=nano.specs -mfloat-abi=soft -mthumb -Wl,--start-group -lc -lm -Wl,--end-group
Finished building target: LED Dice G030.elf
 
arm-none-eabi-size  LED\ Dice\ G030.elf 
arm-none-eabi-objdump -h -S LED\ Dice\ G030.elf  > "LED Dice G030.list"
arm-none-eabi-objcopy  -O ihex LED\ Dice\ G030.elf  "LED Dice G030.hex"
   text	   data	    bss	    dec	    hex	filename
  10404	     16	   2568	  12988	   32bc	LED Dice G030.elf
arm-none-eabi-objcopy  -O binary LED\ Dice\ G030.elf  "LED Dice G030.bin"
Finished building: default.size.stdout
 
Finished building: LED Dice G030.hex
Finished building: LED Dice G030.bin
 
 
Finished building: LED Dice G030.list
 
23:08:19 **** Incremental Build of configuration Release for project LED Dice G030 ****
make -j32 all 
arm-none-eabi-size  LED\ Dice\ G030.elf 
   text	   data	    bss	    dec	    hex	filename
  10404	     16	   2568	  12988	   32bc	LED Dice G030.elf
Finished building: default.size.stdout
 
