00:35:44 **** Incremental Build of configuration Release for project LED Dice F070 ****
make -j8 all 
arm-none-eabi-gcc "../Core/Src/main.c" -mcpu=cortex-m0 -std=gnu11 -DUSE_HAL_DRIVER -DSTM32F070x6 -c -I../Core/Inc -I../Drivers/STM32F0xx_HAL_Driver/Inc -I../Drivers/STM32F0xx_HAL_Driver/Inc/Legacy -I../Drivers/CMSIS/Device/ST/STM32F0xx/Include -I../Drivers/CMSIS/Include -Os -ffunction-sections -fdata-sections -Wall -fstack-usage -fcyclomatic-complexity -MMD -MP -MF"Core/Src/main.d" -MT"Core/Src/main.o" --specs=nano.specs -mfloat-abi=soft -mthumb -o "Core/Src/main.o"
arm-none-eabi-gcc "../Core/Src/stm32f0xx_hal_msp.c" -mcpu=cortex-m0 -std=gnu11 -DUSE_HAL_DRIVER -DSTM32F070x6 -c -I../Core/Inc -I../Drivers/STM32F0xx_HAL_Driver/Inc -I../Drivers/STM32F0xx_HAL_Driver/Inc/Legacy -I../Drivers/CMSIS/Device/ST/STM32F0xx/Include -I../Drivers/CMSIS/Include -Os -ffunction-sections -fdata-sections -Wall -fstack-usage -fcyclomatic-complexity -MMD -MP -MF"Core/Src/stm32f0xx_hal_msp.d" -MT"Core/Src/stm32f0xx_hal_msp.o" --specs=nano.specs -mfloat-abi=soft -mthumb -o "Core/Src/stm32f0xx_hal_msp.o"
arm-none-eabi-gcc -o "LED Dice F070.elf" @"objects.list"   -mcpu=cortex-m0 -T"D:\Abdullah\projects\LED Dice\programs\LED Dice F070\STM32F070F6PX_FLASH.ld" --specs=nosys.specs -Wl,-Map="LED Dice F070.map" -Wl,--gc-sections -static --specs=nano.specs -mfloat-abi=soft -mthumb -Wl,--start-group -lc -lm -Wl,--end-group
Finished building target: LED Dice F070.elf
 
arm-none-eabi-size  LED\ Dice\ F070.elf 
arm-none-eabi-objdump -h -S LED\ Dice\ F070.elf  > "LED Dice F070.list"
arm-none-eabi-objcopy  -O binary LED\ Dice\ F070.elf  "LED Dice F070.bin"
   text	   data	    bss	    dec	    hex	filename
   5188	     20	   1660	   6868	   1ad4	LED Dice F070.elf
Finished building: default.size.stdout
 
Finished building: LED Dice F070.bin
Finished building: LED Dice F070.list
 
 

00:35:46 Build Finished. 0 errors, 0 warnings. (took 1s.480ms)

