Added Member To Class: ClassName=uC1 Member=Component C1 CL10B104KB8NNNC
Added Member To Class: ClassName=uC1 Member=Component C2 GRM0335C1E8R0CA01D
Added Member To Class: ClassName=uC1 Member=Component C3 CL10B104KB8NNNC
Added Member To Class: ClassName=uC1 Member=Component C4 CL10B104KB8NNNC
Added Member To Class: ClassName=PS1 Member=Component C5 CL10B104KB8NNNC
Added Member To Class: ClassName=PS1 Member=Component C6 CL31A106KPHNNNE
Added Member To Class: ClassName=PS1 Member=Component C7 0805B105K500NT
Added Member To Class: ClassName=PS1 Member=Component C8 CL31A106KPHNNNE
Added Member To Class: ClassName=PS1 Member=Component C9 CL21A106KAYNNNE
Added Member To Class: ClassName=PS1 Member=Component C10 CL21A106KAYNNNE
Added Member To Class: ClassName=PS1 Member=Component C11 0805B104K500NT
Added Member To Class: ClassName=PS1 Member=Component C12 CL21A106KAYNNNE
Added Member To Class: ClassName=PS1 Member=Component C13 CL21A106KAYNNNE
Added Member To Class: ClassName=PS1 Member=Component C14 0805B104K500NT
Added Member To Class: ClassName=PS1 Member=Component D1 LTST-C195KGJRKT
Added Member To Class: ClassName=PS1 Member=Component D2 SS115
Added Member To Class: ClassName=uC1 Member=Component J1 826646-4
Added Member To Class: ClassName=PS1 Member=Component J2 TYPE-C-31-M-12
Added Member To Class: ClassName=PS1 Member=Component J3 826646-2
Added Member To Class: ClassName=PS1 Member=Component L1 FXL0420-6R8-M
Added Member To Class: ClassName=PS1 Member=Component R1 0805W8F5101T5E
Added Member To Class: ClassName=PS1 Member=Component R2 0805W8F5101T5E
Added Member To Class: ClassName=PS1 Member=Component R3 0805W8F1001T5E
Added Member To Class: ClassName=PS1 Member=Component R4 0805W8F1001T5E
Added Member To Class: ClassName=PS1 Member=Component R5 0805W8F5101T5E
Added Member To Class: ClassName=PS1 Member=Component R6 0805W8F1103T5E
Added Member To Class: ClassName=PS1 Member=Component R7 0805W8F1502T5E
Added Member To Class: ClassName=uC1 Member=Component S1 touch pad 1 cm
Added Member To Class: ClassName=PS1 Member=Component S2 EG1215AA
Added Member To Class: ClassName=A Member=Component U1_A (U1) WS2812C-2020
Added Member To Class: ClassName=B Member=Component U1_B (U1) WS2812C-2020
Added Member To Class: ClassName=A Member=Component U2_A (U2) WS2812C-2020
Added Member To Class: ClassName=B Member=Component U2_B (U2) WS2812C-2020
Added Member To Class: ClassName=A Member=Component U3_A (U3) WS2812C-2020
Added Member To Class: ClassName=B Member=Component U3_B (U3) WS2812C-2020
Added Member To Class: ClassName=A Member=Component U4_A (U4) WS2812C-2020
Added Member To Class: ClassName=B Member=Component U4_B (U4) WS2812C-2020
Added Member To Class: ClassName=A Member=Component U5_A (U5) WS2812C-2020
Added Member To Class: ClassName=B Member=Component U5_B (U5) WS2812C-2020
Added Member To Class: ClassName=A Member=Component U6_A (U6) WS2812C-2020
Added Member To Class: ClassName=B Member=Component U6_B (U6) WS2812C-2020
Added Member To Class: ClassName=A Member=Component U7_A (U7) WS2812C-2020
Added Member To Class: ClassName=B Member=Component U7_B (U7) WS2812C-2020
Added Member To Class: ClassName=uC1 Member=Component U8 TTP223-BA6
Added Member To Class: ClassName=uC1 Member=Component U9 STM32G030F6P6
Added Member To Class: ClassName=PS1 Member=Component U10 CH340N
Added Member To Class: ClassName=PS1 Member=Component U11 TLV74330PDBVR
Added Member To Class: ClassName=PS1 Member=Component U12 TP4057
Added Member To Class: ClassName=PS1 Member=Component U13 MT3608
