Change Physical Footprint: Designator=C1 Old Footprint=CAPC1608X90N New Footprint=CAPC1608X90N
Change Physical Footprint: Designator=C2 Old Footprint=CAPC1608X90N New Footprint=CAPC1608X90N
Change Physical Footprint: Designator=C3 Old Footprint=CAPC1608X90N New Footprint=CAPC1608X90N
Change Physical Footprint: Designator=C4 Old Footprint=CAPC1608X90N New Footprint=CAPC1608X90N
Change Physical Footprint: Designator=C5 Old Footprint=CAPC1608X90N New Footprint=CAPC1608X90N
Change Physical Footprint: Designator=C6 Old Footprint=CAPC3216X180N New Footprint=CAPC3216X180N
Change Physical Footprint: Designator=C7 Old Footprint=CAPC2012X135N New Footprint=CAPC2012X135N
Change Physical Footprint: Designator=C8 Old Footprint=CAPC3216X180N New Footprint=CAPC3216X180N
Change Physical Footprint: Designator=C9 Old Footprint=CAPC2012X135N New Footprint=CAPC2012X135N
Change Physical Footprint: Designator=C10 Old Footprint=CAPC2012X135N New Footprint=CAPC2012X135N
Change Physical Footprint: Designator=C11 Old Footprint=CAPC2012X135N New Footprint=CAPC2012X135N
Change Physical Footprint: Designator=C12 Old Footprint=CAPC2012X135N New Footprint=CAPC2012X135N
Change Physical Footprint: Designator=C13 Old Footprint=CAPC2012X135N New Footprint=CAPC2012X135N
Change Physical Footprint: Designator=C14 Old Footprint=CAPC2012X135N New Footprint=CAPC2012X135N
Change Physical Footprint: Designator=D1 Old Footprint=LTST-BILED-15X16 New Footprint=LTST-BILED-15X16
Change Physical Footprint: Designator=D2 Old Footprint=DIOM4325X250N New Footprint=DIOM4325X250N
Change Physical Footprint: Designator=D3 Old Footprint=DIOC200X125X110 New Footprint=DIOC200X125X110
Change Physical Footprint: Designator=J1 Old Footprint=TE_826646-3 New Footprint=TE_826646-3
Change Physical Footprint: Designator=J2 Old Footprint=HRO_TYPE-C-31-M-12 New Footprint=HRO_TYPE-C-31-M-12
Change Physical Footprint: Designator=J3 Old Footprint=TE_826646-2 New Footprint=TE_826646-2
Change Physical Footprint: Designator=L1 Old Footprint=IND_FXL0420_CMT New Footprint=IND_FXL0420_CMT
Change Physical Footprint: Designator=R1 Old Footprint=RESC2012X65N New Footprint=RESC2012X65N
Change Physical Footprint: Designator=R2 Old Footprint=RESC2012X65N New Footprint=RESC2012X65N
Change Physical Footprint: Designator=R3 Old Footprint=RESC1508X60N New Footprint=RESC1508X60N
Change Physical Footprint: Designator=R4 Old Footprint=RESC1508X60N New Footprint=RESC1508X60N
Change Physical Footprint: Designator=R5 Old Footprint=RESC2012X65N New Footprint=RESC2012X65N
Change Physical Footprint: Designator=R6 Old Footprint=RESC2012X65N New Footprint=RESC2012X65N
Change Physical Footprint: Designator=R7 Old Footprint=RESC2012X65N New Footprint=RESC2012X65N
Change Physical Footprint: Designator=R8 Old Footprint=RESC1508X60N New Footprint=RESC1508X60N
Change Physical Footprint: Designator=S1 Old Footprint=touch pad 1 cm New Footprint=touch pad 1 cm
Change Physical Footprint: Designator=S2 Old Footprint=SW_EG1215AA New Footprint=SW_EG1215AA
Change Physical Footprint: Designator=U1A Old Footprint=LED_WS2812C-2020 New Footprint=LED_WS2812C-2020
Change Physical Footprint: Designator=U1B Old Footprint=LED_WS2812C-2020 New Footprint=LED_WS2812C-2020
Change Physical Footprint: Designator=U2A Old Footprint=LED_WS2812C-2020 New Footprint=LED_WS2812C-2020
Change Physical Footprint: Designator=U2B Old Footprint=LED_WS2812C-2020 New Footprint=LED_WS2812C-2020
Change Physical Footprint: Designator=U3A Old Footprint=LED_WS2812C-2020 New Footprint=LED_WS2812C-2020
Change Physical Footprint: Designator=U3B Old Footprint=LED_WS2812C-2020 New Footprint=LED_WS2812C-2020
Change Physical Footprint: Designator=U4A Old Footprint=LED_WS2812C-2020 New Footprint=LED_WS2812C-2020
Change Physical Footprint: Designator=U4B Old Footprint=LED_WS2812C-2020 New Footprint=LED_WS2812C-2020
Change Physical Footprint: Designator=U5A Old Footprint=LED_WS2812C-2020 New Footprint=LED_WS2812C-2020
Change Physical Footprint: Designator=U5B Old Footprint=LED_WS2812C-2020 New Footprint=LED_WS2812C-2020
Change Physical Footprint: Designator=U6A Old Footprint=LED_WS2812C-2020 New Footprint=LED_WS2812C-2020
Change Physical Footprint: Designator=U6B Old Footprint=LED_WS2812C-2020 New Footprint=LED_WS2812C-2020
Change Physical Footprint: Designator=U7A Old Footprint=LED_WS2812C-2020 New Footprint=LED_WS2812C-2020
Change Physical Footprint: Designator=U7B Old Footprint=LED_WS2812C-2020 New Footprint=LED_WS2812C-2020
Change Physical Footprint: Designator=U8 Old Footprint=SOT23-6 New Footprint=SOT23-6
Change Physical Footprint: Designator=U9 Old Footprint=*TSSOP20 New Footprint=*TSSOP20
Change Physical Footprint: Designator=U10 Old Footprint=MSOP10 New Footprint=MSOP10
Change Physical Footprint: Designator=U11 Old Footprint=SOT95P280X145-5N New Footprint=SOT95P280X145-5N
Change Physical Footprint: Designator=U12 Old Footprint=SOT23-6 New Footprint=SOT23-6
Change Physical Footprint: Designator=U13 Old Footprint=SOT95P280X145-6N New Footprint=SOT95P280X145-6N
