Removed Member From Class: ClassName=LED Matrix Member=LED Matrix1
Removed Member From Class: ClassName=LED Matrix Member=LED Matrix2
Added Component: Designator=C1(CAPC1608X90N)
Add component (AddParameter): Name = "Availability"; Value = "Unavailable"; VariantName = "[No Variations]"
Add component (AddParameter): Name = "MF"; Value = "Samsung Electro-Mechanics"; VariantName = "[No Variations]"
Add component (AddParameter): Name = "MP"; Value = "CL10B104KB8NNNC"; VariantName = "[No Variations]"
Add component (AddParameter): Name = "Package"; Value = "0603 Samsung"; VariantName = "[No Variations]"
Add component (AddParameter): Name = "Price"; Value = "None"; VariantName = "[No Variations]"
Add component (AddParameter): Name = "SnapEDA_Link"; Value = "https://www.snapeda.com/parts/CL10B104KB8NNNC/Samsung%20Electro-Mechanics/view-part/3598309/?ref=snap"; VariantName = "[No Variations]"
Add component (AddParameter): Name = "Value"; Value = ""; VariantName = "[No Variations]"
Added Component: Designator=C2(CAPC1608X90N)
Add component (AddParameter): Name = "Availability"; Value = "Unavailable"; VariantName = "[No Variations]"
Add component (AddParameter): Name = "MF"; Value = ""; VariantName = "[No Variations]"
Add component (AddParameter): Name = "MP"; Value = "GRM0335C1E8R0CA01D"; VariantName = "[No Variations]"
Add component (AddParameter): Name = "Package"; Value = "None"; VariantName = "[No Variations]"
Add component (AddParameter): Name = "Price"; Value = "None"; VariantName = "[No Variations]"
Add component (AddParameter): Name = "Value"; Value = ""; VariantName = "[No Variations]"
Added Component: Designator=C3(CAPC1608X90N)
Add component (AddParameter): Name = "Availability"; Value = "Unavailable"; VariantName = "[No Variations]"
Add component (AddParameter): Name = "MF"; Value = "Samsung Electro-Mechanics"; VariantName = "[No Variations]"
Add component (AddParameter): Name = "MP"; Value = "CL10B104KB8NNNC"; VariantName = "[No Variations]"
Add component (AddParameter): Name = "Package"; Value = "0603 Samsung"; VariantName = "[No Variations]"
Add component (AddParameter): Name = "Price"; Value = "None"; VariantName = "[No Variations]"
Add component (AddParameter): Name = "SnapEDA_Link"; Value = "https://www.snapeda.com/parts/CL10B104KB8NNNC/Samsung%20Electro-Mechanics/view-part/3598309/?ref=snap"; VariantName = "[No Variations]"
Add component (AddParameter): Name = "Value"; Value = ""; VariantName = "[No Variations]"
Added Component: Designator=C4(CAPC1608X90N)
Add component (AddParameter): Name = "Availability"; Value = "Unavailable"; VariantName = "[No Variations]"
Add component (AddParameter): Name = "MF"; Value = "Samsung Electro-Mechanics"; VariantName = "[No Variations]"
Add component (AddParameter): Name = "MP"; Value = "CL10B104KB8NNNC"; VariantName = "[No Variations]"
Add component (AddParameter): Name = "Package"; Value = "0603 Samsung"; VariantName = "[No Variations]"
Add component (AddParameter): Name = "Price"; Value = "None"; VariantName = "[No Variations]"
Add component (AddParameter): Name = "SnapEDA_Link"; Value = "https://www.snapeda.com/parts/CL10B104KB8NNNC/Samsung%20Electro-Mechanics/view-part/3598309/?ref=snap"; VariantName = "[No Variations]"
Add component (AddParameter): Name = "Value"; Value = ""; VariantName = "[No Variations]"
Added Component: Designator=C5(CAPC1608X90N)
Add component (AddParameter): Name = "Availability"; Value = "Unavailable"; VariantName = "[No Variations]"
Add component (AddParameter): Name = "MF"; Value = "Samsung Electro-Mechanics"; VariantName = "[No Variations]"
Add component (AddParameter): Name = "MP"; Value = "CL10B104KB8NNNC"; VariantName = "[No Variations]"
Add component (AddParameter): Name = "Package"; Value = "0603 Samsung"; VariantName = "[No Variations]"
Add component (AddParameter): Name = "Price"; Value = "None"; VariantName = "[No Variations]"
Add component (AddParameter): Name = "SnapEDA_Link"; Value = "https://www.snapeda.com/parts/CL10B104KB8NNNC/Samsung%20Electro-Mechanics/view-part/3598309/?ref=snap"; VariantName = "[No Variations]"
Add component (AddParameter): Name = "Value"; Value = ""; VariantName = "[No Variations]"
Added Component: Designator=C6(CAPC3216X180N)
Add component (AddParameter): Name = "Availability"; Value = "Unavailable"; VariantName = "[No Variations]"
Add component (AddParameter): Name = "MF"; Value = ""; VariantName = "[No Variations]"
Add component (AddParameter): Name = "MP"; Value = "CL31A106KPHNNNE"; VariantName = "[No Variations]"
Add component (AddParameter): Name = "Package"; Value = "None"; VariantName = "[No Variations]"
Add component (AddParameter): Name = "Price"; Value = "None"; VariantName = "[No Variations]"
Add component (AddParameter): Name = "Value"; Value = ""; VariantName = "[No Variations]"
Added Component: Designator=C7(CAPC2012X135N)
Added Component: Designator=C8(CAPC3216X180N)
Add component (AddParameter): Name = "Availability"; Value = "Unavailable"; VariantName = "[No Variations]"
Add component (AddParameter): Name = "MF"; Value = ""; VariantName = "[No Variations]"
Add component (AddParameter): Name = "MP"; Value = "CL31A106KPHNNNE"; VariantName = "[No Variations]"
Add component (AddParameter): Name = "Package"; Value = "None"; VariantName = "[No Variations]"
Add component (AddParameter): Name = "Price"; Value = "None"; VariantName = "[No Variations]"
Add component (AddParameter): Name = "Value"; Value = ""; VariantName = "[No Variations]"
Added Component: Designator=C9(CAPC2012X135N)
Add component (AddParameter): Name = "Availability"; Value = "Unavailable"; VariantName = "[No Variations]"
Add component (AddParameter): Name = "MF"; Value = ""; VariantName = "[No Variations]"
Add component (AddParameter): Name = "MP"; Value = "CL31A106KPHNNNE"; VariantName = "[No Variations]"
Add component (AddParameter): Name = "Package"; Value = "None"; VariantName = "[No Variations]"
Add component (AddParameter): Name = "Price"; Value = "None"; VariantName = "[No Variations]"
Add component (AddParameter): Name = "Value"; Value = ""; VariantName = "[No Variations]"
Added Component: Designator=C10(CAPC2012X135N)
Add component (AddParameter): Name = "Availability"; Value = "Unavailable"; VariantName = "[No Variations]"
Add component (AddParameter): Name = "MF"; Value = ""; VariantName = "[No Variations]"
Add component (AddParameter): Name = "MP"; Value = "CL31A106KPHNNNE"; VariantName = "[No Variations]"
Add component (AddParameter): Name = "Package"; Value = "None"; VariantName = "[No Variations]"
Add component (AddParameter): Name = "Price"; Value = "None"; VariantName = "[No Variations]"
Add component (AddParameter): Name = "Value"; Value = ""; VariantName = "[No Variations]"
Added Component: Designator=C11(CAPC2012X135N)
Add component (AddParameter): Name = "Supplier 1"; Value = "Digikey"; VariantName = "[No Variations]"
Add component (AddParameter): Name = "Supplier Part Number 1"; Value = "1763-1217-1-ND"; VariantName = "[No Variations]"
Added Component: Designator=C12(CAPC2012X135N)
Add component (AddParameter): Name = "Availability"; Value = "Unavailable"; VariantName = "[No Variations]"
Add component (AddParameter): Name = "MF"; Value = ""; VariantName = "[No Variations]"
Add component (AddParameter): Name = "MP"; Value = "CL31A106KPHNNNE"; VariantName = "[No Variations]"
Add component (AddParameter): Name = "Package"; Value = "None"; VariantName = "[No Variations]"
Add component (AddParameter): Name = "Price"; Value = "None"; VariantName = "[No Variations]"
Add component (AddParameter): Name = "Value"; Value = ""; VariantName = "[No Variations]"
Added Component: Designator=C13(CAPC2012X135N)
Add component (AddParameter): Name = "Availability"; Value = "Unavailable"; VariantName = "[No Variations]"
Add component (AddParameter): Name = "MF"; Value = ""; VariantName = "[No Variations]"
Add component (AddParameter): Name = "MP"; Value = "CL31A106KPHNNNE"; VariantName = "[No Variations]"
Add component (AddParameter): Name = "Package"; Value = "None"; VariantName = "[No Variations]"
Add component (AddParameter): Name = "Price"; Value = "None"; VariantName = "[No Variations]"
Add component (AddParameter): Name = "Value"; Value = ""; VariantName = "[No Variations]"
Added Component: Designator=C14(CAPC2012X135N)
Add component (AddParameter): Name = "Supplier 1"; Value = "Digikey"; VariantName = "[No Variations]"
Add component (AddParameter): Name = "Supplier Part Number 1"; Value = "1763-1217-1-ND"; VariantName = "[No Variations]"
Added Component: Designator=D1(LTST-BILED-15X16)
Add component (AddParameter): Name = "Availability"; Value = "In Stock"; VariantName = "[No Variations]"
Add component (AddParameter): Name = "Check_prices"; Value = "https://www.snapeda.com/parts/LTST-C195KGJRKT/Lite-On+Inc./view-part/?ref=eda"; VariantName = "[No Variations]"
Add component (AddParameter): Name = "MF"; Value = "Lite-On Inc."; VariantName = "[No Variations]"
Add component (AddParameter): Name = "MP"; Value = "LTST-C195KGJRKT"; VariantName = "[No Variations]"
Add component (AddParameter): Name = "Package"; Value = "None"; VariantName = "[No Variations]"
Add component (AddParameter): Name = "Price"; Value = "None"; VariantName = "[No Variations]"
Add component (AddParameter): Name = "Purchase-URL"; Value = "https://pricing.snapeda.com/search?q=LTST-C195KGJRKT&ref=eda"; VariantName = "[No Variations]"
Add component (AddParameter): Name = "SnapEDA_Link"; Value = "https://www.snapeda.com/parts/LTST-C195KGJRKT/Lite-On+Inc./view-part/?ref=snap"; VariantName = "[No Variations]"
Add component (AddParameter): Name = "Value"; Value = ""; VariantName = "[No Variations]"
Added Component: Designator=D2(DIOM4325X250N)
Add component (AddParameter): Name = "Availability"; Value = "In Stock"; VariantName = "[No Variations]"
Add component (AddParameter): Name = "Check_prices"; Value = "https://www.snapeda.com/parts/SS115/Taiwan+Semiconductor/view-part/?ref=eda"; VariantName = "[No Variations]"
Add component (AddParameter): Name = "MF"; Value = "Taiwan Semiconductor"; VariantName = "[No Variations]"
Add component (AddParameter): Name = "MP"; Value = "SS115"; VariantName = "[No Variations]"
Add component (AddParameter): Name = "Package"; Value = "DO-214AC-2 Taiwan Semiconductor"; VariantName = "[No Variations]"
Add component (AddParameter): Name = "Price"; Value = "None"; VariantName = "[No Variations]"
Add component (AddParameter): Name = "Purchase-URL"; Value = "https://pricing.snapeda.com/search/part/SS115/?ref=eda"; VariantName = "[No Variations]"
Add component (AddParameter): Name = "SnapEDA_Link"; Value = "https://www.snapeda.com/parts/SS115/Taiwan+Semiconductor/view-part/?ref=snap"; VariantName = "[No Variations]"
Add component (AddParameter): Name = "Supplier 1"; Value = "Digikey"; VariantName = "[No Variations]"
Add component (AddParameter): Name = "Supplier Part Number 1"; Value = "1801-SS115TR-ND"; VariantName = "[No Variations]"
Add component (AddParameter): Name = "Value"; Value = ""; VariantName = "[No Variations]"
Added Component: Designator=J1(TE_826646-4)
Add component (AddParameter): Name = "Arrow_Europe-Purchase-URL"; Value = "https://snapeda.com/shop?store=Arrow+Europe&id=2389610"; VariantName = "[No Variations]"
Add component (AddParameter): Name = "Availability"; Value = "Good"; VariantName = "[No Variations]"
Add component (AddParameter): Name = "DigiKey-Purchase-URL"; Value = "https://snapeda.com/shop?store=DigiKey&id=2389610"; VariantName = "[No Variations]"
Add component (AddParameter): Name = "EU_RoHS_Compliance"; Value = "Compliant"; VariantName = "[No Variations]"
Add component (AddParameter): Name = "MF"; Value = "TE Connectivity"; VariantName = "[No Variations]"
Add component (AddParameter): Name = "Mouser-Purchase-URL"; Value = "https://snapeda.com/shop?store=Mouser&id=2389610"; VariantName = "[No Variations]"
Add component (AddParameter): Name = "MP"; Value = "826646-4"; VariantName = "[No Variations]"
Add component (AddParameter): Name = "Package"; Value = "None"; VariantName = "[No Variations]"
Add component (AddParameter): Name = "Price"; Value = "None"; VariantName = "[No Variations]"
Add component (AddParameter): Name = "SnapEDA_Link"; Value = "https://www.snapeda.com/parts/826646-4/TE%20Connectivity%20AMP%20Connectors/view-part/2389610/?ref=snap"; VariantName = "[No Variations]"
Add component (AddParameter): Name = "Value"; Value = ""; VariantName = "[No Variations]"
Added Component: Designator=J2(HRO_TYPE-C-31-M-12)
Add component (AddParameter): Name = "Availability"; Value = "Not in stock"; VariantName = "[No Variations]"
Add component (AddParameter): Name = "Check_prices"; Value = "https://www.snapeda.com/parts/TYPE-C-31-M-12/HRO+Electronics+Co.%252C+Ltd./view-part/?ref=eda"; VariantName = "[No Variations]"
Add component (AddParameter): Name = "MF"; Value = "HRO Electronics Co., Ltd."; VariantName = "[No Variations]"
Add component (AddParameter): Name = "MP"; Value = "TYPE-C-31-M-12"; VariantName = "[No Variations]"
Add component (AddParameter): Name = "Package"; Value = "Package"; VariantName = "[No Variations]"
Add component (AddParameter): Name = "Price"; Value = "None"; VariantName = "[No Variations]"
Add component (AddParameter): Name = "SnapEDA_Link"; Value = "https://www.snapeda.com/parts/TYPE-C-31-M-12/HRO+Electronics+Co.%252C+Ltd./view-part/?ref=snap"; VariantName = "[No Variations]"
Add component (AddParameter): Name = "Value"; Value = ""; VariantName = "[No Variations]"
Added Component: Designator=J3(TE_826646-2)
Add component (AddParameter): Name = "Availability"; Value = "Good"; VariantName = "[No Variations]"
Add component (AddParameter): Name = "Centerline_Pitch"; Value = "2.54 mm[.1 in]"; VariantName = "[No Variations]"
Add component (AddParameter): Name = "DigiKey-Purchase-URL"; Value = "https://snapeda.com/shop?store=DigiKey&id=470405"; VariantName = "[No Variations]"
Add component (AddParameter): Name = "EU_RoHS_Compliance"; Value = "Compliant"; VariantName = "[No Variations]"
Add component (AddParameter): Name = "MF"; Value = "TE Connectivity"; VariantName = "[No Variations]"
Add component (AddParameter): Name = "Mouser-Purchase-URL"; Value = "https://snapeda.com/shop?store=Mouser&id=470405"; VariantName = "[No Variations]"
Add component (AddParameter): Name = "MP"; Value = "826646-2"; VariantName = "[No Variations]"
Add component (AddParameter): Name = "Number_of_Positions"; Value = "2"; VariantName = "[No Variations]"
Add component (AddParameter): Name = "Package"; Value = "None"; VariantName = "[No Variations]"
Add component (AddParameter): Name = "Price"; Value = "None"; VariantName = "[No Variations]"
Add component (AddParameter): Name = "Product_Type"; Value = "Connector"; VariantName = "[No Variations]"
Add component (AddParameter): Name = "SnapEDA_Link"; Value = "https://www.snapeda.com/parts/826646-2/TE%20Connectivity%20AMP%20Connectors/view-part/470405/?ref=snap"; VariantName = "[No Variations]"
Add component (AddParameter): Name = "Value"; Value = ""; VariantName = "[No Variations]"
Add Component: Footprint Not Found IND_ASPI-0630LR-150M-T15
Added Component: Designator=R1(RESC2012X65N)
Added Component: Designator=R2(RESC2012X65N)
Added Component: Designator=R3(RESC2012X65N)
Add component (AddParameter): Name = "Supplier 1"; Value = "Mouser"; VariantName = "[No Variations]"
Add component (AddParameter): Name = "Supplier Part Number 1"; Value = "303-0805W8F1001T5E"; VariantName = "[No Variations]"
Added Component: Designator=R4(RESC2012X65N)
Add component (AddParameter): Name = "Supplier 1"; Value = "Mouser"; VariantName = "[No Variations]"
Add component (AddParameter): Name = "Supplier Part Number 1"; Value = "303-0805W8F1001T5E"; VariantName = "[No Variations]"
Added Component: Designator=R5(RESC2012X65N)
Added Component: Designator=R6(RESC2012X65N)
Add component (AddParameter): Name = "Supplier 1"; Value = "Mouser"; VariantName = "[No Variations]"
Add component (AddParameter): Name = "Supplier Part Number 1"; Value = "303-0805W8F1001T5E"; VariantName = "[No Variations]"
Added Component: Designator=R7(RESC2012X65N)
Add component (AddParameter): Name = "Supplier 1"; Value = "Mouser"; VariantName = "[No Variations]"
Add component (AddParameter): Name = "Supplier Part Number 1"; Value = "303-0805W8F1001T5E"; VariantName = "[No Variations]"
Added Component: Designator=S1(touch pad 1 cm)
Added Component: Designator=S2(SW_EG1215AA)
Add component (AddParameter): Name = "Check_prices"; Value = "https://www.snapeda.com/parts/EG1215AA/E-Switch/view-part/?ref=eda"; VariantName = "[No Variations]"
Add component (AddParameter): Name = "Digi-Key_Part_Number"; Value = ""; VariantName = "[No Variations]"
Add component (AddParameter): Name = "MF"; Value = "E-Switch"; VariantName = "[No Variations]"
Add component (AddParameter): Name = "MP"; Value = "EG1215AA"; VariantName = "[No Variations]"
Add component (AddParameter): Name = "Package"; Value = "None"; VariantName = "[No Variations]"
Add component (AddParameter): Name = "Purchase-URL"; Value = "https://pricing.snapeda.com/search/part/EG1215AA/?ref=eda"; VariantName = "[No Variations]"
Add component (AddParameter): Name = "SnapEDA_Link"; Value = "https://www.snapeda.com/parts/EG1215AA/E-Switch/view-part/?ref=snap"; VariantName = "[No Variations]"
Add component (AddParameter): Name = "Value"; Value = ""; VariantName = "[No Variations]"
Added Component: Designator=U1_A(LED_WS2812C-2020)
Add component (AddParameter): Name = "Check_prices"; Value = "https://www.snapeda.com/parts/WS2812C-2020/Worldsemi/view-part/?ref=eda"; VariantName = "[No Variations]"
Add component (AddParameter): Name = "MF"; Value = "Worldsemi"; VariantName = "[No Variations]"
Add component (AddParameter): Name = "MP"; Value = "WS2812C-2020"; VariantName = "[No Variations]"
Add component (AddParameter): Name = "Package"; Value = "Package"; VariantName = "[No Variations]"
Add component (AddParameter): Name = "SnapEDA_Link"; Value = "https://www.snapeda.com/parts/WS2812C-2020/Worldsemi/view-part/?ref=snap"; VariantName = "[No Variations]"
Add component (AddParameter): Name = "Value"; Value = ""; VariantName = "[No Variations]"
Added Component: Designator=U1_B(LED_WS2812C-2020)
Add component (AddParameter): Name = "Check_prices"; Value = "https://www.snapeda.com/parts/WS2812C-2020/Worldsemi/view-part/?ref=eda"; VariantName = "[No Variations]"
Add component (AddParameter): Name = "MF"; Value = "Worldsemi"; VariantName = "[No Variations]"
Add component (AddParameter): Name = "MP"; Value = "WS2812C-2020"; VariantName = "[No Variations]"
Add component (AddParameter): Name = "Package"; Value = "Package"; VariantName = "[No Variations]"
Add component (AddParameter): Name = "SnapEDA_Link"; Value = "https://www.snapeda.com/parts/WS2812C-2020/Worldsemi/view-part/?ref=snap"; VariantName = "[No Variations]"
Add component (AddParameter): Name = "Value"; Value = ""; VariantName = "[No Variations]"
Added Component: Designator=U2_A(LED_WS2812C-2020)
Add component (AddParameter): Name = "Check_prices"; Value = "https://www.snapeda.com/parts/WS2812C-2020/Worldsemi/view-part/?ref=eda"; VariantName = "[No Variations]"
Add component (AddParameter): Name = "MF"; Value = "Worldsemi"; VariantName = "[No Variations]"
Add component (AddParameter): Name = "MP"; Value = "WS2812C-2020"; VariantName = "[No Variations]"
Add component (AddParameter): Name = "Package"; Value = "Package"; VariantName = "[No Variations]"
Add component (AddParameter): Name = "SnapEDA_Link"; Value = "https://www.snapeda.com/parts/WS2812C-2020/Worldsemi/view-part/?ref=snap"; VariantName = "[No Variations]"
Add component (AddParameter): Name = "Value"; Value = ""; VariantName = "[No Variations]"
Added Component: Designator=U2_B(LED_WS2812C-2020)
Add component (AddParameter): Name = "Check_prices"; Value = "https://www.snapeda.com/parts/WS2812C-2020/Worldsemi/view-part/?ref=eda"; VariantName = "[No Variations]"
Add component (AddParameter): Name = "MF"; Value = "Worldsemi"; VariantName = "[No Variations]"
Add component (AddParameter): Name = "MP"; Value = "WS2812C-2020"; VariantName = "[No Variations]"
Add component (AddParameter): Name = "Package"; Value = "Package"; VariantName = "[No Variations]"
Add component (AddParameter): Name = "SnapEDA_Link"; Value = "https://www.snapeda.com/parts/WS2812C-2020/Worldsemi/view-part/?ref=snap"; VariantName = "[No Variations]"
Add component (AddParameter): Name = "Value"; Value = ""; VariantName = "[No Variations]"
Added Component: Designator=U3_A(LED_WS2812C-2020)
Add component (AddParameter): Name = "Check_prices"; Value = "https://www.snapeda.com/parts/WS2812C-2020/Worldsemi/view-part/?ref=eda"; VariantName = "[No Variations]"
Add component (AddParameter): Name = "MF"; Value = "Worldsemi"; VariantName = "[No Variations]"
Add component (AddParameter): Name = "MP"; Value = "WS2812C-2020"; VariantName = "[No Variations]"
Add component (AddParameter): Name = "Package"; Value = "Package"; VariantName = "[No Variations]"
Add component (AddParameter): Name = "SnapEDA_Link"; Value = "https://www.snapeda.com/parts/WS2812C-2020/Worldsemi/view-part/?ref=snap"; VariantName = "[No Variations]"
Add component (AddParameter): Name = "Value"; Value = ""; VariantName = "[No Variations]"
Added Component: Designator=U3_B(LED_WS2812C-2020)
Add component (AddParameter): Name = "Check_prices"; Value = "https://www.snapeda.com/parts/WS2812C-2020/Worldsemi/view-part/?ref=eda"; VariantName = "[No Variations]"
Add component (AddParameter): Name = "MF"; Value = "Worldsemi"; VariantName = "[No Variations]"
Add component (AddParameter): Name = "MP"; Value = "WS2812C-2020"; VariantName = "[No Variations]"
Add component (AddParameter): Name = "Package"; Value = "Package"; VariantName = "[No Variations]"
Add component (AddParameter): Name = "SnapEDA_Link"; Value = "https://www.snapeda.com/parts/WS2812C-2020/Worldsemi/view-part/?ref=snap"; VariantName = "[No Variations]"
Add component (AddParameter): Name = "Value"; Value = ""; VariantName = "[No Variations]"
Added Component: Designator=U4_A(LED_WS2812C-2020)
Add component (AddParameter): Name = "Check_prices"; Value = "https://www.snapeda.com/parts/WS2812C-2020/Worldsemi/view-part/?ref=eda"; VariantName = "[No Variations]"
Add component (AddParameter): Name = "MF"; Value = "Worldsemi"; VariantName = "[No Variations]"
Add component (AddParameter): Name = "MP"; Value = "WS2812C-2020"; VariantName = "[No Variations]"
Add component (AddParameter): Name = "Package"; Value = "Package"; VariantName = "[No Variations]"
Add component (AddParameter): Name = "SnapEDA_Link"; Value = "https://www.snapeda.com/parts/WS2812C-2020/Worldsemi/view-part/?ref=snap"; VariantName = "[No Variations]"
Add component (AddParameter): Name = "Value"; Value = ""; VariantName = "[No Variations]"
Added Component: Designator=U4_B(LED_WS2812C-2020)
Add component (AddParameter): Name = "Check_prices"; Value = "https://www.snapeda.com/parts/WS2812C-2020/Worldsemi/view-part/?ref=eda"; VariantName = "[No Variations]"
Add component (AddParameter): Name = "MF"; Value = "Worldsemi"; VariantName = "[No Variations]"
Add component (AddParameter): Name = "MP"; Value = "WS2812C-2020"; VariantName = "[No Variations]"
Add component (AddParameter): Name = "Package"; Value = "Package"; VariantName = "[No Variations]"
Add component (AddParameter): Name = "SnapEDA_Link"; Value = "https://www.snapeda.com/parts/WS2812C-2020/Worldsemi/view-part/?ref=snap"; VariantName = "[No Variations]"
Add component (AddParameter): Name = "Value"; Value = ""; VariantName = "[No Variations]"
Added Component: Designator=U5_A(LED_WS2812C-2020)
Add component (AddParameter): Name = "Check_prices"; Value = "https://www.snapeda.com/parts/WS2812C-2020/Worldsemi/view-part/?ref=eda"; VariantName = "[No Variations]"
Add component (AddParameter): Name = "MF"; Value = "Worldsemi"; VariantName = "[No Variations]"
Add component (AddParameter): Name = "MP"; Value = "WS2812C-2020"; VariantName = "[No Variations]"
Add component (AddParameter): Name = "Package"; Value = "Package"; VariantName = "[No Variations]"
Add component (AddParameter): Name = "SnapEDA_Link"; Value = "https://www.snapeda.com/parts/WS2812C-2020/Worldsemi/view-part/?ref=snap"; VariantName = "[No Variations]"
Add component (AddParameter): Name = "Value"; Value = ""; VariantName = "[No Variations]"
Added Component: Designator=U5_B(LED_WS2812C-2020)
Add component (AddParameter): Name = "Check_prices"; Value = "https://www.snapeda.com/parts/WS2812C-2020/Worldsemi/view-part/?ref=eda"; VariantName = "[No Variations]"
Add component (AddParameter): Name = "MF"; Value = "Worldsemi"; VariantName = "[No Variations]"
Add component (AddParameter): Name = "MP"; Value = "WS2812C-2020"; VariantName = "[No Variations]"
Add component (AddParameter): Name = "Package"; Value = "Package"; VariantName = "[No Variations]"
Add component (AddParameter): Name = "SnapEDA_Link"; Value = "https://www.snapeda.com/parts/WS2812C-2020/Worldsemi/view-part/?ref=snap"; VariantName = "[No Variations]"
Add component (AddParameter): Name = "Value"; Value = ""; VariantName = "[No Variations]"
Added Component: Designator=U6_A(LED_WS2812C-2020)
Add component (AddParameter): Name = "Check_prices"; Value = "https://www.snapeda.com/parts/WS2812C-2020/Worldsemi/view-part/?ref=eda"; VariantName = "[No Variations]"
Add component (AddParameter): Name = "MF"; Value = "Worldsemi"; VariantName = "[No Variations]"
Add component (AddParameter): Name = "MP"; Value = "WS2812C-2020"; VariantName = "[No Variations]"
Add component (AddParameter): Name = "Package"; Value = "Package"; VariantName = "[No Variations]"
Add component (AddParameter): Name = "SnapEDA_Link"; Value = "https://www.snapeda.com/parts/WS2812C-2020/Worldsemi/view-part/?ref=snap"; VariantName = "[No Variations]"
Add component (AddParameter): Name = "Value"; Value = ""; VariantName = "[No Variations]"
Added Component: Designator=U6_B(LED_WS2812C-2020)
Add component (AddParameter): Name = "Check_prices"; Value = "https://www.snapeda.com/parts/WS2812C-2020/Worldsemi/view-part/?ref=eda"; VariantName = "[No Variations]"
Add component (AddParameter): Name = "MF"; Value = "Worldsemi"; VariantName = "[No Variations]"
Add component (AddParameter): Name = "MP"; Value = "WS2812C-2020"; VariantName = "[No Variations]"
Add component (AddParameter): Name = "Package"; Value = "Package"; VariantName = "[No Variations]"
Add component (AddParameter): Name = "SnapEDA_Link"; Value = "https://www.snapeda.com/parts/WS2812C-2020/Worldsemi/view-part/?ref=snap"; VariantName = "[No Variations]"
Add component (AddParameter): Name = "Value"; Value = ""; VariantName = "[No Variations]"
Added Component: Designator=U7_A(LED_WS2812C-2020)
Add component (AddParameter): Name = "Check_prices"; Value = "https://www.snapeda.com/parts/WS2812C-2020/Worldsemi/view-part/?ref=eda"; VariantName = "[No Variations]"
Add component (AddParameter): Name = "MF"; Value = "Worldsemi"; VariantName = "[No Variations]"
Add component (AddParameter): Name = "MP"; Value = "WS2812C-2020"; VariantName = "[No Variations]"
Add component (AddParameter): Name = "Package"; Value = "Package"; VariantName = "[No Variations]"
Add component (AddParameter): Name = "SnapEDA_Link"; Value = "https://www.snapeda.com/parts/WS2812C-2020/Worldsemi/view-part/?ref=snap"; VariantName = "[No Variations]"
Add component (AddParameter): Name = "Value"; Value = ""; VariantName = "[No Variations]"
Added Component: Designator=U7_B(LED_WS2812C-2020)
Add component (AddParameter): Name = "Check_prices"; Value = "https://www.snapeda.com/parts/WS2812C-2020/Worldsemi/view-part/?ref=eda"; VariantName = "[No Variations]"
Add component (AddParameter): Name = "MF"; Value = "Worldsemi"; VariantName = "[No Variations]"
Add component (AddParameter): Name = "MP"; Value = "WS2812C-2020"; VariantName = "[No Variations]"
Add component (AddParameter): Name = "Package"; Value = "Package"; VariantName = "[No Variations]"
Add component (AddParameter): Name = "SnapEDA_Link"; Value = "https://www.snapeda.com/parts/WS2812C-2020/Worldsemi/view-part/?ref=snap"; VariantName = "[No Variations]"
Add component (AddParameter): Name = "Value"; Value = ""; VariantName = "[No Variations]"
Added Component: Designator=U8(SOT23-6)
Add component (AddParameter): Name = "Availability"; Value = "Not in stock"; VariantName = "[No Variations]"
Add component (AddParameter): Name = "Check_prices"; Value = "https://www.snapeda.com/parts/TTP223-BA6/TONTEK/view-part/?ref=eda"; VariantName = "[No Variations]"
Add component (AddParameter): Name = "MF"; Value = "tontek"; VariantName = "[No Variations]"
Add component (AddParameter): Name = "MP"; Value = "TTP223-BA6"; VariantName = "[No Variations]"
Add component (AddParameter): Name = "Package"; Value = "None"; VariantName = "[No Variations]"
Add component (AddParameter): Name = "Price"; Value = "None"; VariantName = "[No Variations]"
Add component (AddParameter): Name = "SnapEDA_Link"; Value = "https://www.snapeda.com/parts/TTP223-BA6/TONTEK/view-part/?ref=snap"; VariantName = "[No Variations]"
Add component (AddParameter): Name = "Value"; Value = ""; VariantName = "[No Variations]"
Added Component: Designator=U9(*TSSOP20)
Add component (AddParameter): Name = "Check_prices"; Value = "https://www.snapeda.com/parts/STM32G030F6P6/STMicroelectronics/view-part/?ref=eda"; VariantName = "[No Variations]"
Add component (AddParameter): Name = "MF"; Value = "STMicroelectronics"; VariantName = "[No Variations]"
Add component (AddParameter): Name = "MP"; Value = "STM32G030F6P6"; VariantName = "[No Variations]"
Add component (AddParameter): Name = "Package"; Value = "TSSOP-20 STMicroelectronics"; VariantName = "[No Variations]"
Add component (AddParameter): Name = "SnapEDA_Link"; Value = "https://www.snapeda.com/parts/STM32G030F6P6/STMicroelectronics/view-part/?ref=snap"; VariantName = "[No Variations]"
Add component (AddParameter): Name = "Value"; Value = ""; VariantName = "[No Variations]"
Added Component: Designator=U10(SOIC127P600X160-8N)
Add component (AddParameter): Name = "Check_prices"; Value = "https://www.snapeda.com/parts/CH340N/WCH/view-part/?ref=eda"; VariantName = "[No Variations]"
Add component (AddParameter): Name = "MF"; Value = "WCH"; VariantName = "[No Variations]"
Add component (AddParameter): Name = "MP"; Value = "CH340N"; VariantName = "[No Variations]"
Add component (AddParameter): Name = "Package"; Value = "Package"; VariantName = "[No Variations]"
Add component (AddParameter): Name = "SnapEDA_Link"; Value = "https://www.snapeda.com/parts/CH340N/WCH/view-part/?ref=snap"; VariantName = "[No Variations]"
Add component (AddParameter): Name = "Value"; Value = ""; VariantName = "[No Variations]"
Added Component: Designator=U11(SOT95P280X145-5N)
Add component (AddParameter): Name = "Availability"; Value = "Warning"; VariantName = "[No Variations]"
Add component (AddParameter): Name = "Check_prices"; Value = "https://www.snapeda.com/parts/TLV74330PDBVR/Texas%20Instruments/view-part/2878367/?ref=eda"; VariantName = "[No Variations]"
Add component (AddParameter): Name = "MF"; Value = "Texas Instruments"; VariantName = "[No Variations]"
Add component (AddParameter): Name = "MP"; Value = "TLV74330PDBVR"; VariantName = "[No Variations]"
Add component (AddParameter): Name = "Package"; Value = "SOT-23-5 Texas Instruments"; VariantName = "[No Variations]"
Add component (AddParameter): Name = "Price"; Value = "None"; VariantName = "[No Variations]"
Add component (AddParameter): Name = "Purchase-URL"; Value = "https://pricing.snapeda.com/search/part/TLV74330PDBVR/?ref=eda"; VariantName = "[No Variations]"
Add component (AddParameter): Name = "SnapEDA_Link"; Value = "https://www.snapeda.com/parts/TLV74330PDBVR/Texas%20Instruments/view-part/2878367/?ref=snap"; VariantName = "[No Variations]"
Add component (AddParameter): Name = "Value"; Value = ""; VariantName = "[No Variations]"
Added Component: Designator=U12(SOT23-6)
Add component (AddParameter): Name = "Availability"; Value = "Not in stock"; VariantName = "[No Variations]"
Add component (AddParameter): Name = "Check_prices"; Value = "https://www.snapeda.com/parts/TP4057/Top+Power/view-part/?ref=eda"; VariantName = "[No Variations]"
Add component (AddParameter): Name = "MF"; Value = "toppower"; VariantName = "[No Variations]"
Add component (AddParameter): Name = "MP"; Value = "TP4057"; VariantName = "[No Variations]"
Add component (AddParameter): Name = "Package"; Value = "None"; VariantName = "[No Variations]"
Add component (AddParameter): Name = "Price"; Value = "None"; VariantName = "[No Variations]"
Add component (AddParameter): Name = "SnapEDA_Link"; Value = "https://www.snapeda.com/parts/TP4057/Top+Power/view-part/?ref=snap"; VariantName = "[No Variations]"
Add component (AddParameter): Name = "Value"; Value = ""; VariantName = "[No Variations]"
Added Component: Designator=U13(SOT95P280X145-6N)
Add component (AddParameter): Name = "Availability"; Value = "Not in stock"; VariantName = "[No Variations]"
Add component (AddParameter): Name = "Check_prices"; Value = "https://www.snapeda.com/parts/MT3608/Aerosemi+Technology+Co.%252C+Ltd/view-part/?ref=eda"; VariantName = "[No Variations]"
Add component (AddParameter): Name = "MF"; Value = "Aerosemi Technology Co., Ltd"; VariantName = "[No Variations]"
Add component (AddParameter): Name = "MP"; Value = "MT3608"; VariantName = "[No Variations]"
Add component (AddParameter): Name = "Package"; Value = "Package"; VariantName = "[No Variations]"
Add component (AddParameter): Name = "Price"; Value = "None"; VariantName = "[No Variations]"
Add component (AddParameter): Name = "SnapEDA_Link"; Value = "https://www.snapeda.com/parts/MT3608/Aerosemi+Technology+Co.%252C+Ltd/view-part/?ref=snap"; VariantName = "[No Variations]"
Add component (AddParameter): Name = "Value"; Value = ""; VariantName = "[No Variations]"
Added Pin To Net: NetName=GND Pin=C1-1
Added Pin To Net: NetName=+3.3V Pin=C1-2
Added Pin To Net: NetName=GND Pin=C2-1
Added Pin To Net: NetName=touchPad Pin=C2-2
Added Pin To Net: NetName=GND Pin=C3-1
Added Pin To Net: NetName=NRST Pin=C3-2
Added Pin To Net: NetName=GND Pin=C4-1
Added Pin To Net: NetName=+3.3V Pin=C4-2
Added Pin To Net: NetName=GND Pin=C5-1
Added Pin To Net: NetName=Batt+ Pin=C6-1
Added Pin To Net: NetName=GND Pin=C6-2
Added Pin To Net: NetName=+3.3V Pin=C7-1
Added Pin To Net: NetName=GND Pin=C7-2
Added Pin To Net: NetName=GND Pin=C8-2
Added Pin To Net: NetName=GND Pin=C9-2
Added Pin To Net: NetName=GND Pin=C10-2
Added Pin To Net: NetName=GND Pin=C11-2
Added Pin To Net: NetName=Vbatt Pin=C12-1
Added Pin To Net: NetName=GND Pin=C12-2
Added Pin To Net: NetName=Vbatt Pin=C13-1
Added Pin To Net: NetName=GND Pin=C13-2
Added Pin To Net: NetName=Vbatt Pin=C14-1
Added Pin To Net: NetName=GND Pin=C14-2
Added Pin To Net: NetName=+3.3V Pin=J1-1
Added Pin To Net: NetName=SWDIO Pin=J1-2
Added Pin To Net: NetName=SWCLK Pin=J1-3
Added Pin To Net: NetName=GND Pin=J1-4
Added Pin To Net: NetName=GND Pin=J2-A1_B12
Added Pin To Net: NetName=GND Pin=J2-B1_A12
Added Pin To Net: NetName=GND Pin=J2-S1
Added Pin To Net: NetName=GND Pin=J2-S2
Added Pin To Net: NetName=GND Pin=J2-S3
Added Pin To Net: NetName=GND Pin=J2-S4
Added Pin To Net: NetName=Batt+ Pin=J3-1
Added Pin To Net: NetName=GND Pin=J3-2
Add Pin To Net: Unknown Pin: Pin L1-1
Added Pin To Net: NetName=GND Pin=R1-1
Added Pin To Net: NetName=GND Pin=R2-2
Added Pin To Net: NetName=GND Pin=R5-1
Added Pin To Net: NetName=GND Pin=R7-1
Added Pin To Net: NetName=touchPad Pin=S1-1
Added Pin To Net: NetName=Batt+ Pin=S2-2
Added Pin To Net: NetName=Vbatt Pin=S2-3
Added Pin To Net: NetName=GND Pin=U1_A-2
Added Pin To Net: NetName=GND Pin=U1_B-2
Added Pin To Net: NetName=GND Pin=U2_A-2
Added Pin To Net: NetName=GND Pin=U2_B-2
Added Pin To Net: NetName=GND Pin=U3_A-2
Added Pin To Net: NetName=GND Pin=U3_B-2
Added Pin To Net: NetName=GND Pin=U4_A-2
Added Pin To Net: NetName=GND Pin=U4_B-2
Added Pin To Net: NetName=GND Pin=U5_A-2
Added Pin To Net: NetName=GND Pin=U5_B-2
Added Pin To Net: NetName=GND Pin=U6_A-2
Added Pin To Net: NetName=GND Pin=U6_B-2
Added Pin To Net: NetName=GND Pin=U7_A-2
Added Pin To Net: NetName=GND Pin=U7_B-2
Added Pin To Net: NetName=touchIn Pin=U8-1
Added Pin To Net: NetName=GND Pin=U8-2
Added Pin To Net: NetName=touchPad Pin=U8-3
Added Pin To Net: NetName=GND Pin=U8-4
Added Pin To Net: NetName=+3.3V Pin=U8-5
Added Pin To Net: NetName=GND Pin=U8-6
Added Pin To Net: NetName=+3.3V Pin=U9-4
Added Pin To Net: NetName=GND Pin=U9-5
Added Pin To Net: NetName=NRST Pin=U9-6
Added Pin To Net: NetName=touchIn Pin=U9-11
Added Pin To Net: NetName=SWDIO Pin=U9-18
Added Pin To Net: NetName=SWCLK Pin=U9-19
Added Pin To Net: NetName=GND Pin=U10-3
Added Pin To Net: NetName=Vbatt Pin=U11-1
Added Pin To Net: NetName=GND Pin=U11-2
Added Pin To Net: NetName=Vbatt Pin=U11-3
Added Pin To Net: NetName=+3.3V Pin=U11-5
Added Pin To Net: NetName=GND Pin=U12-2
Added Pin To Net: NetName=Batt+ Pin=U12-3
Added Pin To Net: NetName=GND Pin=U13-2
Added Pin To Net: NetName=Vbatt Pin=U13-4
Added Pin To Net: NetName=Vbatt Pin=U13-5
Added Pin To Net: NetName=+5V Pin=C9-1
Added Pin To Net: NetName=+5V Pin=C10-1
Added Pin To Net: NetName=+5V Pin=C11-1
Added Pin To Net: NetName=+5V Pin=D2-C
Added Pin To Net: NetName=+5V Pin=R6-2
Added Pin To Net: NetName=+5V Pin=U1_A-4
Added Pin To Net: NetName=+5V Pin=U1_B-4
Added Pin To Net: NetName=+5V Pin=U2_A-4
Added Pin To Net: NetName=+5V Pin=U2_B-4
Added Pin To Net: NetName=+5V Pin=U3_A-4
Added Pin To Net: NetName=+5V Pin=U3_B-4
Added Pin To Net: NetName=+5V Pin=U4_A-4
Added Pin To Net: NetName=+5V Pin=U4_B-4
Added Pin To Net: NetName=+5V Pin=U5_A-4
Added Pin To Net: NetName=+5V Pin=U5_B-4
Added Pin To Net: NetName=+5V Pin=U6_A-4
Added Pin To Net: NetName=+5V Pin=U6_B-4
Added Pin To Net: NetName=+5V Pin=U7_A-4
Added Pin To Net: NetName=+5V Pin=U7_B-4
Added Net: Name=+5V
Added Pin To Net: NetName=DIN_A Pin=U1_A-3
Added Pin To Net: NetName=DIN_A Pin=U9-13
Added Net: Name=DIN_A
Added Pin To Net: NetName=DIN_B Pin=U1_B-3
Added Pin To Net: NetName=DIN_B Pin=U7_A-1
Added Net: Name=DIN_B
Added Pin To Net: NetName=DN Pin=J2-A7
Added Pin To Net: NetName=DN Pin=J2-B7
Added Pin To Net: NetName=DN Pin=U10-2
Added Net: Name=DN
Added Pin To Net: NetName=DOUT_B Pin=U7_B-1
Added Net: Name=DOUT_B
Added Pin To Net: NetName=DP Pin=J2-A6
Added Pin To Net: NetName=DP Pin=J2-B6
Added Pin To Net: NetName=DP Pin=U10-1
Added Net: Name=DP
Added Pin To Net: NetName=fb_boost Pin=R6-1
Added Pin To Net: NetName=fb_boost Pin=R7-2
Added Pin To Net: NetName=fb_boost Pin=U13-3
Added Net: Name=fb_boost
Added Pin To Net: NetName=NetD1_P$1 Pin=D1-P$1
Added Pin To Net: NetName=NetD1_P$1 Pin=R4-1
Added Net: Name=NetD1_P$1
Added Pin To Net: NetName=NetD1_P$2 Pin=D1-P$2
Added Pin To Net: NetName=NetD1_P$2 Pin=R3-1
Added Net: Name=NetD1_P$2
Added Pin To Net: NetName=NetD1_P$3 Pin=D1-P$3
Added Pin To Net: NetName=NetD1_P$3 Pin=U12-5
Added Net: Name=NetD1_P$3
Added Pin To Net: NetName=NetD1_P$4 Pin=D1-P$4
Added Pin To Net: NetName=NetD1_P$4 Pin=U12-1
Added Net: Name=NetD1_P$4
Added Pin To Net: NetName=NetD2_A Pin=D2-A
Added Pin To Net: NetName=NetD2_A Pin=U13-1
Added Net: Name=NetD2_A
Added Pin To Net: NetName=NetJ2_A5 Pin=J2-A5
Added Pin To Net: NetName=NetJ2_A5 Pin=R1-2
Added Net: Name=NetJ2_A5
Added Pin To Net: NetName=NetJ2_B5 Pin=J2-B5
Added Pin To Net: NetName=NetJ2_B5 Pin=R2-1
Added Net: Name=NetJ2_B5
Added Pin To Net: NetName=NetR5_2 Pin=R5-2
Added Pin To Net: NetName=NetR5_2 Pin=U12-6
Added Net: Name=NetR5_2
Added Pin To Net: NetName=NetU1_A_1 Pin=U1_A-1
Added Pin To Net: NetName=NetU1_A_1 Pin=U3_A-3
Added Net: Name=NetU1_A_1
Added Pin To Net: NetName=NetU1_B_1 Pin=U1_B-1
Added Pin To Net: NetName=NetU1_B_1 Pin=U3_B-3
Added Net: Name=NetU1_B_1
Added Pin To Net: NetName=NetU2_A_1 Pin=U2_A-1
Added Pin To Net: NetName=NetU2_A_1 Pin=U5_A-3
Added Net: Name=NetU2_A_1
Added Pin To Net: NetName=NetU2_A_3 Pin=U2_A-3
Added Pin To Net: NetName=NetU2_A_3 Pin=U4_A-1
Added Net: Name=NetU2_A_3
Added Pin To Net: NetName=NetU2_B_1 Pin=U2_B-1
Added Pin To Net: NetName=NetU2_B_1 Pin=U5_B-3
Added Net: Name=NetU2_B_1
Added Pin To Net: NetName=NetU2_B_3 Pin=U2_B-3
Added Pin To Net: NetName=NetU2_B_3 Pin=U4_B-1
Added Net: Name=NetU2_B_3
Added Pin To Net: NetName=NetU3_A_1 Pin=U3_A-1
Added Pin To Net: NetName=NetU3_A_1 Pin=U6_A-3
Added Net: Name=NetU3_A_1
Added Pin To Net: NetName=NetU3_B_1 Pin=U3_B-1
Added Pin To Net: NetName=NetU3_B_1 Pin=U6_B-3
Added Net: Name=NetU3_B_1
Added Pin To Net: NetName=NetU4_A_3 Pin=U4_A-3
Added Pin To Net: NetName=NetU4_A_3 Pin=U6_A-1
Added Net: Name=NetU4_A_3
Added Pin To Net: NetName=NetU4_B_3 Pin=U4_B-3
Added Pin To Net: NetName=NetU4_B_3 Pin=U6_B-1
Added Net: Name=NetU4_B_3
Added Pin To Net: NetName=NetU5_A_1 Pin=U5_A-1
Added Pin To Net: NetName=NetU5_A_1 Pin=U7_A-3
Added Net: Name=NetU5_A_1
Added Pin To Net: NetName=NetU5_B_1 Pin=U5_B-1
Added Pin To Net: NetName=NetU5_B_1 Pin=U7_B-3
Added Net: Name=NetU5_B_1
Added Pin To Net: NetName=RXD Pin=U9-1
Added Pin To Net: NetName=RXD Pin=U10-6
Added Net: Name=RXD
Added Pin To Net: NetName=TXD Pin=U9-20
Added Pin To Net: NetName=TXD Pin=U10-7
Added Net: Name=TXD
Added Pin To Net: NetName=V3 Pin=C5-2
Added Pin To Net: NetName=V3 Pin=U10-8
Added Net: Name=V3
Added Pin To Net: NetName=VUSB+ Pin=C8-1
Added Pin To Net: NetName=VUSB+ Pin=J2-A4_B9
Added Pin To Net: NetName=VUSB+ Pin=J2-B4_A9
Added Pin To Net: NetName=VUSB+ Pin=R3-2
Added Pin To Net: NetName=VUSB+ Pin=R4-2
Added Pin To Net: NetName=VUSB+ Pin=U10-5
Added Pin To Net: NetName=VUSB+ Pin=U12-4
Added Net: Name=VUSB+
Added Class: Name=A
Added Class: Name=B
Added Class: Name=PS1
Added Class: Name=uC1
Added Member To Class: ClassName=LED Matrix Member=A (LED Matrix.SchDoc)
Added Member To Class: ClassName=LED Matrix Member=B (LED Matrix.SchDoc)
Added Rule: Name=Schematic Supply Nets
Added Rule: Name=Schematic Supply Nets_1
