Replace Part C5 CL10B104KB8NNNC in D:\Abdullah\projects\LED Dice\circuits\LED Dice v2\power and comms.SchDoc with CL10B104KB8NNNC from Cap 0603 MLCC.IntLib
Replace Part C6 CL31A106KPHNNNE in D:\Abdullah\projects\LED Dice\circuits\LED Dice v2\power and comms.SchDoc with CL31A106KPHNNNE from CL31A106KPHNNNE.IntLib
Replace Part C7 0805B105K500NT in D:\Abdullah\projects\LED Dice\circuits\LED Dice v2\power and comms.SchDoc with 0805B105K500NT from Cap 0805 MLCC.IntLib
Replace Part C8 CL31A106KPHNNNE in D:\Abdullah\projects\LED Dice\circuits\LED Dice v2\power and comms.SchDoc with CL31A106KPHNNNE from CL31A106KPHNNNE.IntLib
Replace Part C9 CL21A106KAYNNNE in D:\Abdullah\projects\LED Dice\circuits\LED Dice v2\power and comms.SchDoc with CL21A106KAYNNNE from Cap 0805 MLCC.IntLib
Replace Part C10 CL21A106KAYNNNE in D:\Abdullah\projects\LED Dice\circuits\LED Dice v2\power and comms.SchDoc with CL21A106KAYNNNE from Cap 0805 MLCC.IntLib
Replace Part C11 0805B104K500NT in D:\Abdullah\projects\LED Dice\circuits\LED Dice v2\power and comms.SchDoc with 0805B104K500NT from Cap 0805 MLCC.IntLib
Replace Part C12 CL21A106KAYNNNE in D:\Abdullah\projects\LED Dice\circuits\LED Dice v2\power and comms.SchDoc with CL21A106KAYNNNE from Cap 0805 MLCC.IntLib
Replace Part C13 CL21A106KAYNNNE in D:\Abdullah\projects\LED Dice\circuits\LED Dice v2\power and comms.SchDoc with CL21A106KAYNNNE from Cap 0805 MLCC.IntLib
Replace Part C14 0805B104K500NT in D:\Abdullah\projects\LED Dice\circuits\LED Dice v2\power and comms.SchDoc with 0805B104K500NT from Cap 0805 MLCC.IntLib
Replace Part D1 LTST-C195KGJRKT in D:\Abdullah\projects\LED Dice\circuits\LED Dice v2\power and comms.SchDoc with LTST-C195KGJRKT from LTST-C195KGJRKT.IntLib
Replace Part D2 SS115 in D:\Abdullah\projects\LED Dice\circuits\LED Dice v2\power and comms.SchDoc with SS115 from SS115.IntLib
Replace Part J2 TYPE-C-31-M-12 in D:\Abdullah\projects\LED Dice\circuits\LED Dice v2\power and comms.SchDoc with TYPE-C-31-M-12 from TYPE-C-31-M-12.IntLib
Replace Part J3 826646-2 in D:\Abdullah\projects\LED Dice\circuits\LED Dice v2\power and comms.SchDoc with 826646-2 from 826646-2.IntLib
Replace Part L1 FXL0630-6R8-M in D:\Abdullah\projects\LED Dice\circuits\LED Dice v2\power and comms.SchDoc with FXL0630-6R8-M from FXL0630-6R8-M.IntLib
Replace Part R1 0805W8F5101T5E in D:\Abdullah\projects\LED Dice\circuits\LED Dice v2\power and comms.SchDoc with 0805W8F5101T5E from CRT0805-BW-1002ELF.IntLib
Replace Part R2 0805W8F5101T5E in D:\Abdullah\projects\LED Dice\circuits\LED Dice v2\power and comms.SchDoc with 0805W8F5101T5E from CRT0805-BW-1002ELF.IntLib
Replace Part R3 0805W8F1001T5E in D:\Abdullah\projects\LED Dice\circuits\LED Dice v2\power and comms.SchDoc with 0805W8F1001T5E from CRT0805-BW-1002ELF.IntLib
Replace Part R4 0805W8F1001T5E in D:\Abdullah\projects\LED Dice\circuits\LED Dice v2\power and comms.SchDoc with 0805W8F1001T5E from CRT0805-BW-1002ELF.IntLib
Replace Part R5 0805W8F5101T5E in D:\Abdullah\projects\LED Dice\circuits\LED Dice v2\power and comms.SchDoc with 0805W8F5101T5E from RES 0805.IntLib
Replace Part R6 0805W8F1103T5E in D:\Abdullah\projects\LED Dice\circuits\LED Dice v2\power and comms.SchDoc with 0805W8F1103T5E from CRT0805-BW-1002ELF.IntLib
Replace Part R7 0805W8F1502T5E in D:\Abdullah\projects\LED Dice\circuits\LED Dice v2\power and comms.SchDoc with 0805W8F1502T5E from CRT0805-BW-1002ELF.IntLib
Replace Part S2 EG1215AA in D:\Abdullah\projects\LED Dice\circuits\LED Dice v2\power and comms.SchDoc with EG1215AA from EG1215AA.IntLib
Replace Part U10 CH340N in D:\Abdullah\projects\LED Dice\circuits\LED Dice v2\power and comms.SchDoc with CH340N from CH340N.IntLib
Replace Part U11 TLV74330PDBVR in D:\Abdullah\projects\LED Dice\circuits\LED Dice v2\power and comms.SchDoc with TLV74330PDBVR from TLV74330PDBVR.IntLib
Replace Part U12 TP4057 in D:\Abdullah\projects\LED Dice\circuits\LED Dice v2\power and comms.SchDoc with TP4057 from TP4057.IntLib
Replace Part U13 MT3608 in D:\Abdullah\projects\LED Dice\circuits\LED Dice v2\power and comms.SchDoc with MT3608 from MT3608.IntLib
