../Core/Src/main.c:194:6:SystemClock_Config	88	static,ignoring_inline_asm
../Core/Src/main.c:395:15:touchDetect	8	static
../Core/Src/main.c:401:6:HAL_TIM_PWM_PulseFinishedCallback	0	static
../Core/Src/main.c:409:6:setLEDData	40	static
../Core/Src/main.c:456:6:setLEDDataExt	40	static
../Core/Src/main.c:505:6:setAllLED	16	static
../Core/Src/main.c:513:6:colorIncrement	0	static
../Core/Src/main.c:123:5:main	96	static,ignoring_inline_asm
../Core/Src/main.c:572:6:Error_Handler	0	static,ignoring_inline_asm
